main.c:85:5:main	8	static
main.c:151:6:SystemClock_Config	184	static
main.c:212:13:MX_TIM1_Init	112	static
main.c:288:13:MX_USART2_UART_Init	8	static
main.c:319:13:MX_DMA_Init	16	static
main.c:336:13:MX_GPIO_Init	40	static
main.c:370:6:HAL_UART_RxCpltCallback	16	static
main.c:390:6:start	8	static
main.c:425:6:dot	8	static
main.c:442:6:dash	8	static
main.c:459:6:ledTiming	16	static
main.c:477:6:space	8	static
main.c:493:6:ledMorseAlphabet	16	static
main.c:588:6:checkLetter	16	static
main.c:617:6:Error_Handler	4	static,ignoring_inline_asm
