main.c:95:5:main	8	static
main.c:169:6:SystemClock_Config	96	static
main.c:218:13:MX_TIM2_Init	40	static
main.c:263:13:MX_USART1_UART_Init	8	static
main.c:296:13:MX_DMA_Init	16	static
main.c:314:13:MX_GPIO_Init	48	static
main.c:553:6:HAL_UART_RxCpltCallback	16	static
main.c:575:6:start	8	static
main.c:610:6:dot	8	static
main.c:627:6:dash	8	static
main.c:644:6:ledTiming	16	static
main.c:662:6:space	8	static
main.c:678:6:ledMorseAlphabet	16	static
main.c:775:6:checkLetter	16	static
main.c:809:6:Error_Handler	4	static,ignoring_inline_asm
