Archive member included to satisfy reference by file (symbol)

c:/st/stm32cubeide_1.7.0/stm32cubeide/plugins/com.st.stm32cube.ide.mcu.externaltools.gnu-tools-for-stm32.9-2020-q2-update.win32_2.0.0.202105311346/tools/bin/../lib/gcc/arm-none-eabi/9.3.1/../../../../arm-none-eabi/lib/thumb/v7e-m+fp/hard\libc_nano.a(lib_a-errno.o)
                              ./Core/Src/syscalls.o (__errno)
c:/st/stm32cubeide_1.7.0/stm32cubeide/plugins/com.st.stm32cube.ide.mcu.externaltools.gnu-tools-for-stm32.9-2020-q2-update.win32_2.0.0.202105311346/tools/bin/../lib/gcc/arm-none-eabi/9.3.1/../../../../arm-none-eabi/lib/thumb/v7e-m+fp/hard\libc_nano.a(lib_a-exit.o)
                              c:/st/stm32cubeide_1.7.0/stm32cubeide/plugins/com.st.stm32cube.ide.mcu.externaltools.gnu-tools-for-stm32.9-2020-q2-update.win32_2.0.0.202105311346/tools/bin/../lib/gcc/arm-none-eabi/9.3.1/../../../../arm-none-eabi/lib/thumb/v7e-m+fp/hard/crt0.o (exit)
c:/st/stm32cubeide_1.7.0/stm32cubeide/plugins/com.st.stm32cube.ide.mcu.externaltools.gnu-tools-for-stm32.9-2020-q2-update.win32_2.0.0.202105311346/tools/bin/../lib/gcc/arm-none-eabi/9.3.1/../../../../arm-none-eabi/lib/thumb/v7e-m+fp/hard\libc_nano.a(lib_a-impure.o)
                              c:/st/stm32cubeide_1.7.0/stm32cubeide/plugins/com.st.stm32cube.ide.mcu.externaltools.gnu-tools-for-stm32.9-2020-q2-update.win32_2.0.0.202105311346/tools/bin/../lib/gcc/arm-none-eabi/9.3.1/../../../../arm-none-eabi/lib/thumb/v7e-m+fp/hard\libc_nano.a(lib_a-exit.o) (_global_impure_ptr)
c:/st/stm32cubeide_1.7.0/stm32cubeide/plugins/com.st.stm32cube.ide.mcu.externaltools.gnu-tools-for-stm32.9-2020-q2-update.win32_2.0.0.202105311346/tools/bin/../lib/gcc/arm-none-eabi/9.3.1/../../../../arm-none-eabi/lib/thumb/v7e-m+fp/hard\libc_nano.a(lib_a-init.o)
                              c:/st/stm32cubeide_1.7.0/stm32cubeide/plugins/com.st.stm32cube.ide.mcu.externaltools.gnu-tools-for-stm32.9-2020-q2-update.win32_2.0.0.202105311346/tools/bin/../lib/gcc/arm-none-eabi/9.3.1/../../../../arm-none-eabi/lib/thumb/v7e-m+fp/hard/crt0.o (__libc_init_array)
c:/st/stm32cubeide_1.7.0/stm32cubeide/plugins/com.st.stm32cube.ide.mcu.externaltools.gnu-tools-for-stm32.9-2020-q2-update.win32_2.0.0.202105311346/tools/bin/../lib/gcc/arm-none-eabi/9.3.1/../../../../arm-none-eabi/lib/thumb/v7e-m+fp/hard\libc_nano.a(lib_a-memcpy-stub.o)
                              ./Middlewares/ST/BlueNRG-MS/hci/controller/bluenrg_gap_aci.o (memcpy)
c:/st/stm32cubeide_1.7.0/stm32cubeide/plugins/com.st.stm32cube.ide.mcu.externaltools.gnu-tools-for-stm32.9-2020-q2-update.win32_2.0.0.202105311346/tools/bin/../lib/gcc/arm-none-eabi/9.3.1/../../../../arm-none-eabi/lib/thumb/v7e-m+fp/hard\libc_nano.a(lib_a-memset.o)
                              c:/st/stm32cubeide_1.7.0/stm32cubeide/plugins/com.st.stm32cube.ide.mcu.externaltools.gnu-tools-for-stm32.9-2020-q2-update.win32_2.0.0.202105311346/tools/bin/../lib/gcc/arm-none-eabi/9.3.1/../../../../arm-none-eabi/lib/thumb/v7e-m+fp/hard/crt0.o (memset)
c:/st/stm32cubeide_1.7.0/stm32cubeide/plugins/com.st.stm32cube.ide.mcu.externaltools.gnu-tools-for-stm32.9-2020-q2-update.win32_2.0.0.202105311346/tools/bin/../lib/gcc/arm-none-eabi/9.3.1/../../../../arm-none-eabi/lib/thumb/v7e-m+fp/hard\libc_nano.a(lib_a-rand.o)
                              ./BlueNRG_MS/App/app_bluenrg_ms.o (srand)
c:/st/stm32cubeide_1.7.0/stm32cubeide/plugins/com.st.stm32cube.ide.mcu.externaltools.gnu-tools-for-stm32.9-2020-q2-update.win32_2.0.0.202105311346/tools/bin/../lib/gcc/arm-none-eabi/9.3.1/../../../../arm-none-eabi/lib/thumb/v7e-m+fp/hard\libc_nano.a(lib_a-snprintf.o)
                              ./BlueNRG_MS/App/app_bluenrg_ms.o (snprintf)
c:/st/stm32cubeide_1.7.0/stm32cubeide/plugins/com.st.stm32cube.ide.mcu.externaltools.gnu-tools-for-stm32.9-2020-q2-update.win32_2.0.0.202105311346/tools/bin/../lib/gcc/arm-none-eabi/9.3.1/../../../../arm-none-eabi/lib/thumb/v7e-m+fp/hard\libc_nano.a(lib_a-strlen.o)
                              ./BlueNRG_MS/App/app_bluenrg_ms.o (strlen)
c:/st/stm32cubeide_1.7.0/stm32cubeide/plugins/com.st.stm32cube.ide.mcu.externaltools.gnu-tools-for-stm32.9-2020-q2-update.win32_2.0.0.202105311346/tools/bin/../lib/gcc/arm-none-eabi/9.3.1/../../../../arm-none-eabi/lib/thumb/v7e-m+fp/hard\libc_nano.a(lib_a-assert.o)
                              c:/st/stm32cubeide_1.7.0/stm32cubeide/plugins/com.st.stm32cube.ide.mcu.externaltools.gnu-tools-for-stm32.9-2020-q2-update.win32_2.0.0.202105311346/tools/bin/../lib/gcc/arm-none-eabi/9.3.1/../../../../arm-none-eabi/lib/thumb/v7e-m+fp/hard\libc_nano.a(lib_a-rand.o) (__assert_func)
c:/st/stm32cubeide_1.7.0/stm32cubeide/plugins/com.st.stm32cube.ide.mcu.externaltools.gnu-tools-for-stm32.9-2020-q2-update.win32_2.0.0.202105311346/tools/bin/../lib/gcc/arm-none-eabi/9.3.1/../../../../arm-none-eabi/lib/thumb/v7e-m+fp/hard\libc_nano.a(lib_a-fprintf.o)
[...]
Memory Configuration

Name             Origin             Length             Attributes
RAM              0x0000000020000000 0x0000000000018000 xrw
RAM2             0x0000000010000000 0x0000000000008000 xrw
FLASH            0x0000000008000000 0x0000000000100000 xr
*default*        0x0000000000000000 0xffffffffffffffff

Linker script and memory map

LOAD c:/st/stm32cubeide_1.7.0/stm32cubeide/plugins/com.st.stm32cube.ide.mcu.externaltools.gnu-tools-for-stm32.9-2020-q2-update.win32_2.0.0.202105311346/tools/bin/../lib/gcc/arm-none-eabi/9.3.1/thumb/v7e-m+fp/hard/crti.o
LOAD c:/st/stm32cubeide_1.7.0/stm32cubeide/plugins/com.st.stm32cube.ide.mcu.externaltools.gnu-tools-for-stm32.9-2020-q2-update.win32_2.0.0.202105311346/tools/bin/../lib/gcc/arm-none-eabi/9.3.1/thumb/v7e-m+fp/hard/crtbegin.o
LOAD c:/st/stm32cubeide_1.7.0/stm32cubeide/plugins/com.st.stm32cube.ide.mcu.externaltools.gnu-tools-for-stm32.9-2020-q2-update.win32_2.0.0.202105311346/tools/bin/../lib/gcc/arm-none-eabi/9.3.1/../../../../arm-none-eabi/lib/thumb/v7e-m+fp/hard/crt0.o
LOAD ./BlueNRG_MS/App/app_bluenrg_ms.o
LOAD ./BlueNRG_MS/App/gatt_db.o
LOAD ./BlueNRG_MS/App/sensor.o
LOAD ./BlueNRG_MS/Target/hci_tl_interface.o
LOAD ./Core/Src/main.o
LOAD ./Core/Src/stm32l4xx_hal_msp.o
LOAD ./Core/Src/stm32l4xx_it.o
LOAD ./Core/Src/syscalls.o
LOAD ./Core/Src/sysmem.o
LOAD ./Core/Src/system_stm32l4xx.o
LOAD ./Core/Startup/startup_stm32l475vgtx.o
LOAD ./Drivers/BSP/B-L475E-IOT01A1/b_l475e_iot01a1.o
LOAD ./Drivers/BSP/B-L475E-IOT01A1/b_l475e_iot01a1_bus.o
LOAD ./Drivers/BSP/B-L475E-IOT01A1/stm32l475e_iot01.o
LOAD ./Drivers/BSP/B-L475E-IOT01A1/stm32l475e_iot01_psensor.o
LOAD ./Drivers/BSP/B-L475E-IOT01A1/stm32l475e_iot01_tsensor.o
LOAD ./Drivers/BSP/Components/hts221/hts221.o
LOAD ./Drivers/BSP/Components/lps22hb/lps22hb.o
LOAD ./Drivers/STM32L4xx_HAL_Driver/Src/stm32l4xx_hal.o
LOAD ./Drivers/STM32L4xx_HAL_Driver/Src/stm32l4xx_hal_cortex.o
LOAD ./Drivers/STM32L4xx_HAL_Driver/Src/stm32l4xx_hal_dfsdm.o
LOAD ./Drivers/STM32L4xx_HAL_Driver/Src/stm32l4xx_hal_dma.o
LOAD ./Drivers/STM32L4xx_HAL_Driver/Src/stm32l4xx_hal_dma_ex.o
LOAD ./Drivers/STM32L4xx_HAL_Driver/Src/stm32l4xx_hal_exti.o
LOAD ./Drivers/STM32L4xx_HAL_Driver/Src/stm32l4xx_hal_flash.o
LOAD ./Drivers/STM32L4xx_HAL_Driver/Src/stm32l4xx_hal_flash_ex.o
LOAD ./Drivers/STM32L4xx_HAL_Driver/Src/stm32l4xx_hal_flash_ramfunc.o
LOAD ./Drivers/STM32L4xx_HAL_Driver/Src/stm32l4xx_hal_gpio.o
LOAD ./Drivers/STM32L4xx_HAL_Driver/Src/stm32l4xx_hal_i2c.o
LOAD ./Drivers/STM32L4xx_HAL_Driver/Src/stm32l4xx_hal_i2c_ex.o
LOAD ./Drivers/STM32L4xx_HAL_Driver/Src/stm32l4xx_hal_pcd.o
LOAD ./Drivers/STM32L4xx_HAL_Driver/Src/stm32l4xx_hal_pcd_ex.o
LOAD ./Drivers/STM32L4xx_HAL_Driver/Src/stm32l4xx_hal_pwr.o
LOAD ./Drivers/STM32L4xx_HAL_Driver/Src/stm32l4xx_hal_pwr_ex.o
LOAD ./Drivers/STM32L4xx_HAL_Driver/Src/stm32l4xx_hal_qspi.o
LOAD ./Drivers/STM32L4xx_HAL_Driver/Src/stm32l4xx_hal_rcc.o
LOAD ./Drivers/STM32L4xx_HAL_Driver/Src/stm32l4xx_hal_rcc_ex.o
LOAD ./Drivers/STM32L4xx_HAL_Driver/Src/stm32l4xx_hal_spi.o
LOAD ./Drivers/STM32L4xx_HAL_Driver/Src/stm32l4xx_hal_spi_ex.o
LOAD ./Drivers/STM32L4xx_HAL_Driver/Src/stm32l4xx_hal_tim.o
LOAD ./Drivers/STM32L4xx_HAL_Driver/Src/stm32l4xx_hal_tim_ex.o
LOAD ./Drivers/STM32L4xx_HAL_Driver/Src/stm32l4xx_hal_uart.o
LOAD ./Drivers/STM32L4xx_HAL_Driver/Src/stm32l4xx_hal_uart_ex.o
LOAD ./Drivers/STM32L4xx_HAL_Driver/Src/stm32l4xx_ll_usb.o
LOAD ./Middlewares/ST/BlueNRG-MS/hci/controller/bluenrg_gap_aci.o
LOAD ./Middlewares/ST/BlueNRG-MS/hci/controller/bluenrg_gatt_aci.o
LOAD ./Middlewares/ST/BlueNRG-MS/hci/controller/bluenrg_hal_aci.o
LOAD ./Middlewares/ST/BlueNRG-MS/hci/controller/bluenrg_l2cap_aci.o
LOAD ./Middlewares/ST/BlueNRG-MS/hci/controller/bluenrg_updater_aci.o
LOAD ./Middlewares/ST/BlueNRG-MS/hci/controller/bluenrg_utils_small.o
LOAD ./Middlewares/ST/BlueNRG-MS/hci/hci_le.o
LOAD ./Middlewares/ST/BlueNRG-MS/hci/hci_tl_patterns/Basic/hci_tl.o
LOAD ./Middlewares/ST/BlueNRG-MS/utils/ble_list.o
START GROUP
LOAD c:/st/stm32cubeide_1.7.0/stm32cubeide/plugins/com.st.stm32cube.ide.mcu.externaltools.gnu-tools-for-stm32.9-2020-q2-update.win32_2.0.0.202105311346/tools/bin/../lib/gcc/arm-none-eabi/9.3.1/../../../../arm-none-eabi/lib/thumb/v7e-m+fp/hard\libc_nano.a
LOAD c:/st/stm32cubeide_1.7.0/stm32cubeide/plugins/com.st.stm32cube.ide.mcu.externaltools.gnu-tools-for-stm32.9-2020-q2-update.win32_2.0.0.202105311346/tools/bin/../lib/gcc/arm-none-eabi/9.3.1/../../../../arm-none-eabi/lib/thumb/v7e-m+fp/hard\libm.a
END GROUP
START GROUP
LOAD c:/st/stm32cubeide_1.7.0/stm32cubeide/plugins/com.st.stm32cube.ide.mcu.externaltools.gnu-tools-for-stm32.9-2020-q2-update.win32_2.0.0.202105311346/tools/bin/../lib/gcc/arm-none-eabi/9.3.1/thumb/v7e-m+fp/hard\libgcc.a
LOAD c:/st/stm32cubeide_1.7.0/stm32cubeide/plugins/com.st.stm32cube.ide.mcu.externaltools.gnu-tools-for-stm32.9-2020-q2-update.win32_2.0.0.202105311346/tools/bin/../lib/gcc/arm-none-eabi/9.3.1/../../../../arm-none-eabi/lib/thumb/v7e-m+fp/hard\libc_nano.a
END GROUP
START GROUP
LOAD c:/st/stm32cubeide_1.7.0/stm32cubeide/plugins/com.st.stm32cube.ide.mcu.externaltools.gnu-tools-for-stm32.9-2020-q2-update.win32_2.0.0.202105311346/tools/bin/../lib/gcc/arm-none-eabi/9.3.1/thumb/v7e-m+fp/hard\libgcc.a
LOAD c:/st/stm32cubeide_1.7.0/stm32cubeide/plugins/com.st.stm32cube.ide.mcu.externaltools.gnu-tools-for-stm32.9-2020-q2-update.win32_2.0.0.202105311346/tools/bin/../lib/gcc/arm-none-eabi/9.3.1/../../../../arm-none-eabi/lib/thumb/v7e-m+fp/hard\libc_nano.a
LOAD c:/st/stm32cubeide_1.7.0/stm32cubeide/plugins/com.st.stm32cube.ide.mcu.externaltools.gnu-tools-for-stm32.9-2020-q2-update.win32_2.0.0.202105311346/tools/bin/../lib/gcc/arm-none-eabi/9.3.1/../../../../arm-none-eabi/lib/thumb/v7e-m+fp/hard\libnosys.a
END GROUP
START GROUP
LOAD c:/st/stm32cubeide_1.7.0/stm32cubeide/plugins/com.st.stm32cube.ide.mcu.externaltools.gnu-tools-for-stm32.9-2020-q2-update.win32_2.0.0.202105311346/tools/bin/../lib/gcc/arm-none-eabi/9.3.1/thumb/v7e-m+fp/hard\libgcc.a
LOAD c:/st/stm32cubeide_1.7.0/stm32cubeide/plugins/com.st.stm32cube.ide.mcu.externaltools.gnu-tools-for-stm32.9-2020-q2-update.win32_2.0.0.202105311346/tools/bin/../lib/gcc/arm-none-eabi/9.3.1/../../../../arm-none-eabi/lib/thumb/v7e-m+fp/hard\libc_nano.a
LOAD c:/st/stm32cubeide_1.7.0/stm32cubeide/plugins/com.st.stm32cube.ide.mcu.externaltools.gnu-tools-for-stm32.9-2020-q2-update.win32_2.0.0.202105311346/tools/bin/../lib/gcc/arm-none-eabi/9.3.1/../../../../arm-none-eabi/lib/thumb/v7e-m+fp/hard\libnosys.a
END GROUP
LOAD c:/st/stm32cubeide_1.7.0/stm32cubeide/plugins/com.st.stm32cube.ide.mcu.externaltools.gnu-tools-for-stm32.9-2020-q2-update.win32_2.0.0.202105311346/tools/bin/../lib/gcc/arm-none-eabi/9.3.1/thumb/v7e-m+fp/hard/crtend.o
LOAD c:/st/stm32cubeide_1.7.0/stm32cubeide/plugins/com.st.stm32cube.ide.mcu.externaltools.gnu-tools-for-stm32.9-2020-q2-update.win32_2.0.0.202105311346/tools/bin/../lib/gcc/arm-none-eabi/9.3.1/thumb/v7e-m+fp/hard/crtn.o
                0x0000000020018000                _estack = (ORIGIN (RAM) + LENGTH (RAM))
                0x0000000000000200                _Min_Heap_Size = 0x200
                0x0000000000000400                _Min_Stack_Size = 0x400

.isr_vector     0x0000000008000000      0x188
                0x0000000008000000                . = ALIGN (0x4)
 *(.isr_vector)
 .isr_vector    0x0000000008000000      0x188 ./Core/Startup/startup_stm32l475vgtx.o
                0x0000000008000000                g_pfnVectors
                0x0000000008000188                . = ALIGN (0x4)

.text           0x0000000008000190     0xb1bc
                0x0000000008000190                . = ALIGN (0x4)
 *(.text)
 .text          0x0000000008000190       0x40 c:/st/stm32cubeide_1.7.0/stm32cubeide/plugins/com.st.stm32cube.ide.mcu.externaltools.gnu-tools-for-stm32.9-2020-q2-update.win32_2.0.0.202105311346/tools/bin/../lib/gcc/arm-none-eabi/9.3.1/thumb/v7e-m+fp/hard/crtbegin.o
 .text          0x00000000080001d0       0x10 c:/st/stm32cubeide_1.7.0/stm32cubeide/plugins/com.st.stm32cube.ide.mcu.externaltools.gnu-tools-for-stm32.9-2020-q2-update.win32_2.0.0.202105311346/tools/bin/../lib/gcc/arm-none-eabi/9.3.1/../../../../arm-none-eabi/lib/thumb/v7e-m+fp/hard\libc_nano.a(lib_a-strlen.o)
                0x00000000080001d0                strlen
 .text          0x00000000080001e0       0xa0 c:/st/stm32cubeide_1.7.0/stm32cubeide/plugins/com.st.stm32cube.ide.mcu.externaltools.gnu-tools-for-stm32.9-2020-q2-update.win32_2.0.0.202105311346/tools/bin/../lib/gcc/arm-none-eabi/9.3.1/../../../../arm-none-eabi/lib/thumb/v7e-m+fp/hard\libc_nano.a(lib_a-memchr.o)
                0x00000000080001e0                memchr
 .text          0x0000000008000280      0x378 c:/st/stm32cubeide_1.7.0/stm32cubeide/plugins/com.st.stm32cube.ide.mcu.externaltools.gnu-tools-for-stm32.9-2020-q2-update.win32_2.0.0.202105311346/tools/bin/../lib/gcc/arm-none-eabi/9.3.1/thumb/v7e-m+fp/hard\libgcc.a(_arm_addsubdf3.o)
                0x0000000008000280                __aeabi_drsub
                0x0000000008000288                __aeabi_dsub
                0x0000000008000288                __subdf3
                0x000000000800028c                __aeabi_dadd
                0x000000000800028c                __adddf3
                0x0000000008000504                __floatunsidf
                0x0000000008000504                __aeabi_ui2d
                0x0000000008000524                __floatsidf
                0x0000000008000524                __aeabi_i2d
                0x0000000008000548                __aeabi_f2d
                0x0000000008000548                __extendsfdf2
                0x000000000800058c                __floatundidf
                0x000000000800058c                __aeabi_ul2d
                0x000000000800059c                __floatdidf
                0x000000000800059c                __aeabi_l2d
 .text          0x00000000080005f8       0x50 c:/st/stm32cubeide_1.7.0/stm32cubeide/plugins/com.st.stm32cube.ide.mcu.externaltools.gnu-tools-for-stm32.9-2020-q2-update.win32_2.0.0.202105311346/tools/bin/../lib/gcc/arm-none-eabi/9.3.1/thumb/v7e-m+fp/hard\libgcc.a(_arm_fixdfsi.o)
                0x00000000080005f8                __aeabi_d2iz
                0x00000000080005f8                __fixdfsi
 .text          0x0000000008000648       0xa0 c:/st/stm32cubeide_1.7.0/stm32cubeide/plugins/com.st.stm32cube.ide.mcu.externaltools.gnu-tools-for-stm32.9-2020-q2-update.win32_2.0.0.202105311346/tools/bin/../lib/gcc/arm-none-eabi/9.3.1/thumb/v7e-m+fp/hard\libgcc.a(_arm_truncdfsf2.o)
                0x0000000008000648                __truncdfsf2
                0x0000000008000648                __aeabi_d2f
 .text          0x00000000080006e8       0x30 c:/st/stm32cubeide_1.7.0/stm32cubeide/plugins/com.st.stm32cube.ide.mcu.externaltools.gnu-tools-for-stm32.9-2020-q2-update.win32_2.0.0.202105311346/tools/bin/../lib/gcc/arm-none-eabi/9.3.1/thumb/v7e-m+fp/hard\libgcc.a(_aeabi_uldivmod.o)
                0x00000000080006e8                __aeabi_uldivmod
 .text          0x0000000008000718      0x2c4 c:/st/stm32cubeide_1.7.0/stm32cubeide/plugins/com.st.stm32cube.ide.mcu.externaltools.gnu-tools-for-stm32.9-2020-q2-update.win32_2.0.0.202105311346/tools/bin/../lib/gcc/arm-none-eabi/9.3.1/thumb/v7e-m+fp/hard\libgcc.a(_udivmoddi4.o)
                0x0000000008000718                __udivmoddi4
 .text          0x00000000080009dc        0x4 c:/st/stm32cubeide_1.7.0/stm32cubeide/plugins/com.st.stm32cube.ide.mcu.externaltools.gnu-tools-for-stm32.9-2020-q2-update.win32_2.0.0.202105311346/tools/bin/../lib/gcc/arm-none-eabi/9.3.1/thumb/v7e-m+fp/hard\libgcc.a(_dvmd_tls.o)
                0x00000000080009dc                __aeabi_idiv0
                0x00000000080009dc                __aeabi_ldiv0
 *(.text*)
 .text.MX_BlueNRG_MS_Init
                0x00000000080009e0      0x150 ./BlueNRG_MS/App/app_bluenrg_ms.o
                0x00000000080009e0                MX_BlueNRG_MS_Init
 .text.MX_BlueNRG_MS_Process
                0x0000000008000b30       0x10 ./BlueNRG_MS/App/app_bluenrg_ms.o
                0x0000000008000b30                MX_BlueNRG_MS_Process
 .text.User_Init
                0x0000000008000b40       0x70 ./BlueNRG_MS/App/app_bluenrg_ms.o
 .text.User_Process
                0x0000000008000bb0       0xd8 ./BlueNRG_MS/App/app_bluenrg_ms.o
 .text.Set_Random_Environmental_Values
                0x0000000008000c88      0x158 ./BlueNRG_MS/App/app_bluenrg_ms.o
 .text.Set_Random_Motion_Values
                0x0000000008000de0      0xc38 ./BlueNRG_MS/App/app_bluenrg_ms.o
 .text.Reset_Motion_Values
                0x0000000008001a18      0x1d4 ./BlueNRG_MS/App/app_bluenrg_ms.o
 .text.BSP_PB_Callback
                0x0000000008001bec       0x20 ./BlueNRG_MS/App/app_bluenrg_ms.o
                0x0000000008001bec                BSP_PB_Callback
 .text.Add_HWServW2ST_Service
                0x0000000008001c0c      0x1b0 ./BlueNRG_MS/App/gatt_db.o
                0x0000000008001c0c                Add_HWServW2ST_Service
 .text.Add_SWServW2ST_Service
                0x0000000008001dbc      0x128 ./BlueNRG_MS/App/gatt_db.o
                0x0000000008001dbc                Add_SWServW2ST_Service
 .text.Acc_Update
                0x0000000008001ee4      0x114 ./BlueNRG_MS/App/gatt_db.o
                0x0000000008001ee4                Acc_Update
 .text.Quat_Update
                0x0000000008001ff8       0x8c ./BlueNRG_MS/App/gatt_db.o
                0x0000000008001ff8                Quat_Update
 .text.Read_Request_CB
                0x0000000008002084      0x180 ./BlueNRG_MS/App/gatt_db.o
                0x0000000008002084                Read_Request_CB
 .text.BlueMS_Environmental_Update
                0x0000000008002204       0x8c ./BlueNRG_MS/App/gatt_db.o
                0x0000000008002204                BlueMS_Environmental_Update
 .text.Set_DeviceConnectable
                0x0000000008002290       0xe8 ./BlueNRG_MS/App/sensor.o
                0x0000000008002290                Set_DeviceConnectable
 .text.user_notify
                0x0000000008002378       0x9e ./BlueNRG_MS/App/sensor.o
                0x0000000008002378                user_notify
 *fill*         0x0000000008002416        0x2 
 .text.GAP_DisconnectionComplete_CB
                0x0000000008002418       0x2c ./BlueNRG_MS/App/sensor.o
                0x0000000008002418                GAP_DisconnectionComplete_CB
 .text.GAP_ConnectionComplete_CB
                0x0000000008002444       0x40 ./BlueNRG_MS/App/sensor.o
                0x0000000008002444                GAP_ConnectionComplete_CB
 .text.HCI_TL_SPI_Init
                0x0000000008002484       0x94 ./BlueNRG_MS/Target/hci_tl_interface.o
                0x0000000008002484                HCI_TL_SPI_Init
 .text.HCI_TL_SPI_DeInit
                0x0000000008002518       0x30 ./BlueNRG_MS/Target/hci_tl_interface.o
                0x0000000008002518                HCI_TL_SPI_DeInit
 .text.HCI_TL_SPI_Reset
                0x0000000008002548       0x44 ./BlueNRG_MS/Target/hci_tl_interface.o
                0x0000000008002548                HCI_TL_SPI_Reset
 .text.HCI_TL_SPI_Receive
                0x000000000800258c       0xb8 ./BlueNRG_MS/Target/hci_tl_interface.o
                0x000000000800258c                HCI_TL_SPI_Receive
 .text.HCI_TL_SPI_Send
                0x0000000008002644       0xac ./BlueNRG_MS/Target/hci_tl_interface.o
                0x0000000008002644                HCI_TL_SPI_Send
 .text.IsDataAvailable
                0x00000000080026f0       0x20 ./BlueNRG_MS/Target/hci_tl_interface.o
 .text.hci_tl_lowlevel_init
                0x0000000008002710       0x74 ./BlueNRG_MS/Target/hci_tl_interface.o
                0x0000000008002710                hci_tl_lowlevel_init
 .text.hci_tl_lowlevel_isr
                0x0000000008002784       0x22 ./BlueNRG_MS/Target/hci_tl_interface.o
                0x0000000008002784                hci_tl_lowlevel_isr
 .text.main     0x00000000080027a6       0x2e ./Core/Src/main.o
                0x00000000080027a6                main
 .text.SystemClock_Config
                0x00000000080027d4       0xc4 ./Core/Src/main.o
                0x00000000080027d4                SystemClock_Config
 .text.MX_DFSDM1_Init
                0x0000000008002898       0x70 ./Core/Src/main.o
 .text.MX_I2C2_Init
                0x0000000008002908       0x7c ./Core/Src/main.o
 .text.MX_QUADSPI_Init
                0x0000000008002984       0x4c ./Core/Src/main.o
 .text.MX_USB_OTG_FS_PCD_Init
                0x00000000080029d0       0x5c ./Core/Src/main.o
 .text.MX_GPIO_Init
                0x0000000008002a2c      0x344 ./Core/Src/main.o
 .text.Error_Handler
                0x0000000008002d70        0xa ./Core/Src/main.o
                0x0000000008002d70                Error_Handler
 *fill*         0x0000000008002d7a        0x2 
 .text.HAL_MspInit
                0x0000000008002d7c       0x48 ./Core/Src/stm32l4xx_hal_msp.o
                0x0000000008002d7c                HAL_MspInit
 .text.HAL_DFSDM_ChannelMspInit
                0x0000000008002dc4       0xc8 ./Core/Src/stm32l4xx_hal_msp.o
                0x0000000008002dc4                HAL_DFSDM_ChannelMspInit
 .text.HAL_I2C_MspInit
                0x0000000008002e8c       0xbc ./Core/Src/stm32l4xx_hal_msp.o
                0x0000000008002e8c                HAL_I2C_MspInit
 .text.HAL_I2C_MspDeInit
                0x0000000008002f48       0x48 ./Core/Src/stm32l4xx_hal_msp.o
                0x0000000008002f48                HAL_I2C_MspDeInit
 .text.HAL_QSPI_MspInit
                0x0000000008002f90       0x88 ./Core/Src/stm32l4xx_hal_msp.o
                0x0000000008002f90                HAL_QSPI_MspInit
 .text.HAL_PCD_MspInit
                0x0000000008003018      0x138 ./Core/Src/stm32l4xx_hal_msp.o
                0x0000000008003018                HAL_PCD_MspInit
 .text.NMI_Handler
                0x0000000008003150        0x6 ./Core/Src/stm32l4xx_it.o
                0x0000000008003150                NMI_Handler
 .text.HardFault_Handler
                0x0000000008003156        0x6 ./Core/Src/stm32l4xx_it.o
                0x0000000008003156                HardFault_Handler
 .text.MemManage_Handler
                0x000000000800315c        0x6 ./Core/Src/stm32l4xx_it.o
                0x000000000800315c                MemManage_Handler
 .text.BusFault_Handler
                0x0000000008003162        0x6 ./Core/Src/stm32l4xx_it.o
                0x0000000008003162                BusFault_Handler
 .text.UsageFault_Handler
                0x0000000008003168        0x6 ./Core/Src/stm32l4xx_it.o
                0x0000000008003168                UsageFault_Handler
 .text.SVC_Handler
                0x000000000800316e        0xe ./Core/Src/stm32l4xx_it.o
                0x000000000800316e                SVC_Handler
 .text.DebugMon_Handler
                0x000000000800317c        0xe ./Core/Src/stm32l4xx_it.o
                0x000000000800317c                DebugMon_Handler
 .text.PendSV_Handler
                0x000000000800318a        0xe ./Core/Src/stm32l4xx_it.o
                0x000000000800318a                PendSV_Handler
 .text.SysTick_Handler
                0x0000000008003198        0xc ./Core/Src/stm32l4xx_it.o
                0x0000000008003198                SysTick_Handler
 .text.EXTI9_5_IRQHandler
                0x00000000080031a4       0x28 ./Core/Src/stm32l4xx_it.o
                0x00000000080031a4                EXTI9_5_IRQHandler
 .text.EXTI15_10_IRQHandler
                0x00000000080031cc       0x34 ./Core/Src/stm32l4xx_it.o
                0x00000000080031cc                EXTI15_10_IRQHandler
 .text._getpid  0x0000000008003200       0x10 ./Core/Src/syscalls.o
                0x0000000008003200                _getpid
 .text._kill    0x0000000008003210       0x20 ./Core/Src/syscalls.o
                0x0000000008003210                _kill
 .text._exit    0x0000000008003230       0x14 ./Core/Src/syscalls.o
                0x0000000008003230                _exit
 .text._read    0x0000000008003244       0x3a ./Core/Src/syscalls.o
                0x0000000008003244                _read
 .text._write   0x000000000800327e       0x38 ./Core/Src/syscalls.o
                0x000000000800327e                _write
 .text._close   0x00000000080032b6       0x18 ./Core/Src/syscalls.o
                0x00000000080032b6                _close
 .text._fstat   0x00000000080032ce       0x20 ./Core/Src/syscalls.o
                0x00000000080032ce                _fstat
 .text._isatty  0x00000000080032ee       0x16 ./Core/Src/syscalls.o
                0x00000000080032ee                _isatty
 .text._lseek   0x0000000008003304       0x1a ./Core/Src/syscalls.o
                0x0000000008003304                _lseek
 *fill*         0x000000000800331e        0x2 
 .text._sbrk    0x0000000008003320       0x6c ./Core/Src/sysmem.o
                0x0000000008003320                _sbrk
 .text.SystemInit
                0x000000000800338c       0x24 ./Core/Src/system_stm32l4xx.o
                0x000000000800338c                SystemInit
 .text.Reset_Handler
                0x00000000080033b0       0x50 ./Core/Startup/startup_stm32l475vgtx.o
                0x00000000080033b0                Reset_Handler
 .text.Default_Handler
                0x0000000008003400        0x2 ./Core/Startup/startup_stm32l475vgtx.o
                0x0000000008003400                RTC_Alarm_IRQHandler
                0x0000000008003400                EXTI2_IRQHandler
                0x0000000008003400                TIM8_TRG_COM_IRQHandler
                0x0000000008003400                TIM8_CC_IRQHandler
                0x0000000008003400                TIM1_CC_IRQHandler
                0x0000000008003400                TSC_IRQHandler
                0x0000000008003400                TAMP_STAMP_IRQHandler
                0x0000000008003400                EXTI3_IRQHandler
                0x0000000008003400                LPTIM2_IRQHandler
                0x0000000008003400                DFSDM1_FLT1_IRQHandler
                0x0000000008003400                I2C3_ER_IRQHandler
                0x0000000008003400                DFSDM1_FLT2_IRQHandler
                0x0000000008003400                EXTI0_IRQHandler
                0x0000000008003400                I2C2_EV_IRQHandler
                0x0000000008003400                CAN1_RX0_IRQHandler
                0x0000000008003400                FPU_IRQHandler
                0x0000000008003400                TIM1_UP_TIM16_IRQHandler
                0x0000000008003400                ADC1_2_IRQHandler
                0x0000000008003400                SPI1_IRQHandler
                0x0000000008003400                TIM6_DAC_IRQHandler
                0x0000000008003400                TIM8_UP_IRQHandler
                0x0000000008003400                DMA2_Channel2_IRQHandler
                0x0000000008003400                DMA1_Channel4_IRQHandler
                0x0000000008003400                SAI2_IRQHandler
                0x0000000008003400                DFSDM1_FLT3_IRQHandler
                0x0000000008003400                USART3_IRQHandler
                0x0000000008003400                DMA1_Channel7_IRQHandler
                0x0000000008003400                CAN1_RX1_IRQHandler
                0x0000000008003400                UART5_IRQHandler
                0x0000000008003400                ADC3_IRQHandler
                0x0000000008003400                TIM4_IRQHandler
                0x0000000008003400                DMA2_Channel1_IRQHandler
                0x0000000008003400                QUADSPI_IRQHandler
                0x0000000008003400                I2C1_EV_IRQHandler
                0x0000000008003400                DMA1_Channel6_IRQHandler
                0x0000000008003400                UART4_IRQHandler
                0x0000000008003400                DMA2_Channel4_IRQHandler
                0x0000000008003400                TIM3_IRQHandler
                0x0000000008003400                RCC_IRQHandler
                0x0000000008003400                DMA1_Channel1_IRQHandler
                0x0000000008003400                Default_Handler
                0x0000000008003400                DMA2_Channel7_IRQHandler
                0x0000000008003400                TIM7_IRQHandler
                0x0000000008003400                SDMMC1_IRQHandler
                0x0000000008003400                TIM5_IRQHandler
                0x0000000008003400                I2C3_EV_IRQHandler
                0x0000000008003400                RTC_WKUP_IRQHandler
                0x0000000008003400                PVD_PVM_IRQHandler
                0x0000000008003400                SPI2_IRQHandler
                0x0000000008003400                CAN1_TX_IRQHandler
                0x0000000008003400                DMA2_Channel5_IRQHandler
                0x0000000008003400                DMA1_Channel5_IRQHandler
                0x0000000008003400                EXTI4_IRQHandler
                0x0000000008003400                RNG_IRQHandler
                0x0000000008003400                TIM1_TRG_COM_TIM17_IRQHandler
                0x0000000008003400                DMA1_Channel3_IRQHandler
                0x0000000008003400                COMP_IRQHandler
                0x0000000008003400                WWDG_IRQHandler
                0x0000000008003400                LPUART1_IRQHandler
                0x0000000008003400                DMA2_Channel6_IRQHandler
                0x0000000008003400                TIM2_IRQHandler
                0x0000000008003400                EXTI1_IRQHandler
                0x0000000008003400                USART2_IRQHandler
                0x0000000008003400                DFSDM1_FLT0_IRQHandler
                0x0000000008003400                I2C2_ER_IRQHandler
                0x0000000008003400                DMA1_Channel2_IRQHandler
                0x0000000008003400                TIM8_BRK_IRQHandler
                0x0000000008003400                CAN1_SCE_IRQHandler
                0x0000000008003400                FLASH_IRQHandler
                0x0000000008003400                USART1_IRQHandler
                0x0000000008003400                OTG_FS_IRQHandler
                0x0000000008003400                SPI3_IRQHandler
                0x0000000008003400                I2C1_ER_IRQHandler
                0x0000000008003400                FMC_IRQHandler
                0x0000000008003400                SWPMI1_IRQHandler
                0x0000000008003400                LPTIM1_IRQHandler
                0x0000000008003400                SAI1_IRQHandler
                0x0000000008003400                DMA2_Channel3_IRQHandler
                0x0000000008003400                TIM1_BRK_TIM15_IRQHandler
 *fill*         0x0000000008003402        0x2 
 .text.BSP_LED_Init
                0x0000000008003404       0x24 ./Drivers/BSP/B-L475E-IOT01A1/b_l475e_iot01a1.o
                0x0000000008003404                BSP_LED_Init
 .text.BSP_LED_Toggle
                0x0000000008003428       0x2c ./Drivers/BSP/B-L475E-IOT01A1/b_l475e_iot01a1.o
                0x0000000008003428                BSP_LED_Toggle
 .text.LED_USER_GPIO_Init
                0x0000000008003454       0x80 ./Drivers/BSP/B-L475E-IOT01A1/b_l475e_iot01a1.o
 .text.BSP_PB_Init
                0x00000000080034d4       0xa8 ./Drivers/BSP/B-L475E-IOT01A1/b_l475e_iot01a1.o
                0x00000000080034d4                BSP_PB_Init
 .text.BSP_PB_GetState
                0x000000000800357c       0x38 ./Drivers/BSP/B-L475E-IOT01A1/b_l475e_iot01a1.o
                0x000000000800357c                BSP_PB_GetState
 .text.BUTTON_USER_EXTI_Callback
                0x00000000080035b4        0xe ./Drivers/BSP/B-L475E-IOT01A1/b_l475e_iot01a1.o
 *fill*         0x00000000080035c2        0x2 
 .text.BUTTON_USER_GPIO_Init
                0x00000000080035c4       0x74 ./Drivers/BSP/B-L475E-IOT01A1/b_l475e_iot01a1.o
 .text.BSP_COM_Init
                0x0000000008003638       0x7c ./Drivers/BSP/B-L475E-IOT01A1/b_l475e_iot01a1.o
                0x0000000008003638                BSP_COM_Init
 .text.MX_USART1_UART_Init
                0x00000000080036b4       0x68 ./Drivers/BSP/B-L475E-IOT01A1/b_l475e_iot01a1.o
                0x00000000080036b4                MX_USART1_UART_Init
 .text.__io_putchar
                0x000000000800371c       0x38 ./Drivers/BSP/B-L475E-IOT01A1/b_l475e_iot01a1.o
                0x000000000800371c                __io_putchar
 .text.USART1_MspInit
                0x0000000008003754       0x88 ./Drivers/BSP/B-L475E-IOT01A1/b_l475e_iot01a1.o
 .text.BSP_SPI3_Init
                0x00000000080037dc       0x60 ./Drivers/BSP/B-L475E-IOT01A1/b_l475e_iot01a1_bus.o
                0x00000000080037dc                BSP_SPI3_Init
 .text.BSP_SPI3_SendRecv
                0x000000000800383c       0x40 ./Drivers/BSP/B-L475E-IOT01A1/b_l475e_iot01a1_bus.o
                0x000000000800383c                BSP_SPI3_SendRecv
 .text.BSP_GetTick
                0x000000000800387c        0xe ./Drivers/BSP/B-L475E-IOT01A1/b_l475e_iot01a1_bus.o
                0x000000000800387c                BSP_GetTick
 *fill*         0x000000000800388a        0x2 
 .text.MX_SPI3_Init
                0x000000000800388c       0x84 ./Drivers/BSP/B-L475E-IOT01A1/b_l475e_iot01a1_bus.o
                0x000000000800388c                MX_SPI3_Init
 .text.SPI3_MspInit
                0x0000000008003910       0xb0 ./Drivers/BSP/B-L475E-IOT01A1/b_l475e_iot01a1_bus.o
 .text.I2Cx_MspInit
                0x00000000080039c0       0xb0 ./Drivers/BSP/B-L475E-IOT01A1/stm32l475e_iot01.o
 .text.I2Cx_Init
                0x0000000008003a70       0x5c ./Drivers/BSP/B-L475E-IOT01A1/stm32l475e_iot01.o
 .text.I2Cx_ReadMultiple
                0x0000000008003acc       0x5a ./Drivers/BSP/B-L475E-IOT01A1/stm32l475e_iot01.o
 .text.I2Cx_WriteMultiple
                0x0000000008003b26       0x5a ./Drivers/BSP/B-L475E-IOT01A1/stm32l475e_iot01.o
 .text.I2Cx_Error
                0x0000000008003b80       0x20 ./Drivers/BSP/B-L475E-IOT01A1/stm32l475e_iot01.o
 .text.SENSOR_IO_Init
                0x0000000008003ba0       0x14 ./Drivers/BSP/B-L475E-IOT01A1/stm32l475e_iot01.o
                0x0000000008003ba0                SENSOR_IO_Init
 .text.SENSOR_IO_Write
                0x0000000008003bb4       0x34 ./Drivers/BSP/B-L475E-IOT01A1/stm32l475e_iot01.o
                0x0000000008003bb4                SENSOR_IO_Write
 .text.SENSOR_IO_Read
                0x0000000008003be8       0x3c ./Drivers/BSP/B-L475E-IOT01A1/stm32l475e_iot01.o
                0x0000000008003be8                SENSOR_IO_Read
 .text.SENSOR_IO_ReadMultiple
                0x0000000008003c24       0x3c ./Drivers/BSP/B-L475E-IOT01A1/stm32l475e_iot01.o
                0x0000000008003c24                SENSOR_IO_ReadMultiple
 .text.BSP_PSENSOR_Init
                0x0000000008003c60       0x40 ./Drivers/BSP/B-L475E-IOT01A1/stm32l475e_iot01_psensor.o
                0x0000000008003c60                BSP_PSENSOR_Init
 .text.BSP_PSENSOR_ReadPressure
                0x0000000008003ca0       0x1c ./Drivers/BSP/B-L475E-IOT01A1/stm32l475e_iot01_psensor.o
                0x0000000008003ca0                BSP_PSENSOR_ReadPressure
 .text.BSP_TSENSOR_Init
                0x0000000008003cbc       0x38 ./Drivers/BSP/B-L475E-IOT01A1/stm32l475e_iot01_tsensor.o
                0x0000000008003cbc                BSP_TSENSOR_Init
 .text.BSP_TSENSOR_ReadTemp
                0x0000000008003cf4       0x1c ./Drivers/BSP/B-L475E-IOT01A1/stm32l475e_iot01_tsensor.o
                0x0000000008003cf4                BSP_TSENSOR_ReadTemp
 .text.HTS221_T_Init
                0x0000000008003d10       0x5a ./Drivers/BSP/Components/hts221/hts221.o
                0x0000000008003d10                HTS221_T_Init
 .text.HTS221_T_ReadTemp
                0x0000000008003d6a      0x10e ./Drivers/BSP/Components/hts221/hts221.o
                0x0000000008003d6a                HTS221_T_ReadTemp
 .text.LPS22HB_P_Init
                0x0000000008003e78       0x1a ./Drivers/BSP/Components/lps22hb/lps22hb.o
                0x0000000008003e78                LPS22HB_P_Init
 .text.LPS22HB_P_ReadID
                0x0000000008003e92       0x2c ./Drivers/BSP/Components/lps22hb/lps22hb.o
                0x0000000008003e92                LPS22HB_P_ReadID
 *fill*         0x0000000008003ebe        0x2 
 .text.LPS22HB_P_ReadPressure
                0x0000000008003ec0       0xc0 ./Drivers/BSP/Components/lps22hb/lps22hb.o
                0x0000000008003ec0                LPS22HB_P_ReadPressure
 .text.LPS22HB_Init
                0x0000000008003f80       0x7e ./Drivers/BSP/Components/lps22hb/lps22hb.o
 .text.HAL_Init
                0x0000000008003ffe       0x30 ./Drivers/STM32L4xx_HAL_Driver/Src/stm32l4xx_hal.o
                0x0000000008003ffe                HAL_Init
 *fill*         0x000000000800402e        0x2 
 .text.HAL_InitTick
                0x0000000008004030       0x78 ./Drivers/STM32L4xx_HAL_Driver/Src/stm32l4xx_hal.o
                0x0000000008004030                HAL_InitTick
 .text.HAL_IncTick
                0x00000000080040a8       0x28 ./Drivers/STM32L4xx_HAL_Driver/Src/stm32l4xx_hal.o
                0x00000000080040a8                HAL_IncTick
 .text.HAL_GetTick
                0x00000000080040d0       0x18 ./Drivers/STM32L4xx_HAL_Driver/Src/stm32l4xx_hal.o
                0x00000000080040d0                HAL_GetTick
 .text.HAL_Delay
                0x00000000080040e8       0x48 ./Drivers/STM32L4xx_HAL_Driver/Src/stm32l4xx_hal.o
                0x00000000080040e8                HAL_Delay
 .text.__NVIC_SetPriorityGrouping
                0x0000000008004130       0x48 ./Drivers/STM32L4xx_HAL_Driver/Src/stm32l4xx_hal_cortex.o
 .text.__NVIC_GetPriorityGrouping
                0x0000000008004178       0x1c ./Drivers/STM32L4xx_HAL_Driver/Src/stm32l4xx_hal_cortex.o
 .text.__NVIC_EnableIRQ
                0x0000000008004194       0x3c ./Drivers/STM32L4xx_HAL_Driver/Src/stm32l4xx_hal_cortex.o
 .text.__NVIC_SetPriority
                0x00000000080041d0       0x54 ./Drivers/STM32L4xx_HAL_Driver/Src/stm32l4xx_hal_cortex.o
 .text.NVIC_EncodePriority
                0x0000000008004224       0x66 ./Drivers/STM32L4xx_HAL_Driver/Src/stm32l4xx_hal_cortex.o
 *fill*         0x000000000800428a        0x2 
 .text.SysTick_Config
                0x000000000800428c       0x44 ./Drivers/STM32L4xx_HAL_Driver/Src/stm32l4xx_hal_cortex.o
 .text.HAL_NVIC_SetPriorityGrouping
                0x00000000080042d0       0x16 ./Drivers/STM32L4xx_HAL_Driver/Src/stm32l4xx_hal_cortex.o
                0x00000000080042d0                HAL_NVIC_SetPriorityGrouping
 .text.HAL_NVIC_SetPriority
                0x00000000080042e6       0x38 ./Drivers/STM32L4xx_HAL_Driver/Src/stm32l4xx_hal_cortex.o
                0x00000000080042e6                HAL_NVIC_SetPriority
 .text.HAL_NVIC_EnableIRQ
                0x000000000800431e       0x1c ./Drivers/STM32L4xx_HAL_Driver/Src/stm32l4xx_hal_cortex.o
                0x000000000800431e                HAL_NVIC_EnableIRQ
 .text.HAL_SYSTICK_Config
                0x000000000800433a       0x18 ./Drivers/STM32L4xx_HAL_Driver/Src/stm32l4xx_hal_cortex.o
                0x000000000800433a                HAL_SYSTICK_Config
 *fill*         0x0000000008004352        0x2 
 .text.HAL_DFSDM_ChannelInit
                0x0000000008004354      0x180 ./Drivers/STM32L4xx_HAL_Driver/Src/stm32l4xx_hal_dfsdm.o
                0x0000000008004354                HAL_DFSDM_ChannelInit
 .text.DFSDM_GetChannelFromInstance
                0x00000000080044d4       0x98 ./Drivers/STM32L4xx_HAL_Driver/Src/stm32l4xx_hal_dfsdm.o
 .text.HAL_EXTI_RegisterCallback
                0x000000000800456c       0x34 ./Drivers/STM32L4xx_HAL_Driver/Src/stm32l4xx_hal_exti.o
                0x000000000800456c                HAL_EXTI_RegisterCallback
 .text.HAL_EXTI_GetHandle
                0x00000000080045a0       0x28 ./Drivers/STM32L4xx_HAL_Driver/Src/stm32l4xx_hal_exti.o
                0x00000000080045a0                HAL_EXTI_GetHandle
 .text.HAL_EXTI_IRQHandler
                0x00000000080045c8       0x60 ./Drivers/STM32L4xx_HAL_Driver/Src/stm32l4xx_hal_exti.o
                0x00000000080045c8                HAL_EXTI_IRQHandler
 .text.HAL_GPIO_Init
                0x0000000008004628      0x354 ./Drivers/STM32L4xx_HAL_Driver/Src/stm32l4xx_hal_gpio.o
                0x0000000008004628                HAL_GPIO_Init
 .text.HAL_GPIO_DeInit
                0x000000000800497c      0x1e8 ./Drivers/STM32L4xx_HAL_Driver/Src/stm32l4xx_hal_gpio.o
                0x000000000800497c                HAL_GPIO_DeInit
 .text.HAL_GPIO_ReadPin
                0x0000000008004b64       0x30 ./Drivers/STM32L4xx_HAL_Driver/Src/stm32l4xx_hal_gpio.o
                0x0000000008004b64                HAL_GPIO_ReadPin
 .text.HAL_GPIO_WritePin
                0x0000000008004b94       0x30 ./Drivers/STM32L4xx_HAL_Driver/Src/stm32l4xx_hal_gpio.o
                0x0000000008004b94                HAL_GPIO_WritePin
 .text.HAL_GPIO_TogglePin
                0x0000000008004bc4       0x34 ./Drivers/STM32L4xx_HAL_Driver/Src/stm32l4xx_hal_gpio.o
                0x0000000008004bc4                HAL_GPIO_TogglePin
 .text.HAL_GPIO_EXTI_IRQHandler
                0x0000000008004bf8       0x30 ./Drivers/STM32L4xx_HAL_Driver/Src/stm32l4xx_hal_gpio.o
                0x0000000008004bf8                HAL_GPIO_EXTI_IRQHandler
 .text.HAL_GPIO_EXTI_Callback
                0x0000000008004c28       0x16 ./Drivers/STM32L4xx_HAL_Driver/Src/stm32l4xx_hal_gpio.o
                0x0000000008004c28                HAL_GPIO_EXTI_Callback
 .text.HAL_I2C_Init
                0x0000000008004c3e      0x11e ./Drivers/STM32L4xx_HAL_Driver/Src/stm32l4xx_hal_i2c.o
                0x0000000008004c3e                HAL_I2C_Init
 .text.HAL_I2C_DeInit
                0x0000000008004d5c       0x5e ./Drivers/STM32L4xx_HAL_Driver/Src/stm32l4xx_hal_i2c.o
                0x0000000008004d5c                HAL_I2C_DeInit
 *fill*         0x0000000008004dba        0x2 
 .text.HAL_I2C_Mem_Write
                0x0000000008004dbc      0x228 ./Drivers/STM32L4xx_HAL_Driver/Src/stm32l4xx_hal_i2c.o
                0x0000000008004dbc                HAL_I2C_Mem_Write
 .text.HAL_I2C_Mem_Read
                0x0000000008004fe4      0x234 ./Drivers/STM32L4xx_HAL_Driver/Src/stm32l4xx_hal_i2c.o
                0x0000000008004fe4                HAL_I2C_Mem_Read
 .text.I2C_RequestMemoryWrite
                0x0000000008005218       0xa8 ./Drivers/STM32L4xx_HAL_Driver/Src/stm32l4xx_hal_i2c.o
 .text.I2C_RequestMemoryRead
                0x00000000080052c0       0xa8 ./Drivers/STM32L4xx_HAL_Driver/Src/stm32l4xx_hal_i2c.o
 .text.I2C_Flush_TXDR
                0x0000000008005368       0x48 ./Drivers/STM32L4xx_HAL_Driver/Src/stm32l4xx_hal_i2c.o
 .text.I2C_WaitOnFlagUntilTimeout
                0x00000000080053b0       0x80 ./Drivers/STM32L4xx_HAL_Driver/Src/stm32l4xx_hal_i2c.o
 .text.I2C_WaitOnTXISFlagUntilTimeout
                0x0000000008005430       0x80 ./Drivers/STM32L4xx_HAL_Driver/Src/stm32l4xx_hal_i2c.o
 .text.I2C_WaitOnSTOPFlagUntilTimeout
                0x00000000080054b0       0x78 ./Drivers/STM32L4xx_HAL_Driver/Src/stm32l4xx_hal_i2c.o
 .text.I2C_IsErrorOccurred
                0x0000000008005528      0x1d8 ./Drivers/STM32L4xx_HAL_Driver/Src/stm32l4xx_hal_i2c.o
 .text.I2C_TransferConfig
                0x0000000008005700       0x64 ./Drivers/STM32L4xx_HAL_Driver/Src/stm32l4xx_hal_i2c.o
 .text.HAL_I2CEx_ConfigAnalogFilter
                0x0000000008005764       0x96 ./Drivers/STM32L4xx_HAL_Driver/Src/stm32l4xx_hal_i2c_ex.o
                0x0000000008005764                HAL_I2CEx_ConfigAnalogFilter
 .text.HAL_I2CEx_ConfigDigitalFilter
                0x00000000080057fa       0x98 ./Drivers/STM32L4xx_HAL_Driver/Src/stm32l4xx_hal_i2c_ex.o
                0x00000000080057fa                HAL_I2CEx_ConfigDigitalFilter
 .text.HAL_PCD_Init
                0x0000000008005892      0x248 ./Drivers/STM32L4xx_HAL_Driver/Src/stm32l4xx_hal_pcd.o
                0x0000000008005892                HAL_PCD_Init
 .text.HAL_PCDEx_ActivateLPM
                0x0000000008005ada       0x48 ./Drivers/STM32L4xx_HAL_Driver/Src/stm32l4xx_hal_pcd_ex.o
                0x0000000008005ada                HAL_PCDEx_ActivateLPM
 *fill*         0x0000000008005b22        0x2 
 .text.HAL_PWR_EnableBkUpAccess
                0x0000000008005b24       0x20 ./Drivers/STM32L4xx_HAL_Driver/Src/stm32l4xx_hal_pwr.o
                0x0000000008005b24                HAL_PWR_EnableBkUpAccess
 .text.HAL_PWREx_GetVoltageRange
                0x0000000008005b44       0x1c ./Drivers/STM32L4xx_HAL_Driver/Src/stm32l4xx_hal_pwr_ex.o
                0x0000000008005b44                HAL_PWREx_GetVoltageRange
 .text.HAL_PWREx_ControlVoltageScaling
                0x0000000008005b60       0xac ./Drivers/STM32L4xx_HAL_Driver/Src/stm32l4xx_hal_pwr_ex.o
                0x0000000008005b60                HAL_PWREx_ControlVoltageScaling
 .text.HAL_PWREx_EnableVddUSB
                0x0000000008005c0c       0x20 ./Drivers/STM32L4xx_HAL_Driver/Src/stm32l4xx_hal_pwr_ex.o
                0x0000000008005c0c                HAL_PWREx_EnableVddUSB
 .text.HAL_QSPI_Init
                0x0000000008005c2c       0xec ./Drivers/STM32L4xx_HAL_Driver/Src/stm32l4xx_hal_qspi.o
                0x0000000008005c2c                HAL_QSPI_Init
 .text.HAL_QSPI_SetTimeout
                0x0000000008005d18       0x1c ./Drivers/STM32L4xx_HAL_Driver/Src/stm32l4xx_hal_qspi.o
                0x0000000008005d18                HAL_QSPI_SetTimeout
 .text.QSPI_WaitFlagStateUntilTimeout
                0x0000000008005d34       0x6e ./Drivers/STM32L4xx_HAL_Driver/Src/stm32l4xx_hal_qspi.o
 *fill*         0x0000000008005da2        0x2 
 .text.HAL_RCC_OscConfig
                0x0000000008005da4      0x7cc ./Drivers/STM32L4xx_HAL_Driver/Src/stm32l4xx_hal_rcc.o
                0x0000000008005da4                HAL_RCC_OscConfig
 .text.HAL_RCC_ClockConfig
                0x0000000008006570      0x1c4 ./Drivers/STM32L4xx_HAL_Driver/Src/stm32l4xx_hal_rcc.o
                0x0000000008006570                HAL_RCC_ClockConfig
 .text.HAL_RCC_GetSysClockFreq
                0x0000000008006734      0x118 ./Drivers/STM32L4xx_HAL_Driver/Src/stm32l4xx_hal_rcc.o
                0x0000000008006734                HAL_RCC_GetSysClockFreq
 .text.HAL_RCC_GetHCLKFreq
                0x000000000800684c       0x18 ./Drivers/STM32L4xx_HAL_Driver/Src/stm32l4xx_hal_rcc.o
                0x000000000800684c                HAL_RCC_GetHCLKFreq
 .text.HAL_RCC_GetPCLK1Freq
                0x0000000008006864       0x2c ./Drivers/STM32L4xx_HAL_Driver/Src/stm32l4xx_hal_rcc.o
                0x0000000008006864                HAL_RCC_GetPCLK1Freq
 .text.HAL_RCC_GetPCLK2Freq
                0x0000000008006890       0x2c ./Drivers/STM32L4xx_HAL_Driver/Src/stm32l4xx_hal_rcc.o
                0x0000000008006890                HAL_RCC_GetPCLK2Freq
 .text.RCC_SetFlashLatencyFromMSIRange
                0x00000000080068bc       0xc0 ./Drivers/STM32L4xx_HAL_Driver/Src/stm32l4xx_hal_rcc.o
 .text.HAL_RCCEx_PeriphCLKConfig
                0x000000000800697c      0x5d4 ./Drivers/STM32L4xx_HAL_Driver/Src/stm32l4xx_hal_rcc_ex.o
                0x000000000800697c                HAL_RCCEx_PeriphCLKConfig
 .text.HAL_RCCEx_EnableMSIPLLMode
                0x0000000008006f50       0x20 ./Drivers/STM32L4xx_HAL_Driver/Src/stm32l4xx_hal_rcc_ex.o
                0x0000000008006f50                HAL_RCCEx_EnableMSIPLLMode
 .text.RCCEx_PLLSAI1_Config
                0x0000000008006f70      0x1e8 ./Drivers/STM32L4xx_HAL_Driver/Src/stm32l4xx_hal_rcc_ex.o
 .text.RCCEx_PLLSAI2_Config
                0x0000000008007158      0x1bc ./Drivers/STM32L4xx_HAL_Driver/Src/stm32l4xx_hal_rcc_ex.o
 .text.HAL_SPI_Init
                0x0000000008007314      0x146 ./Drivers/STM32L4xx_HAL_Driver/Src/stm32l4xx_hal_spi.o
                0x0000000008007314                HAL_SPI_Init
 .text.HAL_SPI_MspInit
                0x000000000800745a       0x14 ./Drivers/STM32L4xx_HAL_Driver/Src/stm32l4xx_hal_spi.o
                0x000000000800745a                HAL_SPI_MspInit
 .text.HAL_SPI_TransmitReceive
                0x000000000800746e      0x426 ./Drivers/STM32L4xx_HAL_Driver/Src/stm32l4xx_hal_spi.o
                0x000000000800746e                HAL_SPI_TransmitReceive
 .text.HAL_SPI_GetState
                0x0000000008007894       0x1c ./Drivers/STM32L4xx_HAL_Driver/Src/stm32l4xx_hal_spi.o
                0x0000000008007894                HAL_SPI_GetState
 .text.SPI_WaitFlagStateUntilTimeout
                0x00000000080078b0      0x110 ./Drivers/STM32L4xx_HAL_Driver/Src/stm32l4xx_hal_spi.o
 .text.SPI_WaitFifoStateUntilTimeout
                0x00000000080079c0      0x12c ./Drivers/STM32L4xx_HAL_Driver/Src/stm32l4xx_hal_spi.o
 .text.SPI_EndRxTxTransaction
                0x0000000008007aec       0x8c ./Drivers/STM32L4xx_HAL_Driver/Src/stm32l4xx_hal_spi.o
 .text.HAL_UART_Init
                0x0000000008007b78       0x9c ./Drivers/STM32L4xx_HAL_Driver/Src/stm32l4xx_hal_uart.o
                0x0000000008007b78                HAL_UART_Init
 .text.HAL_UART_MspInit
                0x0000000008007c14       0x14 ./Drivers/STM32L4xx_HAL_Driver/Src/stm32l4xx_hal_uart.o
                0x0000000008007c14                HAL_UART_MspInit
 .text.HAL_UART_Transmit
                0x0000000008007c28      0x128 ./Drivers/STM32L4xx_HAL_Driver/Src/stm32l4xx_hal_uart.o
                0x0000000008007c28                HAL_UART_Transmit
 .text.UART_SetConfig
                0x0000000008007d50      0x514 ./Drivers/STM32L4xx_HAL_Driver/Src/stm32l4xx_hal_uart.o
                0x0000000008007d50                UART_SetConfig
 .text.UART_AdvFeatureConfig
                0x0000000008008264      0x144 ./Drivers/STM32L4xx_HAL_Driver/Src/stm32l4xx_hal_uart.o
                0x0000000008008264                UART_AdvFeatureConfig
 .text.UART_CheckIdleState
                0x00000000080083a8       0x92 ./Drivers/STM32L4xx_HAL_Driver/Src/stm32l4xx_hal_uart.o
                0x00000000080083a8                UART_CheckIdleState
 .text.UART_WaitOnFlagUntilTimeout
                0x000000000800843a      0x188 ./Drivers/STM32L4xx_HAL_Driver/Src/stm32l4xx_hal_uart.o
                0x000000000800843a                UART_WaitOnFlagUntilTimeout
 .text.USB_CoreInit
                0x00000000080085c2       0x58 ./Drivers/STM32L4xx_HAL_Driver/Src/stm32l4xx_ll_usb.o
                0x00000000080085c2                USB_CoreInit
 .text.USB_DisableGlobalInt
                0x000000000800861a       0x22 ./Drivers/STM32L4xx_HAL_Driver/Src/stm32l4xx_ll_usb.o
                0x000000000800861a                USB_DisableGlobalInt
 .text.USB_SetCurrentMode
                0x000000000800863c       0x98 ./Drivers/STM32L4xx_HAL_Driver/Src/stm32l4xx_ll_usb.o
                0x000000000800863c                USB_SetCurrentMode
 .text.USB_DevInit
                0x00000000080086d4      0x298 ./Drivers/STM32L4xx_HAL_Driver/Src/stm32l4xx_ll_usb.o
                0x00000000080086d4                USB_DevInit
 .text.USB_FlushTxFifo
                0x000000000800896c       0x64 ./Drivers/STM32L4xx_HAL_Driver/Src/stm32l4xx_ll_usb.o
                0x000000000800896c                USB_FlushTxFifo
 .text.USB_FlushRxFifo
                0x00000000080089d0       0x5c ./Drivers/STM32L4xx_HAL_Driver/Src/stm32l4xx_ll_usb.o
                0x00000000080089d0                USB_FlushRxFifo
 .text.USB_SetDevSpeed
                0x0000000008008a2c       0x32 ./Drivers/STM32L4xx_HAL_Driver/Src/stm32l4xx_ll_usb.o
                0x0000000008008a2c                USB_SetDevSpeed
 .text.USB_DevDisconnect
                0x0000000008008a5e       0x42 ./Drivers/STM32L4xx_HAL_Driver/Src/stm32l4xx_ll_usb.o
                0x0000000008008a5e                USB_DevDisconnect
 .text.USB_GetMode
                0x0000000008008aa0       0x1c ./Drivers/STM32L4xx_HAL_Driver/Src/stm32l4xx_ll_usb.o
                0x0000000008008aa0                USB_GetMode
 .text.USB_CoreReset
                0x0000000008008abc       0x64 ./Drivers/STM32L4xx_HAL_Driver/Src/stm32l4xx_ll_usb.o
 .text.aci_gap_init_IDB05A1
                0x0000000008008b20       0xa0 ./Middlewares/ST/BlueNRG-MS/hci/controller/bluenrg_gap_aci.o
                0x0000000008008b20                aci_gap_init_IDB05A1
 .text.aci_gap_init_IDB04A1
                0x0000000008008bc0       0x94 ./Middlewares/ST/BlueNRG-MS/hci/controller/bluenrg_gap_aci.o
                0x0000000008008bc0                aci_gap_init_IDB04A1
 .text.aci_gap_set_discoverable
                0x0000000008008c54      0x1de ./Middlewares/ST/BlueNRG-MS/hci/controller/bluenrg_gap_aci.o
                0x0000000008008c54                aci_gap_set_discoverable
 .text.aci_gap_set_auth_requirement
                0x0000000008008e32       0xae ./Middlewares/ST/BlueNRG-MS/hci/controller/bluenrg_gap_aci.o
                0x0000000008008e32                aci_gap_set_auth_requirement
 .text.aci_gap_update_adv_data
                0x0000000008008ee0       0xa4 ./Middlewares/ST/BlueNRG-MS/hci/controller/bluenrg_gap_aci.o
                0x0000000008008ee0                aci_gap_update_adv_data
 .text.aci_gatt_init
                0x0000000008008f84       0x46 ./Middlewares/ST/BlueNRG-MS/hci/controller/bluenrg_gatt_aci.o
                0x0000000008008f84                aci_gatt_init
 .text.aci_gatt_add_serv
                0x0000000008008fca      0x118 ./Middlewares/ST/BlueNRG-MS/hci/controller/bluenrg_gatt_aci.o
                0x0000000008008fca                aci_gatt_add_serv
 .text.aci_gatt_add_char
                0x00000000080090e2      0x1a4 ./Middlewares/ST/BlueNRG-MS/hci/controller/bluenrg_gatt_aci.o
                0x00000000080090e2                aci_gatt_add_char
 .text.aci_gatt_update_char_value
                0x0000000008009286      0x124 ./Middlewares/ST/BlueNRG-MS/hci/controller/bluenrg_gatt_aci.o
                0x0000000008009286                aci_gatt_update_char_value
 .text.aci_gatt_allow_read
                0x00000000080093aa       0x5a ./Middlewares/ST/BlueNRG-MS/hci/controller/bluenrg_gatt_aci.o
                0x00000000080093aa                aci_gatt_allow_read
 .text.aci_hal_read_config_data
                0x0000000008009404       0xaa ./Middlewares/ST/BlueNRG-MS/hci/controller/bluenrg_hal_aci.o
                0x0000000008009404                aci_hal_read_config_data
 .text.aci_hal_set_tx_power_level
                0x00000000080094ae       0x62 ./Middlewares/ST/BlueNRG-MS/hci/controller/bluenrg_hal_aci.o
                0x00000000080094ae                aci_hal_set_tx_power_level
 .text.getBlueNRGVersion
                0x0000000008009510       0x88 ./Middlewares/ST/BlueNRG-MS/hci/controller/bluenrg_utils_small.o
                0x0000000008009510                getBlueNRGVersion
 .text.hci_reset
                0x0000000008009598       0x44 ./Middlewares/ST/BlueNRG-MS/hci/hci_le.o
                0x0000000008009598                hci_reset
 .text.hci_le_read_local_version
                0x00000000080095dc       0x94 ./Middlewares/ST/BlueNRG-MS/hci/hci_le.o
                0x00000000080095dc                hci_le_read_local_version
 .text.hci_le_set_scan_resp_data
                0x0000000008009670       0x82 ./Middlewares/ST/BlueNRG-MS/hci/hci_le.o
                0x0000000008009670                hci_le_set_scan_resp_data
 .text.verify_packet
                0x00000000080096f2       0x40 ./Middlewares/ST/BlueNRG-MS/hci/hci_tl_patterns/Basic/hci_tl.o
 *fill*         0x0000000008009732        0x2 
 .text.send_cmd
                0x0000000008009734       0x80 ./Middlewares/ST/BlueNRG-MS/hci/hci_tl_patterns/Basic/hci_tl.o
 .text.move_list
                0x00000000080097b4       0x38 ./Middlewares/ST/BlueNRG-MS/hci/hci_tl_patterns/Basic/hci_tl.o
 .text.free_event_list
                0x00000000080097ec       0x3c ./Middlewares/ST/BlueNRG-MS/hci/hci_tl_patterns/Basic/hci_tl.o
 .text.hci_init
                0x0000000008009828       0x84 ./Middlewares/ST/BlueNRG-MS/hci/hci_tl_patterns/Basic/hci_tl.o
                0x0000000008009828                hci_init
 .text.hci_register_io_bus
                0x00000000080098ac       0x40 ./Middlewares/ST/BlueNRG-MS/hci/hci_tl_patterns/Basic/hci_tl.o
                0x00000000080098ac                hci_register_io_bus
 .text.hci_send_req
                0x00000000080098ec      0x234 ./Middlewares/ST/BlueNRG-MS/hci/hci_tl_patterns/Basic/hci_tl.o
                0x00000000080098ec                hci_send_req
 .text.hci_user_evt_proc
                0x0000000008009b20       0x58 ./Middlewares/ST/BlueNRG-MS/hci/hci_tl_patterns/Basic/hci_tl.o
                0x0000000008009b20                hci_user_evt_proc
 .text.hci_notify_asynch_evt
                0x0000000008009b78       0x9c ./Middlewares/ST/BlueNRG-MS/hci/hci_tl_patterns/Basic/hci_tl.o
                0x0000000008009b78                hci_notify_asynch_evt
 .text.list_init_head
                0x0000000008009c14       0x20 ./Middlewares/ST/BlueNRG-MS/utils/ble_list.o
                0x0000000008009c14                list_init_head
 .text.list_is_empty
                0x0000000008009c34       0x44 ./Middlewares/ST/BlueNRG-MS/utils/ble_list.o
                0x0000000008009c34                list_is_empty
 .text.list_insert_head
                0x0000000008009c78       0x4c ./Middlewares/ST/BlueNRG-MS/utils/ble_list.o
                0x0000000008009c78                list_insert_head
 .text.list_insert_tail
                0x0000000008009cc4       0x4c ./Middlewares/ST/BlueNRG-MS/utils/ble_list.o
                0x0000000008009cc4                list_insert_tail
 .text.list_remove_node
                0x0000000008009d10       0x42 ./Middlewares/ST/BlueNRG-MS/utils/ble_list.o
                0x0000000008009d10                list_remove_node
 .text.list_remove_head
                0x0000000008009d52       0x4e ./Middlewares/ST/BlueNRG-MS/utils/ble_list.o
                0x0000000008009d52                list_remove_head
 .text.list_remove_tail
                0x0000000008009da0       0x4e ./Middlewares/ST/BlueNRG-MS/utils/ble_list.o
                0x0000000008009da0                list_remove_tail
 .text.list_get_size
                0x0000000008009dee       0x50 ./Middlewares/ST/BlueNRG-MS/utils/ble_list.o
                0x0000000008009dee                list_get_size
 *fill*         0x0000000008009e3e        0x2 
 .text.__errno  0x0000000008009e40        0xc c:/st/stm32cubeide_1.7.0/stm32cubeide/plugins/com.st.stm32cube.ide.mcu.externaltools.gnu-tools-for-stm32.9-2020-q2-update.win32_2.0.0.202105311346/tools/bin/../lib/gcc/arm-none-eabi/9.3.1/../../../../arm-none-eabi/lib/thumb/v7e-m+fp/hard\libc_nano.a(lib_a-errno.o)
                0x0000000008009e40                __errno
 .text.__libc_init_array
                0x0000000008009e4c       0x48 c:/st/stm32cubeide_1.7.0/stm32cubeide/plugins/com.st.stm32cube.ide.mcu.externaltools.gnu-tools-for-stm32.9-2020-q2-update.win32_2.0.0.202105311346/tools/bin/../lib/gcc/arm-none-eabi/9.3.1/../../../../arm-none-eabi/lib/thumb/v7e-m+fp/hard\libc_nano.a(lib_a-init.o)
                0x0000000008009e4c                __libc_init_array
 .text.memcpy   0x0000000008009e94       0x1c c:/st/stm32cubeide_1.7.0/stm32cubeide/plugins/com.st.stm32cube.ide.mcu.externaltools.gnu-tools-for-stm32.9-2020-q2-update.win32_2.0.0.202105311346/tools/bin/../lib/gcc/arm-none-eabi/9.3.1/../../../../arm-none-eabi/lib/thumb/v7e-m+fp/hard\libc_nano.a(lib_a-memcpy-stub.o)
                0x0000000008009e94                memcpy
 .text.memset   0x0000000008009eb0       0x10 c:/st/stm32cubeide_1.7.0/stm32cubeide/plugins/com.st.stm32cube.ide.mcu.externaltools.gnu-tools-for-stm32.9-2020-q2-update.win32_2.0.0.202105311346/tools/bin/../lib/gcc/arm-none-eabi/9.3.1/../../../../arm-none-eabi/lib/thumb/v7e-m+fp/hard\libc_nano.a(lib_a-memset.o)
                0x0000000008009eb0                memset
 .text.srand    0x0000000008009ec0       0x5c c:/st/stm32cubeide_1.7.0/stm32cubeide/plugins/com.st.stm32cube.ide.mcu.externaltools.gnu-tools-for-stm32.9-2020-q2-update.win32_2.0.0.202105311346/tools/bin/../lib/gcc/arm-none-eabi/9.3.1/../../../../arm-none-eabi/lib/thumb/v7e-m+fp/hard\libc_nano.a(lib_a-rand.o)
                0x0000000008009ec0                srand
 .text.rand     0x0000000008009f1c       0x80 c:/st/stm32cubeide_1.7.0/stm32cubeide/plugins/com.st.stm32cube.ide.mcu.externaltools.gnu-tools-for-stm32.9-2020-q2-update.win32_2.0.0.202105311346/tools/bin/../lib/gcc/arm-none-eabi/9.3.1/../../../../arm-none-eabi/lib/thumb/v7e-m+fp/hard\libc_nano.a(lib_a-rand.o)
                0x0000000008009f1c                rand
 .text.snprintf
                0x0000000008009f9c       0x68 c:/st/stm32cubeide_1.7.0/stm32cubeide/plugins/com.st.stm32cube.ide.mcu.externaltools.gnu-tools-for-stm32.9-2020-q2-update.win32_2.0.0.202105311346/tools/bin/../lib/gcc/arm-none-eabi/9.3.1/../../../../arm-none-eabi/lib/thumb/v7e-m+fp/hard\libc_nano.a(lib_a-snprintf.o)
                0x0000000008009f9c                sniprintf
                0x0000000008009f9c                snprintf
 .text.__assert_func
                0x000000000800a004       0x3c c:/st/stm32cubeide_1.7.0/stm32cubeide/plugins/com.st.stm32cube.ide.mcu.externaltools.gnu-tools-for-stm32.9-2020-q2-update.win32_2.0.0.202105311346/tools/bin/../lib/gcc/arm-none-eabi/9.3.1/../../../../arm-none-eabi/lib/thumb/v7e-m+fp/hard\libc_nano.a(lib_a-assert.o)
                0x000000000800a004                __assert_func
 .text.fprintf  0x000000000800a040       0x24 c:/st/stm32cubeide_1.7.0/stm32cubeide/plugins/com.st.stm32cube.ide.mcu.externaltools.gnu-tools-for-stm32.9-2020-q2-update.win32_2.0.0.202105311346/tools/bin/../lib/gcc/arm-none-eabi/9.3.1/../../../../arm-none-eabi/lib/thumb/v7e-m+fp/hard\libc_nano.a(lib_a-fprintf.o)
                0x000000000800a040                fiprintf
                0x000000000800a040                fprintf
 .text.malloc   0x000000000800a064       0x10 c:/st/stm32cubeide_1.7.0/stm32cubeide/plugins/com.st.stm32cube.ide.mcu.externaltools.gnu-tools-for-stm32.9-2020-q2-update.win32_2.0.0.202105311346/tools/bin/../lib/gcc/arm-none-eabi/9.3.1/../../../../arm-none-eabi/lib/thumb/v7e-m+fp/hard\libc_nano.a(lib_a-malloc.o)
                0x000000000800a064                malloc
 .text._free_r  0x000000000800a074       0xa0 c:/st/stm32cubeide_1.7.0/stm32cubeide/plugins/com.st.stm32cube.ide.mcu.externaltools.gnu-tools-for-stm32.9-2020-q2-update.win32_2.0.0.202105311346/tools/bin/../lib/gcc/arm-none-eabi/9.3.1/../../../../arm-none-eabi/lib/thumb/v7e-m+fp/hard\libc_nano.a(lib_a-nano-freer.o)
                0x000000000800a074                _free_r
 .text._malloc_r
                0x000000000800a114       0xb4 c:/st/stm32cubeide_1.7.0/stm32cubeide/plugins/com.st.stm32cube.ide.mcu.externaltools.gnu-tools-for-stm32.9-2020-q2-update.win32_2.0.0.202105311346/tools/bin/../lib/gcc/arm-none-eabi/9.3.1/../../../../arm-none-eabi/lib/thumb/v7e-m+fp/hard\libc_nano.a(lib_a-nano-mallocr.o)
                0x000000000800a114                _malloc_r
 .text.__ssputs_r
                0x000000000800a1c8       0xb6 c:/st/stm32cubeide_1.7.0/stm32cubeide/plugins/com.st.stm32cube.ide.mcu.externaltools.gnu-tools-for-stm32.9-2020-q2-update.win32_2.0.0.202105311346/tools/bin/../lib/gcc/arm-none-eabi/9.3.1/../../../../arm-none-eabi/lib/thumb/v7e-m+fp/hard\libc_nano.a(lib_a-nano-svfprintf.o)
                0x000000000800a1c8                __ssputs_r
 *fill*         0x000000000800a27e        0x2 
 .text._svfprintf_r
                0x000000000800a280      0x200 c:/st/stm32cubeide_1.7.0/stm32cubeide/plugins/com.st.stm32cube.ide.mcu.externaltools.gnu-tools-for-stm32.9-2020-q2-update.win32_2.0.0.202105311346/tools/bin/../lib/gcc/arm-none-eabi/9.3.1/../../../../arm-none-eabi/lib/thumb/v7e-m+fp/hard\libc_nano.a(lib_a-nano-svfprintf.o)
                0x000000000800a280                _svfiprintf_r
                0x000000000800a280                _svfprintf_r
 .text.__sfputc_r
                0x000000000800a480       0x2e c:/st/stm32cubeide_1.7.0/stm32cubeide/plugins/com.st.stm32cube.ide.mcu.externaltools.gnu-tools-for-stm32.9-2020-q2-update.win32_2.0.0.202105311346/tools/bin/../lib/gcc/arm-none-eabi/9.3.1/../../../../arm-none-eabi/lib/thumb/v7e-m+fp/hard\libc_nano.a(lib_a-nano-vfprintf.o)
 .text.__sfputs_r
                0x000000000800a4ae       0x24 c:/st/stm32cubeide_1.7.0/stm32cubeide/plugins/com.st.stm32cube.ide.mcu.externaltools.gnu-tools-for-stm32.9-2020-q2-update.win32_2.0.0.202105311346/tools/bin/../lib/gcc/arm-none-eabi/9.3.1/../../../../arm-none-eabi/lib/thumb/v7e-m+fp/hard\libc_nano.a(lib_a-nano-vfprintf.o)
                0x000000000800a4ae                __sfputs_r
 *fill*         0x000000000800a4d2        0x2 
 .text._vfprintf_r
                0x000000000800a4d4      0x260 c:/st/stm32cubeide_1.7.0/stm32cubeide/plugins/com.st.stm32cube.ide.mcu.externaltools.gnu-tools-for-stm32.9-2020-q2-update.win32_2.0.0.202105311346/tools/bin/../lib/gcc/arm-none-eabi/9.3.1/../../../../arm-none-eabi/lib/thumb/v7e-m+fp/hard\libc_nano.a(lib_a-nano-vfprintf.o)
                0x000000000800a4d4                _vfprintf_r
                0x000000000800a4d4                _vfiprintf_r
 .text._printf_common
                0x000000000800a734       0xda c:/st/stm32cubeide_1.7.0/stm32cubeide/plugins/com.st.stm32cube.ide.mcu.externaltools.gnu-tools-for-stm32.9-2020-q2-update.win32_2.0.0.202105311346/tools/bin/../lib/gcc/arm-none-eabi/9.3.1/../../../../arm-none-eabi/lib/thumb/v7e-m+fp/hard\libc_nano.a(lib_a-nano-vfprintf_i.o)
                0x000000000800a734                _printf_common
 *fill*         0x000000000800a80e        0x2 
 .text._printf_i
                0x000000000800a810      0x24c c:/st/stm32cubeide_1.7.0/stm32cubeide/plugins/com.st.stm32cube.ide.mcu.externaltools.gnu-tools-for-stm32.9-2020-q2-update.win32_2.0.0.202105311346/tools/bin/../lib/gcc/arm-none-eabi/9.3.1/../../../../arm-none-eabi/lib/thumb/v7e-m+fp/hard\libc_nano.a(lib_a-nano-vfprintf_i.o)
                0x000000000800a810                _printf_i
 .text._sbrk_r  0x000000000800aa5c       0x20 c:/st/stm32cubeide_1.7.0/stm32cubeide/plugins/com.st.stm32cube.ide.mcu.externaltools.gnu-tools-for-stm32.9-2020-q2-update.win32_2.0.0.202105311346/tools/bin/../lib/gcc/arm-none-eabi/9.3.1/../../../../arm-none-eabi/lib/thumb/v7e-m+fp/hard\libc_nano.a(lib_a-sbrkr.o)
                0x000000000800aa5c                _sbrk_r
 .text.__swbuf_r
                0x000000000800aa7c       0xa4 c:/st/stm32cubeide_1.7.0/stm32cubeide/plugins/com.st.stm32cube.ide.mcu.externaltools.gnu-tools-for-stm32.9-2020-q2-update.win32_2.0.0.202105311346/tools/bin/../lib/gcc/arm-none-eabi/9.3.1/../../../../arm-none-eabi/lib/thumb/v7e-m+fp/hard\libc_nano.a(lib_a-wbuf.o)
                0x000000000800aa7c                __swbuf_r
 .text.__swsetup_r
                0x000000000800ab20       0xdc c:/st/stm32cubeide_1.7.0/stm32cubeide/plugins/com.st.stm32cube.ide.mcu.externaltools.gnu-tools-for-stm32.9-2020-q2-update.win32_2.0.0.202105311346/tools/bin/../lib/gcc/arm-none-eabi/9.3.1/../../../../arm-none-eabi/lib/thumb/v7e-m+fp/hard\libc_nano.a(lib_a-wsetup.o)
                0x000000000800ab20                __swsetup_r
 .text.abort    0x000000000800abfc        0xe c:/st/stm32cubeide_1.7.0/stm32cubeide/plugins/com.st.stm32cube.ide.mcu.externaltools.gnu-tools-for-stm32.9-2020-q2-update.win32_2.0.0.202105311346/tools/bin/../lib/gcc/arm-none-eabi/9.3.1/../../../../arm-none-eabi/lib/thumb/v7e-m+fp/hard\libc_nano.a(lib_a-abort.o)
                0x000000000800abfc                abort
 *fill*         0x000000000800ac0a        0x2 
 .text.__sflush_r
                0x000000000800ac0c      0x10c c:/st/stm32cubeide_1.7.0/stm32cubeide/plugins/com.st.stm32cube.ide.mcu.externaltools.gnu-tools-for-stm32.9-2020-q2-update.win32_2.0.0.202105311346/tools/bin/../lib/gcc/arm-none-eabi/9.3.1/../../../../arm-none-eabi/lib/thumb/v7e-m+fp/hard\libc_nano.a(lib_a-fflush.o)
                0x000000000800ac0c                __sflush_r
 .text._fflush_r
                0x000000000800ad18       0x78 c:/st/stm32cubeide_1.7.0/stm32cubeide/plugins/com.st.stm32cube.ide.mcu.externaltools.gnu-tools-for-stm32.9-2020-q2-update.win32_2.0.0.202105311346/tools/bin/../lib/gcc/arm-none-eabi/9.3.1/../../../../arm-none-eabi/lib/thumb/v7e-m+fp/hard\libc_nano.a(lib_a-fflush.o)
                0x000000000800ad18                _fflush_r
 .text.std      0x000000000800ad90       0x48 c:/st/stm32cubeide_1.7.0/stm32cubeide/plugins/com.st.stm32cube.ide.mcu.externaltools.gnu-tools-for-stm32.9-2020-q2-update.win32_2.0.0.202105311346/tools/bin/../lib/gcc/arm-none-eabi/9.3.1/../../../../arm-none-eabi/lib/thumb/v7e-m+fp/hard\libc_nano.a(lib_a-findfp.o)
 .text._cleanup_r
                0x000000000800add8        0xc c:/st/stm32cubeide_1.7.0/stm32cubeide/plugins/com.st.stm32cube.ide.mcu.externaltools.gnu-tools-for-stm32.9-2020-q2-update.win32_2.0.0.202105311346/tools/bin/../lib/gcc/arm-none-eabi/9.3.1/../../../../arm-none-eabi/lib/thumb/v7e-m+fp/hard\libc_nano.a(lib_a-findfp.o)
                0x000000000800add8                _cleanup_r
 .text.__sfmoreglue
                0x000000000800ade4       0x2c c:/st/stm32cubeide_1.7.0/stm32cubeide/plugins/com.st.stm32cube.ide.mcu.externaltools.gnu-tools-for-stm32.9-2020-q2-update.win32_2.0.0.202105311346/tools/bin/../lib/gcc/arm-none-eabi/9.3.1/../../../../arm-none-eabi/lib/thumb/v7e-m+fp/hard\libc_nano.a(lib_a-findfp.o)
                0x000000000800ade4                __sfmoreglue
 .text.__sfp_lock_acquire
                0x000000000800ae10        0xc c:/st/stm32cubeide_1.7.0/stm32cubeide/plugins/com.st.stm32cube.ide.mcu.externaltools.gnu-tools-for-stm32.9-2020-q2-update.win32_2.0.0.202105311346/tools/bin/../lib/gcc/arm-none-eabi/9.3.1/../../../../arm-none-eabi/lib/thumb/v7e-m+fp/hard\libc_nano.a(lib_a-findfp.o)
                0x000000000800ae10                __sfp_lock_acquire
 .text.__sfp_lock_release
                0x000000000800ae1c        0xc c:/st/stm32cubeide_1.7.0/stm32cubeide/plugins/com.st.stm32cube.ide.mcu.externaltools.gnu-tools-for-stm32.9-2020-q2-update.win32_2.0.0.202105311346/tools/bin/../lib/gcc/arm-none-eabi/9.3.1/../../../../arm-none-eabi/lib/thumb/v7e-m+fp/hard\libc_nano.a(lib_a-findfp.o)
                0x000000000800ae1c                __sfp_lock_release
 .text.__sinit_lock_acquire
                0x000000000800ae28        0xc c:/st/stm32cubeide_1.7.0/stm32cubeide/plugins/com.st.stm32cube.ide.mcu.externaltools.gnu-tools-for-stm32.9-2020-q2-update.win32_2.0.0.202105311346/tools/bin/../lib/gcc/arm-none-eabi/9.3.1/../../../../arm-none-eabi/lib/thumb/v7e-m+fp/hard\libc_nano.a(lib_a-findfp.o)
                0x000000000800ae28                __sinit_lock_acquire
 .text.__sinit_lock_release
                0x000000000800ae34        0xc c:/st/stm32cubeide_1.7.0/stm32cubeide/plugins/com.st.stm32cube.ide.mcu.externaltools.gnu-tools-for-stm32.9-2020-q2-update.win32_2.0.0.202105311346/tools/bin/../lib/gcc/arm-none-eabi/9.3.1/../../../../arm-none-eabi/lib/thumb/v7e-m+fp/hard\libc_nano.a(lib_a-findfp.o)
                0x000000000800ae34                __sinit_lock_release
 .text.__sinit  0x000000000800ae40       0x70 c:/st/stm32cubeide_1.7.0/stm32cubeide/plugins/com.st.stm32cube.ide.mcu.externaltools.gnu-tools-for-stm32.9-2020-q2-update.win32_2.0.0.202105311346/tools/bin/../lib/gcc/arm-none-eabi/9.3.1/../../../../arm-none-eabi/lib/thumb/v7e-m+fp/hard\libc_nano.a(lib_a-findfp.o)
                0x000000000800ae40                __sinit
 .text.__sfp    0x000000000800aeb0       0x8c c:/st/stm32cubeide_1.7.0/stm32cubeide/plugins/com.st.stm32cube.ide.mcu.externaltools.gnu-tools-for-stm32.9-2020-q2-update.win32_2.0.0.202105311346/tools/bin/../lib/gcc/arm-none-eabi/9.3.1/../../../../arm-none-eabi/lib/thumb/v7e-m+fp/hard\libc_nano.a(lib_a-findfp.o)
                0x000000000800aeb0                __sfp
 .text._fwalk_reent
                0x000000000800af3c       0x3e c:/st/stm32cubeide_1.7.0/stm32cubeide/plugins/com.st.stm32cube.ide.mcu.externaltools.gnu-tools-for-stm32.9-2020-q2-update.win32_2.0.0.202105311346/tools/bin/../lib/gcc/arm-none-eabi/9.3.1/../../../../arm-none-eabi/lib/thumb/v7e-m+fp/hard\libc_nano.a(lib_a-fwalk.o)
                0x000000000800af3c                _fwalk_reent
 .text.__retarget_lock_init_recursive
                0x000000000800af7a        0x2 c:/st/stm32cubeide_1.7.0/stm32cubeide/plugins/com.st.stm32cube.ide.mcu.externaltools.gnu-tools-for-stm32.9-2020-q2-update.win32_2.0.0.202105311346/tools/bin/../lib/gcc/arm-none-eabi/9.3.1/../../../../arm-none-eabi/lib/thumb/v7e-m+fp/hard\libc_nano.a(lib_a-lock.o)
                0x000000000800af7a                __retarget_lock_init_recursive
 .text.__retarget_lock_acquire_recursive
                0x000000000800af7c        0x2 c:/st/stm32cubeide_1.7.0/stm32cubeide/plugins/com.st.stm32cube.ide.mcu.externaltools.gnu-tools-for-stm32.9-2020-q2-update.win32_2.0.0.202105311346/tools/bin/../lib/gcc/arm-none-eabi/9.3.1/../../../../arm-none-eabi/lib/thumb/v7e-m+fp/hard\libc_nano.a(lib_a-lock.o)
                0x000000000800af7c                __retarget_lock_acquire_recursive
 .text.__retarget_lock_release_recursive
                0x000000000800af7e        0x2 c:/st/stm32cubeide_1.7.0/stm32cubeide/plugins/com.st.stm32cube.ide.mcu.externaltools.gnu-tools-for-stm32.9-2020-q2-update.win32_2.0.0.202105311346/tools/bin/../lib/gcc/arm-none-eabi/9.3.1/../../../../arm-none-eabi/lib/thumb/v7e-m+fp/hard\libc_nano.a(lib_a-lock.o)
                0x000000000800af7e                __retarget_lock_release_recursive
 .text.__swhatbuf_r
                0x000000000800af80       0x48 c:/st/stm32cubeide_1.7.0/stm32cubeide/plugins/com.st.stm32cube.ide.mcu.externaltools.gnu-tools-for-stm32.9-2020-q2-update.win32_2.0.0.202105311346/tools/bin/../lib/gcc/arm-none-eabi/9.3.1/../../../../arm-none-eabi/lib/thumb/v7e-m+fp/hard\libc_nano.a(lib_a-makebuf.o)
                0x000000000800af80                __swhatbuf_r
 .text.__smakebuf_r
                0x000000000800afc8       0x80 c:/st/stm32cubeide_1.7.0/stm32cubeide/plugins/com.st.stm32cube.ide.mcu.externaltools.gnu-tools-for-stm32.9-2020-q2-update.win32_2.0.0.202105311346/tools/bin/../lib/gcc/arm-none-eabi/9.3.1/../../../../arm-none-eabi/lib/thumb/v7e-m+fp/hard\libc_nano.a(lib_a-makebuf.o)
                0x000000000800afc8                __smakebuf_r
 .text.memmove  0x000000000800b048       0x34 c:/st/stm32cubeide_1.7.0/stm32cubeide/plugins/com.st.stm32cube.ide.mcu.externaltools.gnu-tools-for-stm32.9-2020-q2-update.win32_2.0.0.202105311346/tools/bin/../lib/gcc/arm-none-eabi/9.3.1/../../../../arm-none-eabi/lib/thumb/v7e-m+fp/hard\libc_nano.a(lib_a-memmove.o)
                0x000000000800b048                memmove
 .text.__malloc_lock
                0x000000000800b07c        0xc c:/st/stm32cubeide_1.7.0/stm32cubeide/plugins/com.st.stm32cube.ide.mcu.externaltools.gnu-tools-for-stm32.9-2020-q2-update.win32_2.0.0.202105311346/tools/bin/../lib/gcc/arm-none-eabi/9.3.1/../../../../arm-none-eabi/lib/thumb/v7e-m+fp/hard\libc_nano.a(lib_a-mlock.o)
                0x000000000800b07c                __malloc_lock
 .text.__malloc_unlock
                0x000000000800b088        0xc c:/st/stm32cubeide_1.7.0/stm32cubeide/plugins/com.st.stm32cube.ide.mcu.externaltools.gnu-tools-for-stm32.9-2020-q2-update.win32_2.0.0.202105311346/tools/bin/../lib/gcc/arm-none-eabi/9.3.1/../../../../arm-none-eabi/lib/thumb/v7e-m+fp/hard\libc_nano.a(lib_a-mlock.o)
                0x000000000800b088                __malloc_unlock
 .text._realloc_r
                0x000000000800b094       0x4c c:/st/stm32cubeide_1.7.0/stm32cubeide/plugins/com.st.stm32cube.ide.mcu.externaltools.gnu-tools-for-stm32.9-2020-q2-update.win32_2.0.0.202105311346/tools/bin/../lib/gcc/arm-none-eabi/9.3.1/../../../../arm-none-eabi/lib/thumb/v7e-m+fp/hard\libc_nano.a(lib_a-nano-reallocr.o)
                0x000000000800b094                _realloc_r
 .text._raise_r
                0x000000000800b0e0       0x50 c:/st/stm32cubeide_1.7.0/stm32cubeide/plugins/com.st.stm32cube.ide.mcu.externaltools.gnu-tools-for-stm32.9-2020-q2-update.win32_2.0.0.202105311346/tools/bin/../lib/gcc/arm-none-eabi/9.3.1/../../../../arm-none-eabi/lib/thumb/v7e-m+fp/hard\libc_nano.a(lib_a-signal.o)
                0x000000000800b0e0                _raise_r
 .text.raise    0x000000000800b130       0x10 c:/st/stm32cubeide_1.7.0/stm32cubeide/plugins/com.st.stm32cube.ide.mcu.externaltools.gnu-tools-for-stm32.9-2020-q2-update.win32_2.0.0.202105311346/tools/bin/../lib/gcc/arm-none-eabi/9.3.1/../../../../arm-none-eabi/lib/thumb/v7e-m+fp/hard\libc_nano.a(lib_a-signal.o)
                0x000000000800b130                raise
 .text._kill_r  0x000000000800b140       0x24 c:/st/stm32cubeide_1.7.0/stm32cubeide/plugins/com.st.stm32cube.ide.mcu.externaltools.gnu-tools-for-stm32.9-2020-q2-update.win32_2.0.0.202105311346/tools/bin/../lib/gcc/arm-none-eabi/9.3.1/../../../../arm-none-eabi/lib/thumb/v7e-m+fp/hard\libc_nano.a(lib_a-signalr.o)
                0x000000000800b140                _kill_r
 .text._getpid_r
                0x000000000800b164        0x4 c:/st/stm32cubeide_1.7.0/stm32cubeide/plugins/com.st.stm32cube.ide.mcu.externaltools.gnu-tools-for-stm32.9-2020-q2-update.win32_2.0.0.202105311346/tools/bin/../lib/gcc/arm-none-eabi/9.3.1/../../../../arm-none-eabi/lib/thumb/v7e-m+fp/hard\libc_nano.a(lib_a-signalr.o)
                0x000000000800b164                _getpid_r
 .text.__sread  0x000000000800b168       0x22 c:/st/stm32cubeide_1.7.0/stm32cubeide/plugins/com.st.stm32cube.ide.mcu.externaltools.gnu-tools-for-stm32.9-2020-q2-update.win32_2.0.0.202105311346/tools/bin/../lib/gcc/arm-none-eabi/9.3.1/../../../../arm-none-eabi/lib/thumb/v7e-m+fp/hard\libc_nano.a(lib_a-stdio.o)
                0x000000000800b168                __sread
 .text.__swrite
                0x000000000800b18a       0x38 c:/st/stm32cubeide_1.7.0/stm32cubeide/plugins/com.st.stm32cube.ide.mcu.externaltools.gnu-tools-for-stm32.9-2020-q2-update.win32_2.0.0.202105311346/tools/bin/../lib/gcc/arm-none-eabi/9.3.1/../../../../arm-none-eabi/lib/thumb/v7e-m+fp/hard\libc_nano.a(lib_a-stdio.o)
                0x000000000800b18a                __swrite
 .text.__sseek  0x000000000800b1c2       0x24 c:/st/stm32cubeide_1.7.0/stm32cubeide/plugins/com.st.stm32cube.ide.mcu.externaltools.gnu-tools-for-stm32.9-2020-q2-update.win32_2.0.0.202105311346/tools/bin/../lib/gcc/arm-none-eabi/9.3.1/../../../../arm-none-eabi/lib/thumb/v7e-m+fp/hard\libc_nano.a(lib_a-stdio.o)
                0x000000000800b1c2                __sseek
 .text.__sclose
                0x000000000800b1e6        0x8 c:/st/stm32cubeide_1.7.0/stm32cubeide/plugins/com.st.stm32cube.ide.mcu.externaltools.gnu-tools-for-stm32.9-2020-q2-update.win32_2.0.0.202105311346/tools/bin/../lib/gcc/arm-none-eabi/9.3.1/../../../../arm-none-eabi/lib/thumb/v7e-m+fp/hard\libc_nano.a(lib_a-stdio.o)
                0x000000000800b1e6                __sclose
 *fill*         0x000000000800b1ee        0x2 
 .text._write_r
                0x000000000800b1f0       0x24 c:/st/stm32cubeide_1.7.0/stm32cubeide/plugins/com.st.stm32cube.ide.mcu.externaltools.gnu-tools-for-stm32.9-2020-q2-update.win32_2.0.0.202105311346/tools/bin/../lib/gcc/arm-none-eabi/9.3.1/../../../../arm-none-eabi/lib/thumb/v7e-m+fp/hard\libc_nano.a(lib_a-writer.o)
                0x000000000800b1f0                _write_r
 .text._close_r
                0x000000000800b214       0x20 c:/st/stm32cubeide_1.7.0/stm32cubeide/plugins/com.st.stm32cube.ide.mcu.externaltools.gnu-tools-for-stm32.9-2020-q2-update.win32_2.0.0.202105311346/tools/bin/../lib/gcc/arm-none-eabi/9.3.1/../../../../arm-none-eabi/lib/thumb/v7e-m+fp/hard\libc_nano.a(lib_a-closer.o)
                0x000000000800b214                _close_r
 .text._fstat_r
                0x000000000800b234       0x24 c:/st/stm32cubeide_1.7.0/stm32cubeide/plugins/com.st.stm32cube.ide.mcu.externaltools.gnu-tools-for-stm32.9-2020-q2-update.win32_2.0.0.202105311346/tools/bin/../lib/gcc/arm-none-eabi/9.3.1/../../../../arm-none-eabi/lib/thumb/v7e-m+fp/hard\libc_nano.a(lib_a-fstatr.o)
                0x000000000800b234                _fstat_r
 .text._isatty_r
                0x000000000800b258       0x20 c:/st/stm32cubeide_1.7.0/stm32cubeide/plugins/com.st.stm32cube.ide.mcu.externaltools.gnu-tools-for-stm32.9-2020-q2-update.win32_2.0.0.202105311346/tools/bin/../lib/gcc/arm-none-eabi/9.3.1/../../../../arm-none-eabi/lib/thumb/v7e-m+fp/hard\libc_nano.a(lib_a-isattyr.o)
                0x000000000800b258                _isatty_r
 .text._lseek_r
                0x000000000800b278       0x24 c:/st/stm32cubeide_1.7.0/stm32cubeide/plugins/com.st.stm32cube.ide.mcu.externaltools.gnu-tools-for-stm32.9-2020-q2-update.win32_2.0.0.202105311346/tools/bin/../lib/gcc/arm-none-eabi/9.3.1/../../../../arm-none-eabi/lib/thumb/v7e-m+fp/hard\libc_nano.a(lib_a-lseekr.o)
                0x000000000800b278                _lseek_r
 .text._malloc_usable_size_r
                0x000000000800b29c       0x10 c:/st/stm32cubeide_1.7.0/stm32cubeide/plugins/com.st.stm32cube.ide.mcu.externaltools.gnu-tools-for-stm32.9-2020-q2-update.win32_2.0.0.202105311346/tools/bin/../lib/gcc/arm-none-eabi/9.3.1/../../../../arm-none-eabi/lib/thumb/v7e-m+fp/hard\libc_nano.a(lib_a-nano-msizer.o)
                0x000000000800b29c                _malloc_usable_size_r
 .text._read_r  0x000000000800b2ac       0x24 c:/st/stm32cubeide_1.7.0/stm32cubeide/plugins/com.st.stm32cube.ide.mcu.externaltools.gnu-tools-for-stm32.9-2020-q2-update.win32_2.0.0.202105311346/tools/bin/../lib/gcc/arm-none-eabi/9.3.1/../../../../arm-none-eabi/lib/thumb/v7e-m+fp/hard\libc_nano.a(lib_a-readr.o)
                0x000000000800b2ac                _read_r
 .text.trunc    0x000000000800b2d0       0x64 c:/st/stm32cubeide_1.7.0/stm32cubeide/plugins/com.st.stm32cube.ide.mcu.externaltools.gnu-tools-for-stm32.9-2020-q2-update.win32_2.0.0.202105311346/tools/bin/../lib/gcc/arm-none-eabi/9.3.1/../../../../arm-none-eabi/lib/thumb/v7e-m+fp/hard\libm.a(lib_a-s_trunc.o)
                0x000000000800b2d0                trunc
 *(.glue_7)
 .glue_7        0x000000000800b334        0x0 linker stubs
 *(.glue_7t)
 .glue_7t       0x000000000800b334        0x0 linker stubs
 *(.eh_frame)
 .eh_frame      0x000000000800b334        0x0 c:/st/stm32cubeide_1.7.0/stm32cubeide/plugins/com.st.stm32cube.ide.mcu.externaltools.gnu-tools-for-stm32.9-2020-q2-update.win32_2.0.0.202105311346/tools/bin/../lib/gcc/arm-none-eabi/9.3.1/thumb/v7e-m+fp/hard/crtbegin.o
 *(.init)
 .init          0x000000000800b334        0x4 c:/st/stm32cubeide_1.7.0/stm32cubeide/plugins/com.st.stm32cube.ide.mcu.externaltools.gnu-tools-for-stm32.9-2020-q2-update.win32_2.0.0.202105311346/tools/bin/../lib/gcc/arm-none-eabi/9.3.1/thumb/v7e-m+fp/hard/crti.o
                0x000000000800b334                _init
 .init          0x000000000800b338        0x8 c:/st/stm32cubeide_1.7.0/stm32cubeide/plugins/com.st.stm32cube.ide.mcu.externaltools.gnu-tools-for-stm32.9-2020-q2-update.win32_2.0.0.202105311346/tools/bin/../lib/gcc/arm-none-eabi/9.3.1/thumb/v7e-m+fp/hard/crtn.o
 *(.fini)
 .fini          0x000000000800b340        0x4 c:/st/stm32cubeide_1.7.0/stm32cubeide/plugins/com.st.stm32cube.ide.mcu.externaltools.gnu-tools-for-stm32.9-2020-q2-update.win32_2.0.0.202105311346/tools/bin/../lib/gcc/arm-none-eabi/9.3.1/thumb/v7e-m+fp/hard/crti.o
                0x000000000800b340                _fini
 .fini          0x000000000800b344        0x8 c:/st/stm32cubeide_1.7.0/stm32cubeide/plugins/com.st.stm32cube.ide.mcu.externaltools.gnu-tools-for-stm32.9-2020-q2-update.win32_2.0.0.202105311346/tools/bin/../lib/gcc/arm-none-eabi/9.3.1/thumb/v7e-m+fp/hard/crtn.o
                0x000000000800b34c                . = ALIGN (0x4)
                0x000000000800b34c                _etext = .

.vfp11_veneer   0x000000000800b34c        0x0
 .vfp11_veneer  0x000000000800b34c        0x0 linker stubs

.v4_bx          0x000000000800b34c        0x0
 .v4_bx         0x000000000800b34c        0x0 linker stubs

.iplt           0x000000000800b34c        0x0
 .iplt          0x000000000800b34c        0x0 c:/st/stm32cubeide_1.7.0/stm32cubeide/plugins/com.st.stm32cube.ide.mcu.externaltools.gnu-tools-for-stm32.9-2020-q2-update.win32_2.0.0.202105311346/tools/bin/../lib/gcc/arm-none-eabi/9.3.1/thumb/v7e-m+fp/hard/crtbegin.o

.rodata         0x000000000800b34c      0x1fc
                0x000000000800b34c                . = ALIGN (0x4)
 *(.rodata)
 .rodata        0x000000000800b34c       0x39 ./BlueNRG_MS/App/app_bluenrg_ms.o
 *fill*         0x000000000800b385        0x3 
 .rodata        0x000000000800b388        0x8 ./BlueNRG_MS/App/sensor.o
 .rodata        0x000000000800b390        0xd ./BlueNRG_MS/Target/hci_tl_interface.o
 *(.rodata*)
 *fill*         0x000000000800b39d        0x3 
 .rodata.AHBPrescTable
                0x000000000800b3a0       0x10 ./Core/Src/system_stm32l4xx.o
                0x000000000800b3a0                AHBPrescTable
 .rodata.APBPrescTable
                0x000000000800b3b0        0x8 ./Core/Src/system_stm32l4xx.o
                0x000000000800b3b0                APBPrescTable
 .rodata.MSIRangeTable
                0x000000000800b3b8       0x30 ./Core/Src/system_stm32l4xx.o
                0x000000000800b3b8                MSIRangeTable
 .rodata.LedGpioInit.9321
                0x000000000800b3e8        0x4 ./Drivers/BSP/B-L475E-IOT01A1/b_l475e_iot01a1.o
 .rodata.ButtonGpioInit.9352
                0x000000000800b3ec        0x4 ./Drivers/BSP/B-L475E-IOT01A1/b_l475e_iot01a1.o
 .rodata.BUTTON_EXTI_LINE.9351
                0x000000000800b3f0        0x4 ./Drivers/BSP/B-L475E-IOT01A1/b_l475e_iot01a1.o
 .rodata.ButtonCallback.9349
                0x000000000800b3f4        0x4 ./Drivers/BSP/B-L475E-IOT01A1/b_l475e_iot01a1.o
 .rodata.BSP_BUTTON_PRIO.9350
                0x000000000800b3f8        0x4 ./Drivers/BSP/B-L475E-IOT01A1/b_l475e_iot01a1.o
 .rodata._global_impure_ptr
                0x000000000800b3fc        0x4 c:/st/stm32cubeide_1.7.0/stm32cubeide/plugins/com.st.stm32cube.ide.mcu.externaltools.gnu-tools-for-stm32.9-2020-q2-update.win32_2.0.0.202105311346/tools/bin/../lib/gcc/arm-none-eabi/9.3.1/../../../../arm-none-eabi/lib/thumb/v7e-m+fp/hard\libc_nano.a(lib_a-impure.o)
                0x000000000800b3fc                _global_impure_ptr
 .rodata.srand.str1.1
                0x000000000800b400       0x76 c:/st/stm32cubeide_1.7.0/stm32cubeide/plugins/com.st.stm32cube.ide.mcu.externaltools.gnu-tools-for-stm32.9-2020-q2-update.win32_2.0.0.202105311346/tools/bin/../lib/gcc/arm-none-eabi/9.3.1/../../../../arm-none-eabi/lib/thumb/v7e-m+fp/hard\libc_nano.a(lib_a-rand.o)
 .rodata.__assert_func.str1.1
                0x000000000800b476       0x3c c:/st/stm32cubeide_1.7.0/stm32cubeide/plugins/com.st.stm32cube.ide.mcu.externaltools.gnu-tools-for-stm32.9-2020-q2-update.win32_2.0.0.202105311346/tools/bin/../lib/gcc/arm-none-eabi/9.3.1/../../../../arm-none-eabi/lib/thumb/v7e-m+fp/hard\libc_nano.a(lib_a-assert.o)
                                         0x3d (size before relaxing)
 .rodata._svfprintf_r.str1.1
                0x000000000800b4b2       0x11 c:/st/stm32cubeide_1.7.0/stm32cubeide/plugins/com.st.stm32cube.ide.mcu.externaltools.gnu-tools-for-stm32.9-2020-q2-update.win32_2.0.0.202105311346/tools/bin/../lib/gcc/arm-none-eabi/9.3.1/../../../../arm-none-eabi/lib/thumb/v7e-m+fp/hard\libc_nano.a(lib_a-nano-svfprintf.o)
 .rodata._vfprintf_r.str1.1
                0x000000000800b4c3       0x11 c:/st/stm32cubeide_1.7.0/stm32cubeide/plugins/com.st.stm32cube.ide.mcu.externaltools.gnu-tools-for-stm32.9-2020-q2-update.win32_2.0.0.202105311346/tools/bin/../lib/gcc/arm-none-eabi/9.3.1/../../../../arm-none-eabi/lib/thumb/v7e-m+fp/hard\libc_nano.a(lib_a-nano-vfprintf.o)
 .rodata._printf_i.str1.1
                0x000000000800b4c3       0x22 c:/st/stm32cubeide_1.7.0/stm32cubeide/plugins/com.st.stm32cube.ide.mcu.externaltools.gnu-tools-for-stm32.9-2020-q2-update.win32_2.0.0.202105311346/tools/bin/../lib/gcc/arm-none-eabi/9.3.1/../../../../arm-none-eabi/lib/thumb/v7e-m+fp/hard\libc_nano.a(lib_a-nano-vfprintf_i.o)
 *fill*         0x000000000800b4e5        0x3 
 .rodata.__sf_fake_stderr
                0x000000000800b4e8       0x20 c:/st/stm32cubeide_1.7.0/stm32cubeide/plugins/com.st.stm32cube.ide.mcu.externaltools.gnu-tools-for-stm32.9-2020-q2-update.win32_2.0.0.202105311346/tools/bin/../lib/gcc/arm-none-eabi/9.3.1/../../../../arm-none-eabi/lib/thumb/v7e-m+fp/hard\libc_nano.a(lib_a-findfp.o)
                0x000000000800b4e8                __sf_fake_stderr
 .rodata.__sf_fake_stdin
                0x000000000800b508       0x20 c:/st/stm32cubeide_1.7.0/stm32cubeide/plugins/com.st.stm32cube.ide.mcu.externaltools.gnu-tools-for-stm32.9-2020-q2-update.win32_2.0.0.202105311346/tools/bin/../lib/gcc/arm-none-eabi/9.3.1/../../../../arm-none-eabi/lib/thumb/v7e-m+fp/hard\libc_nano.a(lib_a-findfp.o)
                0x000000000800b508                __sf_fake_stdin
 .rodata.__sf_fake_stdout
                0x000000000800b528       0x20 c:/st/stm32cubeide_1.7.0/stm32cubeide/plugins/com.st.stm32cube.ide.mcu.externaltools.gnu-tools-for-stm32.9-2020-q2-update.win32_2.0.0.202105311346/tools/bin/../lib/gcc/arm-none-eabi/9.3.1/../../../../arm-none-eabi/lib/thumb/v7e-m+fp/hard\libc_nano.a(lib_a-findfp.o)
                0x000000000800b528                __sf_fake_stdout
                0x000000000800b548                . = ALIGN (0x4)

.ARM.extab      0x000000000800b548        0x0
                0x000000000800b548                . = ALIGN (0x4)
 *(.ARM.extab* .gnu.linkonce.armextab.*)
                0x000000000800b548                . = ALIGN (0x4)

.ARM            0x000000000800b548        0x8
                0x000000000800b548                . = ALIGN (0x4)
                0x000000000800b548                __exidx_start = .
 *(.ARM.exidx*)
 .ARM.exidx     0x000000000800b548        0x8 c:/st/stm32cubeide_1.7.0/stm32cubeide/plugins/com.st.stm32cube.ide.mcu.externaltools.gnu-tools-for-stm32.9-2020-q2-update.win32_2.0.0.202105311346/tools/bin/../lib/gcc/arm-none-eabi/9.3.1/thumb/v7e-m+fp/hard\libgcc.a(_udivmoddi4.o)
                0x000000000800b550                __exidx_end = .
                0x000000000800b550                . = ALIGN (0x4)

.rel.dyn        0x000000000800b550        0x0
 .rel.iplt      0x000000000800b550        0x0 c:/st/stm32cubeide_1.7.0/stm32cubeide/plugins/com.st.stm32cube.ide.mcu.externaltools.gnu-tools-for-stm32.9-2020-q2-update.win32_2.0.0.202105311346/tools/bin/../lib/gcc/arm-none-eabi/9.3.1/thumb/v7e-m+fp/hard/crtbegin.o

.preinit_array  0x000000000800b550        0x0
                0x000000000800b550                . = ALIGN (0x4)
                0x000000000800b550                PROVIDE (__preinit_array_start = .)
 *(.preinit_array*)
                0x000000000800b550                PROVIDE (__preinit_array_end = .)
                0x000000000800b550                . = ALIGN (0x4)

.init_array     0x000000000800b550        0x4
                0x000000000800b550                . = ALIGN (0x4)
                0x000000000800b550                PROVIDE (__init_array_start = .)
 *(SORT_BY_NAME(.init_array.*))
 *(.init_array*)
 .init_array    0x000000000800b550        0x4 c:/st/stm32cubeide_1.7.0/stm32cubeide/plugins/com.st.stm32cube.ide.mcu.externaltools.gnu-tools-for-stm32.9-2020-q2-update.win32_2.0.0.202105311346/tools/bin/../lib/gcc/arm-none-eabi/9.3.1/thumb/v7e-m+fp/hard/crtbegin.o
                0x000000000800b554                PROVIDE (__init_array_end = .)
                0x000000000800b554                . = ALIGN (0x4)

.fini_array     0x000000000800b554        0x4
                0x000000000800b554                . = ALIGN (0x4)
                [!provide]                        PROVIDE (__fini_array_start = .)
 *(SORT_BY_NAME(.fini_array.*))
 *(.fini_array*)
 .fini_array    0x000000000800b554        0x4 c:/st/stm32cubeide_1.7.0/stm32cubeide/plugins/com.st.stm32cube.ide.mcu.externaltools.gnu-tools-for-stm32.9-2020-q2-update.win32_2.0.0.202105311346/tools/bin/../lib/gcc/arm-none-eabi/9.3.1/thumb/v7e-m+fp/hard/crtbegin.o
                [!provide]                        PROVIDE (__fini_array_end = .)
                0x000000000800b558                . = ALIGN (0x4)
                0x000000000800b558                _sidata = LOADADDR (.data)

.data           0x0000000020000000      0x164 load address 0x000000000800b558
                0x0000000020000000                . = ALIGN (0x4)
                0x0000000020000000                _sdata = .
 *(.data)
 *(.data*)
 .data.user_button_init_state
                0x0000000020000000        0x1 ./BlueNRG_MS/App/app_bluenrg_ms.o
 *fill*         0x0000000020000001        0x3 
 .data.msg1     0x0000000020000004       0x30 ./BlueNRG_MS/App/app_bluenrg_ms.o
                0x0000000020000004                msg1
 .data.msg2     0x0000000020000034       0x2f ./BlueNRG_MS/App/app_bluenrg_ms.o
                0x0000000020000034                msg2
 *fill*         0x0000000020000063        0x1 
 .data.msg3     0x0000000020000064       0x30 ./BlueNRG_MS/App/app_bluenrg_ms.o
                0x0000000020000064                msg3
 .data.msg4     0x0000000020000094       0x2d ./BlueNRG_MS/App/app_bluenrg_ms.o
                0x0000000020000094                msg4
 .data.set_connectable
                0x00000000200000c1        0x1 ./BlueNRG_MS/App/sensor.o
                0x00000000200000c1                set_connectable
 *fill*         0x00000000200000c2        0x2 
 .data.SystemCoreClock
                0x00000000200000c4        0x4 ./Core/Src/system_stm32l4xx.o
                0x00000000200000c4                SystemCoreClock
 .data.LED_PORT
                0x00000000200000c8        0x4 ./Drivers/BSP/B-L475E-IOT01A1/b_l475e_iot01a1.o
 .data.BUTTON_PORT
                0x00000000200000cc        0x4 ./Drivers/BSP/B-L475E-IOT01A1/b_l475e_iot01a1.o
 .data.hpb_exti
                0x00000000200000d0        0x8 ./Drivers/BSP/B-L475E-IOT01A1/b_l475e_iot01a1.o
                0x00000000200000d0                hpb_exti
 .data.COM_USART
                0x00000000200000d8        0x4 ./Drivers/BSP/B-L475E-IOT01A1/b_l475e_iot01a1.o
                0x00000000200000d8                COM_USART
 .data.HTS221_T_Drv
                0x00000000200000dc       0x10 ./Drivers/BSP/Components/hts221/hts221.o
                0x00000000200000dc                HTS221_T_Drv
 .data.LPS22HB_P_Drv
                0x00000000200000ec        0xc ./Drivers/BSP/Components/lps22hb/lps22hb.o
                0x00000000200000ec                LPS22HB_P_Drv
 .data.uwTickPrio
                0x00000000200000f8        0x4 ./Drivers/STM32L4xx_HAL_Driver/Src/stm32l4xx_hal.o
                0x00000000200000f8                uwTickPrio
 .data.uwTickFreq
                0x00000000200000fc        0x1 ./Drivers/STM32L4xx_HAL_Driver/Src/stm32l4xx_hal.o
                0x00000000200000fc                uwTickFreq
 *fill*         0x00000000200000fd        0x3 
 .data._impure_ptr
                0x0000000020000100        0x4 c:/st/stm32cubeide_1.7.0/stm32cubeide/plugins/com.st.stm32cube.ide.mcu.externaltools.gnu-tools-for-stm32.9-2020-q2-update.win32_2.0.0.202105311346/tools/bin/../lib/gcc/arm-none-eabi/9.3.1/../../../../arm-none-eabi/lib/thumb/v7e-m+fp/hard\libc_nano.a(lib_a-impure.o)
                0x0000000020000100                _impure_ptr
 .data.impure_data
                0x0000000020000104       0x60 c:/st/stm32cubeide_1.7.0/stm32cubeide/plugins/com.st.stm32cube.ide.mcu.externaltools.gnu-tools-for-stm32.9-2020-q2-update.win32_2.0.0.202105311346/tools/bin/../lib/gcc/arm-none-eabi/9.3.1/../../../../arm-none-eabi/lib/thumb/v7e-m+fp/hard\libc_nano.a(lib_a-impure.o)
 *(.RamFunc)
 *(.RamFunc*)
                0x0000000020000164                . = ALIGN (0x4)
                0x0000000020000164                _edata = .

.igot.plt       0x0000000020000164        0x0 load address 0x000000000800b6bc
 .igot.plt      0x0000000020000164        0x0 c:/st/stm32cubeide_1.7.0/stm32cubeide/plugins/com.st.stm32cube.ide.mcu.externaltools.gnu-tools-for-stm32.9-2020-q2-update.win32_2.0.0.202105311346/tools/bin/../lib/gcc/arm-none-eabi/9.3.1/thumb/v7e-m+fp/hard/crtbegin.o
                0x0000000020000164                . = ALIGN (0x4)

.bss            0x0000000020000164      0xbd0 load address 0x000000000800b6bc
                0x0000000020000164                _sbss = .
                0x0000000020000164                __bss_start__ = _sbss
 *(.bss)
 .bss           0x0000000020000164       0x1c c:/st/stm32cubeide_1.7.0/stm32cubeide/plugins/com.st.stm32cube.ide.mcu.externaltools.gnu-tools-for-stm32.9-2020-q2-update.win32_2.0.0.202105311346/tools/bin/../lib/gcc/arm-none-eabi/9.3.1/thumb/v7e-m+fp/hard/crtbegin.o
 *(.bss*)
 .bss.bnrg_expansion_board
                0x0000000020000180        0x1 ./BlueNRG_MS/App/app_bluenrg_ms.o
                0x0000000020000180                bnrg_expansion_board
 .bss.user_button_pressed
                0x0000000020000181        0x1 ./BlueNRG_MS/App/app_bluenrg_ms.o
 *fill*         0x0000000020000182        0x2 
 .bss.temp_value
                0x0000000020000184        0x4 ./BlueNRG_MS/App/app_bluenrg_ms.o
                0x0000000020000184                temp_value
 .bss.pres_value
                0x0000000020000188        0x4 ./BlueNRG_MS/App/app_bluenrg_ms.o
                0x0000000020000188                pres_value
 .bss.str_tmp   0x000000002000018c       0x64 ./BlueNRG_MS/App/app_bluenrg_ms.o
                0x000000002000018c                str_tmp
 .bss.counter.13124
                0x00000000200001f0        0x4 ./BlueNRG_MS/App/app_bluenrg_ms.o
 .bss.connection_handle
                0x00000000200001f4        0x2 ./BlueNRG_MS/App/sensor.o
                0x00000000200001f4                connection_handle
 .bss.notification_enabled
                0x00000000200001f6        0x1 ./BlueNRG_MS/App/sensor.o
                0x00000000200001f6                notification_enabled
 *fill*         0x00000000200001f7        0x1 
 .bss.connected
                0x00000000200001f8        0x4 ./BlueNRG_MS/App/sensor.o
                0x00000000200001f8                connected
 .bss.x_axes    0x00000000200001fc        0xc ./BlueNRG_MS/App/sensor.o
                0x00000000200001fc                x_axes
 .bss.g_axes    0x0000000020000208        0xc ./BlueNRG_MS/App/sensor.o
                0x0000000020000208                g_axes
 .bss.m_axes    0x0000000020000214        0xc ./BlueNRG_MS/App/sensor.o
                0x0000000020000214                m_axes
 .bss.q_axes    0x0000000020000220        0xc ./BlueNRG_MS/App/sensor.o
                0x0000000020000220                q_axes
 .bss.read_char_buf.9754