main.c:94:5:main	104	static
main.c:185:6:SystemClock_Config	96	static
main.c:242:13:MX_DFSDM1_Init	8	static
main.c:280:13:MX_I2C2_Init	8	static
main.c:326:13:MX_QUADSPI_Init	8	static
main.c:359:13:MX_SPI3_Init	8	static
main.c:399:13:MX_USART1_UART_Init	8	static
main.c:434:13:MX_USART3_UART_Init	8	static
main.c:469:13:MX_USB_OTG_FS_PCD_Init	8	static
main.c:504:13:MX_GPIO_Init	48	static
main.c:725:6:Task1_App	16	static,ignoring_inline_asm
main.c:751:6:Task2_App	16	static,ignoring_inline_asm
main.c:778:6:Task3_App	16	static,ignoring_inline_asm
main.c:805:6:HAL_TIM_PeriodElapsedCallback	16	static
main.c:822:6:Error_Handler	4	static,ignoring_inline_asm
