b_l475e_iot01a1.c:93:9:BSP_GetVersion	4	static
b_l475e_iot01a1.c:105:9:BSP_LED_Init	16	static
b_l475e_iot01a1.c:120:9:BSP_LED_DeInit	40	static
b_l475e_iot01a1.c:143:9:BSP_LED_On	16	static
b_l475e_iot01a1.c:160:9:BSP_LED_Off	16	static
b_l475e_iot01a1.c:177:9:BSP_LED_Toggle	16	static
b_l475e_iot01a1.c:194:9:BSP_LED_GetState	16	static
b_l475e_iot01a1.c:202:13:LED_USER_GPIO_Init	40	static
b_l475e_iot01a1.c:236:9:BSP_PB_Init	24	static
b_l475e_iot01a1.c:276:9:BSP_PB_DeInit	40	static
b_l475e_iot01a1.c:294:9:BSP_PB_GetState	16	static
b_l475e_iot01a1.c:303:6:BSP_PB_IRQHandler	16	static
b_l475e_iot01a1.c:313:13:BSP_PB_Callback	16	static
b_l475e_iot01a1.c:326:13:BUTTON_USER_EXTI_Callback	8	static
b_l475e_iot01a1.c:335:13:BUTTON_USER_GPIO_Init	40	static
b_l475e_iot01a1.c:362:9:BSP_COM_Init	24	static
b_l475e_iot01a1.c:401:9:BSP_COM_DeInit	24	static
b_l475e_iot01a1.c:438:26:MX_USART1_UART_Init	24	static
b_l475e_iot01a1.c:542:9:BSP_COM_SelectLogPort	16	static
b_l475e_iot01a1.c:554:6:__io_putchar	16	static
b_l475e_iot01a1.c:567:13:USART1_MspInit	48	static
b_l475e_iot01a1.c:600:13:USART1_MspDeInit	16	static
