stm32l475e_iot01.c:357:13:I2Cx_MspInit	48	static
stm32l475e_iot01.c:399:13:I2Cx_MspDeInit	40	static
stm32l475e_iot01.c:418:13:I2Cx_Init	16	static
stm32l475e_iot01.c:443:13:I2Cx_DeInit	16	static
stm32l475e_iot01.c:459:26:I2Cx_ReadMultiple	48	static
stm32l475e_iot01.c:485:26:I2Cx_WriteMultiple	48	static
stm32l475e_iot01.c:508:26:I2Cx_IsDeviceReady	24	static
stm32l475e_iot01.c:519:13:I2Cx_Error	16	static
stm32l475e_iot01.c:541:6:SENSOR_IO_Init	8	static
stm32l475e_iot01.c:550:6:SENSOR_IO_DeInit	8	static
stm32l475e_iot01.c:562:6:SENSOR_IO_Write	24	static
stm32l475e_iot01.c:573:9:SENSOR_IO_Read	32	static
stm32l475e_iot01.c:591:10:SENSOR_IO_ReadMultiple	24	static
stm32l475e_iot01.c:605:6:SENSOR_IO_WriteMultiple	24	static
stm32l475e_iot01.c:617:19:SENSOR_IO_IsDeviceReady	16	static
stm32l475e_iot01.c:627:6:SENSOR_IO_Delay	16	static
stm32l475e_iot01.c:639:6:NFC_IO_Init	40	static
stm32l475e_iot01.c:681:6:NFC_IO_DeInit	8	static
stm32l475e_iot01.c:693:10:NFC_IO_ReadMultiple	32	static
stm32l475e_iot01.c:719:11:NFC_IO_WriteMultiple	32	static
stm32l475e_iot01.c:744:12:NFC_IO_IsDeviceReady	32	static
stm32l475e_iot01.c:772:6:NFC_IO_ReadState	16	static
stm32l475e_iot01.c:781:6:NFC_IO_RfDisable	16	static
stm32l475e_iot01.c:791:6:NFC_IO_Delay	16	static
