main.c:88:5:main	8	static
main.c:207:6:SystemClock_Config	96	static
main.c:264:13:MX_DFSDM1_Init	8	static
main.c:302:13:MX_I2C2_Init	8	static
main.c:348:13:MX_QUADSPI_Init	8	static
main.c:381:13:MX_SPI3_Init	8	static
main.c:421:13:MX_TIM2_Init	40	static
main.c:466:13:MX_USART1_UART_Init	8	static
main.c:501:13:MX_USART3_UART_Init	8	static
main.c:536:13:MX_USB_OTG_FS_PCD_Init	8	static
main.c:571:13:MX_GPIO_Init	48	static
main.c:747:6:HAL_GPIO_EXTI_Callback	16	static,ignoring_inline_asm
main.c:776:6:Error_Handler	4	static,ignoring_inline_asm
