Archive member included to satisfy reference by file (symbol)

c:/st/stm32cubeide_1.6.1/stm32cubeide/plugins/com.st.stm32cube.ide.mcu.externaltools.gnu-tools-for-stm32.9-2020-q2-update.win32_1.5.0.202011040924/tools/bin/../lib/gcc/arm-none-eabi/9.3.1/../../../../arm-none-eabi/lib/thumb/v7e-m+fp/hard\libc_nano.a(lib_a-errno.o)
                              Core/Src/syscalls.o (__errno)
c:/st/stm32cubeide_1.6.1/stm32cubeide/plugins/com.st.stm32cube.ide.mcu.externaltools.gnu-tools-for-stm32.9-2020-q2-update.win32_1.5.0.202011040924/tools/bin/../lib/gcc/arm-none-eabi/9.3.1/../../../../arm-none-eabi/lib/thumb/v7e-m+fp/hard\libc_nano.a(lib_a-exit.o)
                              c:/st/stm32cubeide_1.6.1/stm32cubeide/plugins/com.st.stm32cube.ide.mcu.externaltools.gnu-tools-for-stm32.9-2020-q2-update.win32_1.5.0.202011040924/tools/bin/../lib/gcc/arm-none-eabi/9.3.1/../../../../arm-none-eabi/lib/thumb/v7e-m+fp/hard/crt0.o (exit)
c:/st/stm32cubeide_1.6.1/stm32cubeide/plugins/com.st.stm32cube.ide.mcu.externaltools.gnu-tools-for-stm32.9-2020-q2-update.win32_1.5.0.202011040924/tools/bin/../lib/gcc/arm-none-eabi/9.3.1/../../../../arm-none-eabi/lib/thumb/v7e-m+fp/hard\libc_nano.a(lib_a-impure.o)
                              c:/st/stm32cubeide_1.6.1/stm32cubeide/plugins/com.st.stm32cube.ide.mcu.externaltools.gnu-tools-for-stm32.9-2020-q2-update.win32_1.5.0.202011040924/tools/bin/../lib/gcc/arm-none-eabi/9.3.1/../../../../arm-none-eabi/lib/thumb/v7e-m+fp/hard\libc_nano.a(lib_a-exit.o) (_global_impure_ptr)
c:/st/stm32cubeide_1.6.1/stm32cubeide/plugins/com.st.stm32cube.ide.mcu.externaltools.gnu-tools-for-stm32.9-2020-q2-update.win32_1.5.0.202011040924/tools/bin/../lib/gcc/arm-none-eabi/9.3.1/../../../../arm-none-eabi/lib/thumb/v7e-m+fp/hard\libc_nano.a(lib_a-init.o)
                              c:/st/stm32cubeide_1.6.1/stm32cubeide/plugins/com.st.stm32cube.ide.mcu.externaltools.gnu-tools-for-stm32.9-2020-q2-update.win32_1.5.0.202011040924/tools/bin/../lib/gcc/arm-none-eabi/9.3.1/../../../../arm-none-eabi/lib/thumb/v7e-m+fp/hard/crt0.o (__libc_init_array)
c:/st/stm32cubeide_1.6.1/stm32cubeide/plugins/com.st.stm32cube.ide.mcu.externaltools.gnu-tools-for-stm32.9-2020-q2-update.win32_1.5.0.202011040924/tools/bin/../lib/gcc/arm-none-eabi/9.3.1/../../../../arm-none-eabi/lib/thumb/v7e-m+fp/hard\libc_nano.a(lib_a-memset.o)
                              c:/st/stm32cubeide_1.6.1/stm32cubeide/plugins/com.st.stm32cube.ide.mcu.externaltools.gnu-tools-for-stm32.9-2020-q2-update.win32_1.5.0.202011040924/tools/bin/../lib/gcc/arm-none-eabi/9.3.1/../../../../arm-none-eabi/lib/thumb/v7e-m+fp/hard/crt0.o (memset)
c:/st/stm32cubeide_1.6.1/stm32cubeide/plugins/com.st.stm32cube.ide.mcu.externaltools.gnu-tools-for-stm32.9-2020-q2-update.win32_1.5.0.202011040924/tools/bin/../lib/gcc/arm-none-eabi/9.3.1/thumb/v7e-m+fp/hard\libgcc.a(_aeabi_uldivmod.o)
                              Drivers/STM32L4xx_HAL_Driver/Src/stm32l4xx_hal_uart.o (__aeabi_uldivmod)
c:/st/stm32cubeide_1.6.1/stm32cubeide/plugins/com.st.stm32cube.ide.mcu.externaltools.gnu-tools-for-stm32.9-2020-q2-update.win32_1.5.0.202011040924/tools/bin/../lib/gcc/arm-none-eabi/9.3.1/thumb/v7e-m+fp/hard\libgcc.a(_udivmoddi4.o)
                              c:/st/stm32cubeide_1.6.1/stm32cubeide/plugins/com.st.stm32cube.ide.mcu.externaltools.gnu-tools-for-stm32.9-2020-q2-update.win32_1.5.0.202011040924/tools/bin/../lib/gcc/arm-none-eabi/9.3.1/thumb/v7e-m+fp/hard\libgcc.a(_aeabi_uldivmod.o) (__udivmoddi4)
c:/st/stm32cubeide_1.6.1/stm32cubeide/plugins/com.st.stm32cube.ide.mcu.externaltools.gnu-tools-for-stm32.9-2020-q2-update.win32_1.5.0.202011040924/tools/bin/../lib/gcc/arm-none-eabi/9.3.1/thumb/v7e-m+fp/hard\libgcc.a(_dvmd_tls.o)
                              c:/st/stm32cubeide_1.6.1/stm32cubeide/plugins/com.st.stm32cube.ide.mcu.externaltools.gnu-tools-for-stm32.9-2020-q2-update.win32_1.5.0.202011040924/tools/bin/../lib/gcc/arm-none-eabi/9.3.1/thumb/v7e-m+fp/hard\libgcc.a(_aeabi_uldivmod.o) (__aeabi_ldiv0)

Allocating common symbols
Common symbol       size              file

hdma_usart2_rx      0x48              Core/Src/main.o
uart_bfr            0x1               Core/Src/main.o
uwTick              0x4               Drivers/STM32L4xx_HAL_Driver/Src/stm32l4xx_hal.o
inits               0x2               Core/Src/main.o
init1               0x1               Core/Src/main.o
htim1               0x4c              Core/Src/main.o
huart2              0x84              Core/Src/main.o
init2               0x1               Core/Src/main.o
cmd                 0x1               Core/Src/main.o

Discarded input sections

 .text          0x0000000000000000        0x0 c:/st/stm32cubeide_1.6.1/stm32cubeide/plugins/com.st.stm32cube.ide.mcu.externaltools.gnu-tools-for-stm32.9-2020-q2-update.win32_1.5.0.202011040924/tools/bin/../lib/gcc/arm-none-eabi/9.3.1/thumb/v7e-m+fp/hard/crti.o
[...]
Memory Configuration

Name             Origin             Length             Attributes
RAM              0x0000000020000000 0x0000000000010000 xrw
FLASH            0x0000000008000000 0x0000000000040000 xr
*default*        0x0000000000000000 0xffffffffffffffff

Linker script and memory map

LOAD c:/st/stm32cubeide_1.6.1/stm32cubeide/plugins/com.st.stm32cube.ide.mcu.externaltools.gnu-tools-for-stm32.9-2020-q2-update.win32_1.5.0.202011040924/tools/bin/../lib/gcc/arm-none-eabi/9.3.1/thumb/v7e-m+fp/hard/crti.o
LOAD c:/st/stm32cubeide_1.6.1/stm32cubeide/plugins/com.st.stm32cube.ide.mcu.externaltools.gnu-tools-for-stm32.9-2020-q2-update.win32_1.5.0.202011040924/tools/bin/../lib/gcc/arm-none-eabi/9.3.1/thumb/v7e-m+fp/hard/crtbegin.o
LOAD c:/st/stm32cubeide_1.6.1/stm32cubeide/plugins/com.st.stm32cube.ide.mcu.externaltools.gnu-tools-for-stm32.9-2020-q2-update.win32_1.5.0.202011040924/tools/bin/../lib/gcc/arm-none-eabi/9.3.1/../../../../arm-none-eabi/lib/thumb/v7e-m+fp/hard/crt0.o
LOAD Core/Src/main.o
LOAD Core/Src/stm32l4xx_hal_msp.o
LOAD Core/Src/stm32l4xx_it.o
LOAD Core/Src/syscalls.o
LOAD Core/Src/sysmem.o
LOAD Core/Src/system_stm32l4xx.o
LOAD Core/Startup/startup_stm32l432kcux.o
LOAD Drivers/STM32L4xx_HAL_Driver/Src/stm32l4xx_hal.o
LOAD Drivers/STM32L4xx_HAL_Driver/Src/stm32l4xx_hal_cortex.o
LOAD Drivers/STM32L4xx_HAL_Driver/Src/stm32l4xx_hal_dma.o
LOAD Drivers/STM32L4xx_HAL_Driver/Src/stm32l4xx_hal_dma_ex.o
LOAD Drivers/STM32L4xx_HAL_Driver/Src/stm32l4xx_hal_exti.o
LOAD Drivers/STM32L4xx_HAL_Driver/Src/stm32l4xx_hal_flash.o
LOAD Drivers/STM32L4xx_HAL_Driver/Src/stm32l4xx_hal_flash_ex.o
LOAD Drivers/STM32L4xx_HAL_Driver/Src/stm32l4xx_hal_flash_ramfunc.o
LOAD Drivers/STM32L4xx_HAL_Driver/Src/stm32l4xx_hal_gpio.o
LOAD Drivers/STM32L4xx_HAL_Driver/Src/stm32l4xx_hal_i2c.o
LOAD Drivers/STM32L4xx_HAL_Driver/Src/stm32l4xx_hal_i2c_ex.o
LOAD Drivers/STM32L4xx_HAL_Driver/Src/stm32l4xx_hal_pwr.o
LOAD Drivers/STM32L4xx_HAL_Driver/Src/stm32l4xx_hal_pwr_ex.o
LOAD Drivers/STM32L4xx_HAL_Driver/Src/stm32l4xx_hal_rcc.o
LOAD Drivers/STM32L4xx_HAL_Driver/Src/stm32l4xx_hal_rcc_ex.o
LOAD Drivers/STM32L4xx_HAL_Driver/Src/stm32l4xx_hal_tim.o
LOAD Drivers/STM32L4xx_HAL_Driver/Src/stm32l4xx_hal_tim_ex.o
LOAD Drivers/STM32L4xx_HAL_Driver/Src/stm32l4xx_hal_uart.o
LOAD Drivers/STM32L4xx_HAL_Driver/Src/stm32l4xx_hal_uart_ex.o
START GROUP
LOAD c:/st/stm32cubeide_1.6.1/stm32cubeide/plugins/com.st.stm32cube.ide.mcu.externaltools.gnu-tools-for-stm32.9-2020-q2-update.win32_1.5.0.202011040924/tools/bin/../lib/gcc/arm-none-eabi/9.3.1/../../../../arm-none-eabi/lib/thumb/v7e-m+fp/hard\libc_nano.a
LOAD c:/st/stm32cubeide_1.6.1/stm32cubeide/plugins/com.st.stm32cube.ide.mcu.externaltools.gnu-tools-for-stm32.9-2020-q2-update.win32_1.5.0.202011040924/tools/bin/../lib/gcc/arm-none-eabi/9.3.1/../../../../arm-none-eabi/lib/thumb/v7e-m+fp/hard\libm.a
END GROUP
START GROUP
LOAD c:/st/stm32cubeide_1.6.1/stm32cubeide/plugins/com.st.stm32cube.ide.mcu.externaltools.gnu-tools-for-stm32.9-2020-q2-update.win32_1.5.0.202011040924/tools/bin/../lib/gcc/arm-none-eabi/9.3.1/thumb/v7e-m+fp/hard\libgcc.a
LOAD c:/st/stm32cubeide_1.6.1/stm32cubeide/plugins/com.st.stm32cube.ide.mcu.externaltools.gnu-tools-for-stm32.9-2020-q2-update.win32_1.5.0.202011040924/tools/bin/../lib/gcc/arm-none-eabi/9.3.1/../../../../arm-none-eabi/lib/thumb/v7e-m+fp/hard\libc_nano.a
END GROUP
START GROUP
LOAD c:/st/stm32cubeide_1.6.1/stm32cubeide/plugins/com.st.stm32cube.ide.mcu.externaltools.gnu-tools-for-stm32.9-2020-q2-update.win32_1.5.0.202011040924/tools/bin/../lib/gcc/arm-none-eabi/9.3.1/thumb/v7e-m+fp/hard\libgcc.a
LOAD c:/st/stm32cubeide_1.6.1/stm32cubeide/plugins/com.st.stm32cube.ide.mcu.externaltools.gnu-tools-for-stm32.9-2020-q2-update.win32_1.5.0.202011040924/tools/bin/../lib/gcc/arm-none-eabi/9.3.1/../../../../arm-none-eabi/lib/thumb/v7e-m+fp/hard\libc_nano.a
LOAD c:/st/stm32cubeide_1.6.1/stm32cubeide/plugins/com.st.stm32cube.ide.mcu.externaltools.gnu-tools-for-stm32.9-2020-q2-update.win32_1.5.0.202011040924/tools/bin/../lib/gcc/arm-none-eabi/9.3.1/../../../../arm-none-eabi/lib/thumb/v7e-m+fp/hard\libnosys.a
END GROUP
START GROUP
LOAD c:/st/stm32cubeide_1.6.1/stm32cubeide/plugins/com.st.stm32cube.ide.mcu.externaltools.gnu-tools-for-stm32.9-2020-q2-update.win32_1.5.0.202011040924/tools/bin/../lib/gcc/arm-none-eabi/9.3.1/thumb/v7e-m+fp/hard\libgcc.a
LOAD c:/st/stm32cubeide_1.6.1/stm32cubeide/plugins/com.st.stm32cube.ide.mcu.externaltools.gnu-tools-for-stm32.9-2020-q2-update.win32_1.5.0.202011040924/tools/bin/../lib/gcc/arm-none-eabi/9.3.1/../../../../arm-none-eabi/lib/thumb/v7e-m+fp/hard\libc_nano.a
LOAD c:/st/stm32cubeide_1.6.1/stm32cubeide/plugins/com.st.stm32cube.ide.mcu.externaltools.gnu-tools-for-stm32.9-2020-q2-update.win32_1.5.0.202011040924/tools/bin/../lib/gcc/arm-none-eabi/9.3.1/../../../../arm-none-eabi/lib/thumb/v7e-m+fp/hard\libnosys.a
END GROUP
LOAD c:/st/stm32cubeide_1.6.1/stm32cubeide/plugins/com.st.stm32cube.ide.mcu.externaltools.gnu-tools-for-stm32.9-2020-q2-update.win32_1.5.0.202011040924/tools/bin/../lib/gcc/arm-none-eabi/9.3.1/thumb/v7e-m+fp/hard/crtend.o
LOAD c:/st/stm32cubeide_1.6.1/stm32cubeide/plugins/com.st.stm32cube.ide.mcu.externaltools.gnu-tools-for-stm32.9-2020-q2-update.win32_1.5.0.202011040924/tools/bin/../lib/gcc/arm-none-eabi/9.3.1/thumb/v7e-m+fp/hard/crtn.o
                0x0000000020010000                _estack = (ORIGIN (RAM) + LENGTH (RAM))
                0x0000000000000200                _Min_Heap_Size = 0x200
                0x0000000000000400                _Min_Stack_Size = 0x400

.isr_vector     0x0000000008000000      0x18c
                0x0000000008000000                . = ALIGN (0x4)
 *(.isr_vector)
 .isr_vector    0x0000000008000000      0x18c Core/Startup/startup_stm32l432kcux.o
                0x0000000008000000                g_pfnVectors
                0x000000000800018c                . = ALIGN (0x4)

.text           0x000000000800018c     0x4d84
                0x000000000800018c                . = ALIGN (0x4)
 *(.text)
 .text          0x000000000800018c       0x40 c:/st/stm32cubeide_1.6.1/stm32cubeide/plugins/com.st.stm32cube.ide.mcu.externaltools.gnu-tools-for-stm32.9-2020-q2-update.win32_1.5.0.202011040924/tools/bin/../lib/gcc/arm-none-eabi/9.3.1/thumb/v7e-m+fp/hard/crtbegin.o
 .text          0x00000000080001cc       0x30 c:/st/stm32cubeide_1.6.1/stm32cubeide/plugins/com.st.stm32cube.ide.mcu.externaltools.gnu-tools-for-stm32.9-2020-q2-update.win32_1.5.0.202011040924/tools/bin/../lib/gcc/arm-none-eabi/9.3.1/thumb/v7e-m+fp/hard\libgcc.a(_aeabi_uldivmod.o)
                0x00000000080001cc                __aeabi_uldivmod
 .text          0x00000000080001fc      0x2c4 c:/st/stm32cubeide_1.6.1/stm32cubeide/plugins/com.st.stm32cube.ide.mcu.externaltools.gnu-tools-for-stm32.9-2020-q2-update.win32_1.5.0.202011040924/tools/bin/../lib/gcc/arm-none-eabi/9.3.1/thumb/v7e-m+fp/hard\libgcc.a(_udivmoddi4.o)
                0x00000000080001fc                __udivmoddi4
 .text          0x00000000080004c0        0x4 c:/st/stm32cubeide_1.6.1/stm32cubeide/plugins/com.st.stm32cube.ide.mcu.externaltools.gnu-tools-for-stm32.9-2020-q2-update.win32_1.5.0.202011040924/tools/bin/../lib/gcc/arm-none-eabi/9.3.1/thumb/v7e-m+fp/hard\libgcc.a(_dvmd_tls.o)
                0x00000000080004c0                __aeabi_idiv0
                0x00000000080004c0                __aeabi_ldiv0
 *(.text*)
 .text.main     0x00000000080004c4       0xd0 Core/Src/main.o
                0x00000000080004c4                main
 .text.SystemClock_Config
                0x0000000008000594      0x104 Core/Src/main.o
                0x0000000008000594                SystemClock_Config
 .text.MX_TIM1_Init
                0x0000000008000698      0x158 Core/Src/main.o
 .text.MX_USART2_UART_Init
                0x00000000080007f0       0x60 Core/Src/main.o
 .text.MX_DMA_Init
                0x0000000008000850       0x3c Core/Src/main.o
 .text.MX_GPIO_Init
                0x000000000800088c       0x94 Core/Src/main.o
 .text.HAL_UART_RxCpltCallback
                0x0000000008000920       0x48 Core/Src/main.o
                0x0000000008000920                HAL_UART_RxCpltCallback
 .text.start    0x0000000008000968       0xbc Core/Src/main.o
                0x0000000008000968                start
 .text.dot      0x0000000008000a24       0x28 Core/Src/main.o
                0x0000000008000a24                dot
 .text.dash     0x0000000008000a4c       0x28 Core/Src/main.o
                0x0000000008000a4c                dash
 .text.ledTiming
                0x0000000008000a74       0x3c Core/Src/main.o
                0x0000000008000a74                ledTiming
 .text.space    0x0000000008000ab0       0x24 Core/Src/main.o
                0x0000000008000ab0                space
 .text.ledMorseAlphabet
                0x0000000008000ad4      0x320 Core/Src/main.o
                0x0000000008000ad4                ledMorseAlphabet
 .text.checkLetter
                0x0000000008000df4       0x84 Core/Src/main.o
                0x0000000008000df4                checkLetter
 .text.Error_Handler
                0x0000000008000e78        0xa Core/Src/main.o
                0x0000000008000e78                Error_Handler
 *fill*         0x0000000008000e82        0x2 
 .text.HAL_MspInit
                0x0000000008000e84       0x48 Core/Src/stm32l4xx_hal_msp.o
                0x0000000008000e84                HAL_MspInit
 .text.HAL_TIM_Base_MspInit
                0x0000000008000ecc       0x40 Core/Src/stm32l4xx_hal_msp.o
                0x0000000008000ecc                HAL_TIM_Base_MspInit
 .text.HAL_TIM_MspPostInit
                0x0000000008000f0c       0x6c Core/Src/stm32l4xx_hal_msp.o
                0x0000000008000f0c                HAL_TIM_MspPostInit
 .text.HAL_UART_MspInit
                0x0000000008000f78      0x114 Core/Src/stm32l4xx_hal_msp.o
                0x0000000008000f78                HAL_UART_MspInit
 .text.NMI_Handler
                0x000000000800108c        0x6 Core/Src/stm32l4xx_it.o
                0x000000000800108c                NMI_Handler
 .text.HardFault_Handler
                0x0000000008001092        0x6 Core/Src/stm32l4xx_it.o
                0x0000000008001092                HardFault_Handler
 .text.MemManage_Handler
                0x0000000008001098        0x6 Core/Src/stm32l4xx_it.o
                0x0000000008001098                MemManage_Handler
 .text.BusFault_Handler
                0x000000000800109e        0x6 Core/Src/stm32l4xx_it.o
                0x000000000800109e                BusFault_Handler
 .text.UsageFault_Handler
                0x00000000080010a4        0x6 Core/Src/stm32l4xx_it.o
                0x00000000080010a4                UsageFault_Handler
 .text.SVC_Handler
                0x00000000080010aa        0xe Core/Src/stm32l4xx_it.o
                0x00000000080010aa                SVC_Handler
 .text.DebugMon_Handler
                0x00000000080010b8        0xe Core/Src/stm32l4xx_it.o
                0x00000000080010b8                DebugMon_Handler
 .text.PendSV_Handler
                0x00000000080010c6        0xe Core/Src/stm32l4xx_it.o
                0x00000000080010c6                PendSV_Handler
 .text.SysTick_Handler
                0x00000000080010d4        0xc Core/Src/stm32l4xx_it.o
                0x00000000080010d4                SysTick_Handler
 .text.DMA1_Channel6_IRQHandler
                0x00000000080010e0       0x14 Core/Src/stm32l4xx_it.o
                0x00000000080010e0                DMA1_Channel6_IRQHandler
 .text.USART2_IRQHandler
                0x00000000080010f4       0x14 Core/Src/stm32l4xx_it.o
                0x00000000080010f4                USART2_IRQHandler
 .text.SystemInit
                0x0000000008001108       0x64 Core/Src/system_stm32l4xx.o
                0x0000000008001108                SystemInit
 .text.Reset_Handler
                0x000000000800116c       0x50 Core/Startup/startup_stm32l432kcux.o
                0x000000000800116c                Reset_Handler
 .text.Default_Handler
                0x00000000080011bc        0x2 Core/Startup/startup_stm32l432kcux.o
                0x00000000080011bc                RTC_Alarm_IRQHandler
                0x00000000080011bc                EXTI2_IRQHandler
                0x00000000080011bc                TIM1_CC_IRQHandler
                0x00000000080011bc                TSC_IRQHandler
                0x00000000080011bc                TAMP_STAMP_IRQHandler
                0x00000000080011bc                EXTI3_IRQHandler
                0x00000000080011bc                LPTIM2_IRQHandler
                0x00000000080011bc                I2C3_ER_IRQHandler
                0x00000000080011bc                EXTI0_IRQHandler
                0x00000000080011bc                CAN1_RX0_IRQHandler
                0x00000000080011bc                FPU_IRQHandler
                0x00000000080011bc                TIM1_UP_TIM16_IRQHandler
                0x00000000080011bc                SPI1_IRQHandler
                0x00000000080011bc                TIM6_DAC_IRQHandler
                0x00000000080011bc                DMA2_Channel2_IRQHandler
                0x00000000080011bc                DMA1_Channel4_IRQHandler
                0x00000000080011bc                ADC1_IRQHandler
                0x00000000080011bc                DMA1_Channel7_IRQHandler
                0x00000000080011bc                CAN1_RX1_IRQHandler
                0x00000000080011bc                DMA2_Channel1_IRQHandler
                0x00000000080011bc                QUADSPI_IRQHandler
                0x00000000080011bc                I2C1_EV_IRQHandler
                0x00000000080011bc                DMA2_Channel4_IRQHandler
                0x00000000080011bc                RCC_IRQHandler
                0x00000000080011bc                TIM1_TRG_COM_IRQHandler
                0x00000000080011bc                DMA1_Channel1_IRQHandler
                0x00000000080011bc                Default_Handler
                0x00000000080011bc                DMA2_Channel7_IRQHandler
                0x00000000080011bc                EXTI15_10_IRQHandler
                0x00000000080011bc                TIM7_IRQHandler
                0x00000000080011bc                I2C3_EV_IRQHandler
                0x00000000080011bc                USB_IRQHandler
                0x00000000080011bc                EXTI9_5_IRQHandler
                0x00000000080011bc                RTC_WKUP_IRQHandler
                0x00000000080011bc                PVD_PVM_IRQHandler
                0x00000000080011bc                CAN1_TX_IRQHandler
                0x00000000080011bc                DMA2_Channel5_IRQHandler
                0x00000000080011bc                CRS_IRQHandler
                0x00000000080011bc                DMA1_Channel5_IRQHandler
                0x00000000080011bc                EXTI4_IRQHandler
                0x00000000080011bc                RNG_IRQHandler
                0x00000000080011bc                DMA1_Channel3_IRQHandler
                0x00000000080011bc                COMP_IRQHandler
                0x00000000080011bc                WWDG_IRQHandler
                0x00000000080011bc                LPUART1_IRQHandler
                0x00000000080011bc                DMA2_Channel6_IRQHandler
                0x00000000080011bc                TIM2_IRQHandler
                0x00000000080011bc                EXTI1_IRQHandler
                0x00000000080011bc                DMA1_Channel2_IRQHandler
                0x00000000080011bc                CAN1_SCE_IRQHandler
                0x00000000080011bc                FLASH_IRQHandler
                0x00000000080011bc                USART1_IRQHandler
                0x00000000080011bc                SPI3_IRQHandler
                0x00000000080011bc                I2C1_ER_IRQHandler
                0x00000000080011bc                SWPMI1_IRQHandler
                0x00000000080011bc                LPTIM1_IRQHandler
                0x00000000080011bc                SAI1_IRQHandler
                0x00000000080011bc                DMA2_Channel3_IRQHandler
                0x00000000080011bc                TIM1_BRK_TIM15_IRQHandler
 .text.HAL_Init
                0x00000000080011be       0x30 Drivers/STM32L4xx_HAL_Driver/Src/stm32l4xx_hal.o
                0x00000000080011be                HAL_Init
 *fill*         0x00000000080011ee        0x2 
 .text.HAL_InitTick
                0x00000000080011f0       0x78 Drivers/STM32L4xx_HAL_Driver/Src/stm32l4xx_hal.o
                0x00000000080011f0                HAL_InitTick
 .text.HAL_IncTick
                0x0000000008001268       0x28 Drivers/STM32L4xx_HAL_Driver/Src/stm32l4xx_hal.o
                0x0000000008001268                HAL_IncTick
 .text.HAL_GetTick
                0x0000000008001290       0x18 Drivers/STM32L4xx_HAL_Driver/Src/stm32l4xx_hal.o
                0x0000000008001290                HAL_GetTick
 .text.HAL_Delay
                0x00000000080012a8       0x48 Drivers/STM32L4xx_HAL_Driver/Src/stm32l4xx_hal.o
                0x00000000080012a8                HAL_Delay
 .text.__NVIC_SetPriorityGrouping
                0x00000000080012f0       0x48 Drivers/STM32L4xx_HAL_Driver/Src/stm32l4xx_hal_cortex.o
 .text.__NVIC_GetPriorityGrouping
                0x0000000008001338       0x1c Drivers/STM32L4xx_HAL_Driver/Src/stm32l4xx_hal_cortex.o
 .text.__NVIC_EnableIRQ
                0x0000000008001354       0x3c Drivers/STM32L4xx_HAL_Driver/Src/stm32l4xx_hal_cortex.o
 .text.__NVIC_SetPriority
                0x0000000008001390       0x54 Drivers/STM32L4xx_HAL_Driver/Src/stm32l4xx_hal_cortex.o
 .text.NVIC_EncodePriority
                0x00000000080013e4       0x66 Drivers/STM32L4xx_HAL_Driver/Src/stm32l4xx_hal_cortex.o
 *fill*         0x000000000800144a        0x2 
 .text.SysTick_Config
                0x000000000800144c       0x44 Drivers/STM32L4xx_HAL_Driver/Src/stm32l4xx_hal_cortex.o
 .text.HAL_NVIC_SetPriorityGrouping
                0x0000000008001490       0x16 Drivers/STM32L4xx_HAL_Driver/Src/stm32l4xx_hal_cortex.o
                0x0000000008001490                HAL_NVIC_SetPriorityGrouping
 .text.HAL_NVIC_SetPriority
                0x00000000080014a6       0x38 Drivers/STM32L4xx_HAL_Driver/Src/stm32l4xx_hal_cortex.o
                0x00000000080014a6                HAL_NVIC_SetPriority
 .text.HAL_NVIC_EnableIRQ
                0x00000000080014de       0x1c Drivers/STM32L4xx_HAL_Driver/Src/stm32l4xx_hal_cortex.o
                0x00000000080014de                HAL_NVIC_EnableIRQ
 .text.HAL_SYSTICK_Config
                0x00000000080014fa       0x18 Drivers/STM32L4xx_HAL_Driver/Src/stm32l4xx_hal_cortex.o
                0x00000000080014fa                HAL_SYSTICK_Config
 *fill*         0x0000000008001512        0x2 
 .text.HAL_DMA_Init
                0x0000000008001514      0x170 Drivers/STM32L4xx_HAL_Driver/Src/stm32l4xx_hal_dma.o
                0x0000000008001514                HAL_DMA_Init
 .text.HAL_DMA_Start_IT
                0x0000000008001684       0xc0 Drivers/STM32L4xx_HAL_Driver/Src/stm32l4xx_hal_dma.o
                0x0000000008001684                HAL_DMA_Start_IT
 .text.HAL_DMA_Abort
                0x0000000008001744       0x7c Drivers/STM32L4xx_HAL_Driver/Src/stm32l4xx_hal_dma.o
                0x0000000008001744                HAL_DMA_Abort
 .text.HAL_DMA_Abort_IT
                0x00000000080017c0       0x82 Drivers/STM32L4xx_HAL_Driver/Src/stm32l4xx_hal_dma.o
                0x00000000080017c0                HAL_DMA_Abort_IT
 .text.HAL_DMA_IRQHandler
                0x0000000008001842      0x15e Drivers/STM32L4xx_HAL_Driver/Src/stm32l4xx_hal_dma.o
                0x0000000008001842                HAL_DMA_IRQHandler
 .text.DMA_SetConfig
                0x00000000080019a0       0x60 Drivers/STM32L4xx_HAL_Driver/Src/stm32l4xx_hal_dma.o
 .text.HAL_GPIO_Init
                0x0000000008001a00      0x2d4 Drivers/STM32L4xx_HAL_Driver/Src/stm32l4xx_hal_gpio.o
                0x0000000008001a00                HAL_GPIO_Init
 .text.HAL_GPIO_WritePin
                0x0000000008001cd4       0x30 Drivers/STM32L4xx_HAL_Driver/Src/stm32l4xx_hal_gpio.o
                0x0000000008001cd4                HAL_GPIO_WritePin
 .text.HAL_PWR_EnableBkUpAccess
                0x0000000008001d04       0x20 Drivers/STM32L4xx_HAL_Driver/Src/stm32l4xx_hal_pwr.o
                0x0000000008001d04                HAL_PWR_EnableBkUpAccess
 .text.HAL_PWREx_GetVoltageRange
                0x0000000008001d24       0x1c Drivers/STM32L4xx_HAL_Driver/Src/stm32l4xx_hal_pwr_ex.o
                0x0000000008001d24                HAL_PWREx_GetVoltageRange
 .text.HAL_PWREx_ControlVoltageScaling
                0x0000000008001d40       0xac Drivers/STM32L4xx_HAL_Driver/Src/stm32l4xx_hal_pwr_ex.o
                0x0000000008001d40                HAL_PWREx_ControlVoltageScaling
 .text.HAL_RCC_OscConfig
                0x0000000008001dec      0x840 Drivers/STM32L4xx_HAL_Driver/Src/stm32l4xx_hal_rcc.o
                0x0000000008001dec                HAL_RCC_OscConfig
 .text.HAL_RCC_ClockConfig
                0x000000000800262c      0x1c4 Drivers/STM32L4xx_HAL_Driver/Src/stm32l4xx_hal_rcc.o
                0x000000000800262c                HAL_RCC_ClockConfig
 .text.HAL_RCC_GetSysClockFreq
                0x00000000080027f0      0x118 Drivers/STM32L4xx_HAL_Driver/Src/stm32l4xx_hal_rcc.o
                0x00000000080027f0                HAL_RCC_GetSysClockFreq
 .text.HAL_RCC_GetHCLKFreq
                0x0000000008002908       0x18 Drivers/STM32L4xx_HAL_Driver/Src/stm32l4xx_hal_rcc.o
                0x0000000008002908                HAL_RCC_GetHCLKFreq
 .text.HAL_RCC_GetPCLK1Freq
                0x0000000008002920       0x2c Drivers/STM32L4xx_HAL_Driver/Src/stm32l4xx_hal_rcc.o
                0x0000000008002920                HAL_RCC_GetPCLK1Freq
 .text.HAL_RCC_GetPCLK2Freq
                0x000000000800294c       0x2c Drivers/STM32L4xx_HAL_Driver/Src/stm32l4xx_hal_rcc.o
                0x000000000800294c                HAL_RCC_GetPCLK2Freq
 .text.RCC_SetFlashLatencyFromMSIRange
                0x0000000008002978       0xc0 Drivers/STM32L4xx_HAL_Driver/Src/stm32l4xx_hal_rcc.o
 .text.HAL_RCCEx_PeriphCLKConfig
                0x0000000008002a38      0x3e8 Drivers/STM32L4xx_HAL_Driver/Src/stm32l4xx_hal_rcc_ex.o
                0x0000000008002a38                HAL_RCCEx_PeriphCLKConfig
 .text.HAL_RCCEx_EnableMSIPLLMode
                0x0000000008002e20       0x20 Drivers/STM32L4xx_HAL_Driver/Src/stm32l4xx_hal_rcc_ex.o
                0x0000000008002e20                HAL_RCCEx_EnableMSIPLLMode
 .text.RCCEx_PLLSAI1_Config
                0x0000000008002e40      0x1e4 Drivers/STM32L4xx_HAL_Driver/Src/stm32l4xx_hal_rcc_ex.o
 .text.HAL_TIM_Base_Init
                0x0000000008003024       0xae Drivers/STM32L4xx_HAL_Driver/Src/stm32l4xx_hal_tim.o
                0x0000000008003024                HAL_TIM_Base_Init
 .text.HAL_TIM_PWM_Init
                0x00000000080030d2       0xae Drivers/STM32L4xx_HAL_Driver/Src/stm32l4xx_hal_tim.o
                0x00000000080030d2                HAL_TIM_PWM_Init
 .text.HAL_TIM_PWM_MspInit
                0x0000000008003180       0x14 Drivers/STM32L4xx_HAL_Driver/Src/stm32l4xx_hal_tim.o
                0x0000000008003180                HAL_TIM_PWM_MspInit
 .text.HAL_TIM_PWM_ConfigChannel
                0x0000000008003194      0x220 Drivers/STM32L4xx_HAL_Driver/Src/stm32l4xx_hal_tim.o
                0x0000000008003194                HAL_TIM_PWM_ConfigChannel
 .text.HAL_TIM_ConfigClockSource
                0x00000000080033b4      0x18c Drivers/STM32L4xx_HAL_Driver/Src/stm32l4xx_hal_tim.o
                0x00000000080033b4                HAL_TIM_ConfigClockSource
 .text.TIM_Base_SetConfig
                0x0000000008003540       0xc8 Drivers/STM32L4xx_HAL_Driver/Src/stm32l4xx_hal_tim.o
                0x0000000008003540                TIM_Base_SetConfig
 .text.TIM_OC1_SetConfig
                0x0000000008003608       0xf8 Drivers/STM32L4xx_HAL_Driver/Src/stm32l4xx_hal_tim.o
 .text.TIM_OC2_SetConfig
                0x0000000008003700       0xf4 Drivers/STM32L4xx_HAL_Driver/Src/stm32l4xx_hal_tim.o
                0x0000000008003700                TIM_OC2_SetConfig
 .text.TIM_OC3_SetConfig
                0x00000000080037f4       0xf0 Drivers/STM32L4xx_HAL_Driver/Src/stm32l4xx_hal_tim.o
 .text.TIM_OC4_SetConfig
                0x00000000080038e4       0xbc Drivers/STM32L4xx_HAL_Driver/Src/stm32l4xx_hal_tim.o
 .text.TIM_OC5_SetConfig
                0x00000000080039a0       0xb0 Drivers/STM32L4xx_HAL_Driver/Src/stm32l4xx_hal_tim.o
 .text.TIM_OC6_SetConfig
                0x0000000008003a50       0xb4 Drivers/STM32L4xx_HAL_Driver/Src/stm32l4xx_hal_tim.o
 .text.TIM_TI1_ConfigInputStage
                0x0000000008003b04       0x5e Drivers/STM32L4xx_HAL_Driver/Src/stm32l4xx_hal_tim.o
 .text.TIM_TI2_ConfigInputStage
                0x0000000008003b62       0x60 Drivers/STM32L4xx_HAL_Driver/Src/stm32l4xx_hal_tim.o
 .text.TIM_ITRx_SetConfig
                0x0000000008003bc2       0x36 Drivers/STM32L4xx_HAL_Driver/Src/stm32l4xx_hal_tim.o
 .text.TIM_ETR_SetConfig
                0x0000000008003bf8       0x40 Drivers/STM32L4xx_HAL_Driver/Src/stm32l4xx_hal_tim.o
                0x0000000008003bf8                TIM_ETR_SetConfig
 .text.HAL_TIMEx_MasterConfigSynchronization
                0x0000000008003c38       0xcc Drivers/STM32L4xx_HAL_Driver/Src/stm32l4xx_hal_tim_ex.o
                0x0000000008003c38                HAL_TIMEx_MasterConfigSynchronization
 .text.HAL_TIMEx_ConfigBreakDeadTime
                0x0000000008003d04       0xf0 Drivers/STM32L4xx_HAL_Driver/Src/stm32l4xx_hal_tim_ex.o
                0x0000000008003d04                HAL_TIMEx_ConfigBreakDeadTime
 .text.HAL_UART_Init
                0x0000000008003df4       0x9c Drivers/STM32L4xx_HAL_Driver/Src/stm32l4xx_hal_uart.o
                0x0000000008003df4                HAL_UART_Init
 .text.HAL_UART_Transmit
                0x0000000008003e90      0x128 Drivers/STM32L4xx_HAL_Driver/Src/stm32l4xx_hal_uart.o
                0x0000000008003e90                HAL_UART_Transmit
 .text.HAL_UART_Receive_DMA
                0x0000000008003fb8       0x88 Drivers/STM32L4xx_HAL_Driver/Src/stm32l4xx_hal_uart.o
                0x0000000008003fb8                HAL_UART_Receive_DMA
 .text.HAL_UART_IRQHandler
                0x0000000008004040      0x404 Drivers/STM32L4xx_HAL_Driver/Src/stm32l4xx_hal_uart.o
                0x0000000008004040                HAL_UART_IRQHandler
 .text.HAL_UART_TxCpltCallback
                0x0000000008004444       0x14 Drivers/STM32L4xx_HAL_Driver/Src/stm32l4xx_hal_uart.o
                0x0000000008004444                HAL_UART_TxCpltCallback
 .text.HAL_UART_RxHalfCpltCallback
                0x0000000008004458       0x14 Drivers/STM32L4xx_HAL_Driver/Src/stm32l4xx_hal_uart.o
                0x0000000008004458                HAL_UART_RxHalfCpltCallback
 .text.HAL_UART_ErrorCallback
                0x000000000800446c       0x14 Drivers/STM32L4xx_HAL_Driver/Src/stm32l4xx_hal_uart.o
                0x000000000800446c                HAL_UART_ErrorCallback
 .text.HAL_UARTEx_RxEventCallback
                0x0000000008004480       0x18 Drivers/STM32L4xx_HAL_Driver/Src/stm32l4xx_hal_uart.o
                0x0000000008004480                HAL_UARTEx_RxEventCallback
 .text.UART_SetConfig
                0x0000000008004498      0x418 Drivers/STM32L4xx_HAL_Driver/Src/stm32l4xx_hal_uart.o
                0x0000000008004498                UART_SetConfig
 .text.UART_AdvFeatureConfig
                0x00000000080048b0      0x144 Drivers/STM32L4xx_HAL_Driver/Src/stm32l4xx_hal_uart.o
                0x00000000080048b0                UART_AdvFeatureConfig
 .text.UART_CheckIdleState
                0x00000000080049f4       0x92 Drivers/STM32L4xx_HAL_Driver/Src/stm32l4xx_hal_uart.o
                0x00000000080049f4                UART_CheckIdleState
 .text.UART_WaitOnFlagUntilTimeout
                0x0000000008004a86       0xf8 Drivers/STM32L4xx_HAL_Driver/Src/stm32l4xx_hal_uart.o
                0x0000000008004a86                UART_WaitOnFlagUntilTimeout
 *fill*         0x0000000008004b7e        0x2 
 .text.UART_Start_Receive_DMA
                0x0000000008004b80       0xd8 Drivers/STM32L4xx_HAL_Driver/Src/stm32l4xx_hal_uart.o
                0x0000000008004b80                UART_Start_Receive_DMA
 .text.UART_EndTxTransfer
                0x0000000008004c58       0x2a Drivers/STM32L4xx_HAL_Driver/Src/stm32l4xx_hal_uart.o
 .text.UART_EndRxTransfer
                0x0000000008004c82       0x5e Drivers/STM32L4xx_HAL_Driver/Src/stm32l4xx_hal_uart.o
 .text.UART_DMAReceiveCplt
                0x0000000008004ce0       0x98 Drivers/STM32L4xx_HAL_Driver/Src/stm32l4xx_hal_uart.o
 .text.UART_DMARxHalfCplt
                0x0000000008004d78       0x38 Drivers/STM32L4xx_HAL_Driver/Src/stm32l4xx_hal_uart.o
 .text.UART_DMAError
                0x0000000008004db0       0x7c Drivers/STM32L4xx_HAL_Driver/Src/stm32l4xx_hal_uart.o
 .text.UART_DMAAbortOnError
                0x0000000008004e2c       0x2c Drivers/STM32L4xx_HAL_Driver/Src/stm32l4xx_hal_uart.o
 .text.UART_EndTransmit_IT
                0x0000000008004e58       0x32 Drivers/STM32L4xx_HAL_Driver/Src/stm32l4xx_hal_uart.o
 .text.HAL_UARTEx_WakeupCallback
                0x0000000008004e8a       0x14 Drivers/STM32L4xx_HAL_Driver/Src/stm32l4xx_hal_uart_ex.o
                0x0000000008004e8a                HAL_UARTEx_WakeupCallback
 *fill*         0x0000000008004e9e        0x2 
 .text.__libc_init_array
                0x0000000008004ea0       0x48 c:/st/stm32cubeide_1.6.1/stm32cubeide/plugins/com.st.stm32cube.ide.mcu.externaltools.gnu-tools-for-stm32.9-2020-q2-update.win32_1.5.0.202011040924/tools/bin/../lib/gcc/arm-none-eabi/9.3.1/../../../../arm-none-eabi/lib/thumb/v7e-m+fp/hard\libc_nano.a(lib_a-init.o)
                0x0000000008004ea0                __libc_init_array
 .text.memset   0x0000000008004ee8       0x10 c:/st/stm32cubeide_1.6.1/stm32cubeide/plugins/com.st.stm32cube.ide.mcu.externaltools.gnu-tools-for-stm32.9-2020-q2-update.win32_1.5.0.202011040924/tools/bin/../lib/gcc/arm-none-eabi/9.3.1/../../../../arm-none-eabi/lib/thumb/v7e-m+fp/hard\libc_nano.a(lib_a-memset.o)
                0x0000000008004ee8                memset
 *(.glue_7)
 .glue_7        0x0000000008004ef8        0x0 linker stubs
 *(.glue_7t)
 .glue_7t       0x0000000008004ef8        0x0 linker stubs
 *(.eh_frame)
 .eh_frame      0x0000000008004ef8        0x0 c:/st/stm32cubeide_1.6.1/stm32cubeide/plugins/com.st.stm32cube.ide.mcu.externaltools.gnu-tools-for-stm32.9-2020-q2-update.win32_1.5.0.202011040924/tools/bin/../lib/gcc/arm-none-eabi/9.3.1/thumb/v7e-m+fp/hard/crtbegin.o
 *(.init)
 .init          0x0000000008004ef8        0x4 c:/st/stm32cubeide_1.6.1/stm32cubeide/plugins/com.st.stm32cube.ide.mcu.externaltools.gnu-tools-for-stm32.9-2020-q2-update.win32_1.5.0.202011040924/tools/bin/../lib/gcc/arm-none-eabi/9.3.1/thumb/v7e-m+fp/hard/crti.o
                0x0000000008004ef8                _init
 .init          0x0000000008004efc        0x8 c:/st/stm32cubeide_1.6.1/stm32cubeide/plugins/com.st.stm32cube.ide.mcu.externaltools.gnu-tools-for-stm32.9-2020-q2-update.win32_1.5.0.202011040924/tools/bin/../lib/gcc/arm-none-eabi/9.3.1/thumb/v7e-m+fp/hard/crtn.o
 *(.fini)
 .fini          0x0000000008004f04        0x4 c:/st/stm32cubeide_1.6.1/stm32cubeide/plugins/com.st.stm32cube.ide.mcu.externaltools.gnu-tools-for-stm32.9-2020-q2-update.win32_1.5.0.202011040924/tools/bin/../lib/gcc/arm-none-eabi/9.3.1/thumb/v7e-m+fp/hard/crti.o
                0x0000000008004f04                _fini
 .fini          0x0000000008004f08        0x8 c:/st/stm32cubeide_1.6.1/stm32cubeide/plugins/com.st.stm32cube.ide.mcu.externaltools.gnu-tools-for-stm32.9-2020-q2-update.win32_1.5.0.202011040924/tools/bin/../lib/gcc/arm-none-eabi/9.3.1/thumb/v7e-m+fp/hard/crtn.o
                0x0000000008004f10                . = ALIGN (0x4)
                0x0000000008004f10                _etext = .

.vfp11_veneer   0x0000000008004f10        0x0
 .vfp11_veneer  0x0000000008004f10        0x0 linker stubs

.v4_bx          0x0000000008004f10        0x0
 .v4_bx         0x0000000008004f10        0x0 linker stubs

.iplt           0x0000000008004f10        0x0
 .iplt          0x0000000008004f10        0x0 c:/st/stm32cubeide_1.6.1/stm32cubeide/plugins/com.st.stm32cube.ide.mcu.externaltools.gnu-tools-for-stm32.9-2020-q2-update.win32_1.5.0.202011040924/tools/bin/../lib/gcc/arm-none-eabi/9.3.1/thumb/v7e-m+fp/hard/crtbegin.o

.rodata         0x0000000008004f10      0x180
                0x0000000008004f10                . = ALIGN (0x4)
 *(.rodata)
 .rodata        0x0000000008004f10      0x135 Core/Src/main.o
 *(.rodata*)
 *fill*         0x0000000008005045        0x3 
 .rodata.AHBPrescTable
                0x0000000008005048       0x10 Core/Src/system_stm32l4xx.o
                0x0000000008005048                AHBPrescTable
 .rodata.APBPrescTable
                0x0000000008005058        0x8 Core/Src/system_stm32l4xx.o
                0x0000000008005058                APBPrescTable
 .rodata.MSIRangeTable
                0x0000000008005060       0x30 Core/Src/system_stm32l4xx.o
                0x0000000008005060                MSIRangeTable
                0x0000000008005090                . = ALIGN (0x4)

.ARM.extab      0x0000000008005090        0x0
                0x0000000008005090                . = ALIGN (0x4)
 *(.ARM.extab* .gnu.linkonce.armextab.*)
                0x0000000008005090                . = ALIGN (0x4)

.ARM            0x0000000008005090        0x8
                0x0000000008005090                . = ALIGN (0x4)
                0x0000000008005090                __exidx_start = .
 *(.ARM.exidx*)
 .ARM.exidx     0x0000000008005090        0x8 c:/st/stm32cubeide_1.6.1/stm32cubeide/plugins/com.st.stm32cube.ide.mcu.externaltools.gnu-tools-for-stm32.9-2020-q2-update.win32_1.5.0.202011040924/tools/bin/../lib/gcc/arm-none-eabi/9.3.1/thumb/v7e-m+fp/hard\libgcc.a(_udivmoddi4.o)
                0x0000000008005098                __exidx_end = .
                0x0000000008005098                . = ALIGN (0x4)

.rel.dyn        0x0000000008005098        0x0
 .rel.iplt      0x0000000008005098        0x0 c:/st/stm32cubeide_1.6.1/stm32cubeide/plugins/com.st.stm32cube.ide.mcu.externaltools.gnu-tools-for-stm32.9-2020-q2-update.win32_1.5.0.202011040924/tools/bin/../lib/gcc/arm-none-eabi/9.3.1/thumb/v7e-m+fp/hard/crtbegin.o

.preinit_array  0x0000000008005098        0x0
                0x0000000008005098                . = ALIGN (0x4)
                0x0000000008005098                PROVIDE (__preinit_array_start = .)
 *(.preinit_array*)
                0x0000000008005098                PROVIDE (__preinit_array_end = .)
                0x0000000008005098                . = ALIGN (0x4)

.init_array     0x0000000008005098        0x4
                0x0000000008005098                . = ALIGN (0x4)
                0x0000000008005098                PROVIDE (__init_array_start = .)
 *(SORT_BY_NAME(.init_array.*))
 *(.init_array*)
 .init_array    0x0000000008005098        0x4 c:/st/stm32cubeide_1.6.1/stm32cubeide/plugins/com.st.stm32cube.ide.mcu.externaltools.gnu-tools-for-stm32.9-2020-q2-update.win32_1.5.0.202011040924/tools/bin/../lib/gcc/arm-none-eabi/9.3.1/thumb/v7e-m+fp/hard/crtbegin.o
                0x000000000800509c                PROVIDE (__init_array_end = .)
                0x000000000800509c                . = ALIGN (0x4)

.fini_array     0x000000000800509c        0x4
                0x000000000800509c                . = ALIGN (0x4)
                [!provide]                        PROVIDE (__fini_array_start = .)
 *(SORT_BY_NAME(.fini_array.*))
 *(.fini_array*)
 .fini_array    0x000000000800509c        0x4 c:/st/stm32cubeide_1.6.1/stm32cubeide/plugins/com.st.stm32cube.ide.mcu.externaltools.gnu-tools-for-stm32.9-2020-q2-update.win32_1.5.0.202011040924/tools/bin/../lib/gcc/arm-none-eabi/9.3.1/thumb/v7e-m+fp/hard/crtbegin.o
                [!provide]                        PROVIDE (__fini_array_end = .)
                0x00000000080050a0                . = ALIGN (0x4)
                0x00000000080050a0                _sidata = LOADADDR (.data)

.data           0x0000000020000000        0xc load address 0x00000000080050a0
                0x0000000020000000                . = ALIGN (0x4)
                0x0000000020000000                _sdata = .
 *(.data)
 *(.data*)
 .data.SystemCoreClock
                0x0000000020000000        0x4 Core/Src/system_stm32l4xx.o
                0x0000000020000000                SystemCoreClock
 .data.uwTickPrio
                0x0000000020000004        0x4 Drivers/STM32L4xx_HAL_Driver/Src/stm32l4xx_hal.o
                0x0000000020000004                uwTickPrio
 .data.uwTickFreq
                0x0000000020000008        0x1 Drivers/STM32L4xx_HAL_Driver/Src/stm32l4xx_hal.o
                0x0000000020000008                uwTickFreq
 *(.RamFunc)
 *(.RamFunc*)
                0x000000002000000c                . = ALIGN (0x4)
 *fill*         0x0000000020000009        0x3 
                0x000000002000000c                _edata = .

.igot.plt       0x000000002000000c        0x0 load address 0x00000000080050ac
 .igot.plt      0x000000002000000c        0x0 c:/st/stm32cubeide_1.6.1/stm32cubeide/plugins/com.st.stm32cube.ide.mcu.externaltools.gnu-tools-for-stm32.9-2020-q2-update.win32_1.5.0.202011040924/tools/bin/../lib/gcc/arm-none-eabi/9.3.1/thumb/v7e-m+fp/hard/crtbegin.o
                0x000000002000000c                . = ALIGN (0x4)

.bss            0x000000002000000c      0x148 load address 0x00000000080050ac
                0x000000002000000c                _sbss = .
                0x000000002000000c                __bss_start__ = _sbss
 *(.bss)
 .bss           0x000000002000000c       0x1c c:/st/stm32cubeide_1.6.1/stm32cubeide/plugins/com.st.stm32cube.ide.mcu.externaltools.gnu-tools-for-stm32.9-2020-q2-update.win32_1.5.0.202011040924/tools/bin/../lib/gcc/arm-none-eabi/9.3.1/thumb/v7e-m+fp/hard/crtbegin.o
 *(.bss*)
 .bss.cmdstate  0x0000000020000028        0x1 Core/Src/main.o
                0x0000000020000028                cmdstate
 *(COMMON)
 *fill*         0x0000000020000029        0x3 
 COMMON         0x000000002000002c      0x122 Core/Src/main.o
                0x000000002000002c                hdma_usart2_rx
                0x0000000020000074                uart_bfr
                0x0000000020000078                inits
                0x000000002000007a                init1
                0x000000002000007c                htim1
                0x00000000200000c8                huart2
                0x000000002000014c                init2
                0x000000002000014d                cmd
 *fill*         0x000000002000014e        0x2 
 COMMON         0x0000000020000150        0x4 Drivers/STM32L4xx_HAL_Driver/Src/stm32l4xx_hal.o
                0x0000000020000150                uwTick
                0x0000000020000154                . = ALIGN (0x4)
                0x0000000020000154                _ebss = .
                0x0000000020000154                __bss_end__ = _ebss

._user_heap_stack
                0x0000000020000154      0x604 load address 0x00000000080050ac
                0x0000000020000158                . = ALIGN (0x8)
 *fill*         0x0000000020000154        0x4 
                [!provide]                        PROVIDE (end = .)
                0x0000000020000158                PROVIDE (_end = .)
                0x0000000020000358                . = (. + _Min_Heap_Size)
 *fill*         0x0000000020000158      0x200 
                0x0000000020000758                . = (. + _Min_Stack_Size)
 *fill*         0x0000000020000358      0x400 
                0x0000000020000758                . = ALIGN (0x8)

/DISCARD/
 libc.a(*)
 libm.a(*)
 libgcc.a(*)

.ARM.attributes
                0x0000000000000000       0x30
 *(.ARM.attributes)
 .ARM.attributes
                0x0000000000000000       0x1e c:/st/stm32cubeide_1.6.1/stm32cubeide/plugins/com.st.stm32cube.ide.mcu.externaltools.gnu-tools-for-stm32.9-2020-q2-update.win32_1.5.0.202011040924/tools/bin/../lib/gcc/arm-none-eabi/9.3.1/thumb/v7e-m+fp/hard/crti.o
 .ARM.attributes
                0x000000000000001e       0x34 c:/st/stm32cubeide_1.6.1/stm32cubeide/plugins/com.st.stm32cube.ide.mcu.externaltools.gnu-tools-for-stm32.9-2020-q2-update.win32_1.5.0.202011040924/tools/bin/../lib/gcc/arm-none-eabi/9.3.1/thumb/v7e-m+fp/hard/crtbegin.o
 .ARM.attributes
                0x0000000000000052       0x34 Core/Src/main.o
 .ARM.attributes
                0x0000000000000086       0x34 Core/Src/stm32l4xx_hal_msp.o
 .ARM.attributes
                0x00000000000000ba       0x34 Core/Src/stm32l4xx_it.o
 .ARM.attributes
                0x00000000000000ee       0x34 Core/Src/system_stm32l4xx.o
 .ARM.attributes
                0x0000000000000122       0x21 Core/Startup/startup_stm32l432kcux.o
 .ARM.attributes
                0x0000000000000143       0x34 Drivers/STM32L4xx_HAL_Driver/Src/stm32l4xx_hal.o
 .ARM.attributes
                0x0000000000000177       0x34 Drivers/STM32L4xx_HAL_Driver/Src/stm32l4xx_hal_cortex.o
 .ARM.attributes
                0x00000000000001ab       0x34 Drivers/STM32L4xx_HAL_Driver/Src/stm32l4xx_hal_dma.o
 .ARM.attributes
                0x00000000000001df       0x34 Drivers/STM32L4xx_HAL_Driver/Src/stm32l4xx_hal_gpio.o
 .ARM.attributes
                0x0000000000000213       0x34 Drivers/STM32L4xx_HAL_Driver/Src/stm32l4xx_hal_pwr.o
 .ARM.attributes
                0x0000000000000247       0x34 Drivers/STM32L4xx_HAL_Driver/Src/stm32l4xx_hal_pwr_ex.o
 .ARM.attributes
                0x000000000000027b       0x34 Drivers/STM32L4xx_HAL_Driver/Src/stm32l4xx_hal_rcc.o
 .ARM.attributes
                0x00000000000002af       0x34 Drivers/STM32L4xx_HAL_Driver/Src/stm32l4xx_hal_rcc_ex.o
 .ARM.attributes
                0x00000000000002e3       0x34 Drivers/STM32L4xx_HAL_Driver/Src/stm32l4xx_hal_tim.o
 .ARM.attributes
                0x0000000000000317       0x34 Drivers/STM32L4xx_HAL_Driver/Src/stm32l4xx_hal_tim_ex.o
 .ARM.attributes
                0x000000000000034b       0x34 Drivers/STM32L4xx_HAL_Driver/Src/stm32l4xx_hal_uart.o
 .ARM.attributes
                0x000000000000037f       0x34 Drivers/STM32L4xx_HAL_Driver/Src/stm32l4xx_hal_uart_ex.o
 .ARM.attributes
                0x00000000000003b3       0x34 c:/st/stm32cubeide_1.6.1/stm32cubeide/plugins/com.st.stm32cube.ide.mcu.externaltools.gnu-tools-for-stm32.9-2020-q2-update.win32_1.5.0.202011040924/tools/bin/../lib/gcc/arm-none-eabi/9.3.1/../../../../arm-none-eabi/lib/thumb/v7e-m+fp/hard\libc_nano.a(lib_a-init.o)
 .ARM.attributes
                0x00000000000003e7       0x34 c:/st/stm32cubeide_1.6.1/stm32cubeide/plugins/com.st.stm32cube.ide.mcu.externaltools.gnu-tools-for-stm32.9-2020-q2-update.win32_1.5.0.202011040924/tools/bin/../lib/gcc/arm-none-eabi/9.3.1/../../../../arm-none-eabi/lib/thumb/v7e-m+fp/hard\libc_nano.a(lib_a-memset.o)
 .ARM.attributes
                0x000000000000041b       0x1e c:/st/stm32cubeide_1.6.1/stm32cubeide/plugins/com.st.stm32cube.ide.mcu.externaltools.gnu-tools-for-stm32.9-2020-q2-update.win32_1.5.0.202011040924/tools/bin/../lib/gcc/arm-none-eabi/9.3.1/thumb/v7e-m+fp/hard\libgcc.a(_aeabi_uldivmod.o)
 .ARM.attributes
                0x0000000000000439       0x34 c:/st/stm32cubeide_1.6.1/stm32cubeide/plugins/com.st.stm32cube.ide.mcu.externaltools.gnu-tools-for-stm32.9-2020-q2-update.win32_1.5.0.202011040924/tools/bin/../lib/gcc/arm-none-eabi/9.3.1/thumb/v7e-m+fp/hard\libgcc.a(_udivmoddi4.o)
 .ARM.attributes
                0x000000000000046d       0x1e c:/st/stm32cubeide_1.6.1/stm32cubeide/plugins/com.st.stm32cube.ide.mcu.externaltools.gnu-tools-for-stm32.9-2020-q2-update.win32_1.5.0.202011040924/tools/bin/../lib/gcc/arm-none-eabi/9.3.1/thumb/v7e-m+fp/hard\libgcc.a(_dvmd_tls.o)
 .ARM.attributes
                0x000000000000048b       0x1e c:/st/stm32cubeide_1.6.1/stm32cubeide/plugins/com.st.stm32cube.ide.mcu.externaltools.gnu-tools-for-stm32.9-2020-q2-update.win32_1.5.0.202011040924/tools/bin/../lib/gcc/arm-none-eabi/9.3.1/thumb/v7e-m+fp/hard/crtn.o
OUTPUT(assignment.elf elf32-littlearm)
LOAD linker stubs
LOAD c:/st/stm32cubeide_1.6.1/stm32cubeide/plugins/com.st.stm32cube.ide.mcu.externaltools.gnu-tools-for-stm32.9-2020-q2-update.win32_1.5.0.202011040924/tools/bin/../lib/gcc/arm-none-eabi/9.3.1/../../../../arm-none-eabi/lib/thumb/v7e-m+fp/hard\libc.a
LOAD c:/st/stm32cubeide_1.6.1/stm32cubeide/plugins/com.st.stm32cube.ide.mcu.externaltools.gnu-tools-for-stm32.9-2020-q2-update.win32_1.5.0.202011040924/tools/bin/../lib/gcc/arm-none-eabi/9.3.1/../../../../arm-none-eabi/lib/thumb/v7e-m+fp/hard\libm.a
LOAD c:/st/stm32cubeide_1.6.1/stm32cubeide/plugins/com.st.stm32cube.ide.mcu.externaltools.gnu-tools-for-stm32.9-2020-q2-update.win32_1.5.0.202011040924/tools/bin/../lib/gcc/arm-none-eabi/9.3.1/thumb/v7e-m+fp/hard\libgcc.a

.debug_info     0x0000000000000000    0x11645
 .debug_info    0x0000000000000000     0x2229 Core/Src/main.o
 .debug_info    0x0000000000002229     0x12d0 Core/Src/stm32l4xx_hal_msp.o
 .debug_info    0x00000000000034f9      0x940 Core/Src/stm32l4xx_it.o
 .debug_info    0x0000000000003e39      0x787 Core/Src/system_stm32l4xx.o
 .debug_info    0x00000000000045c0       0x22 Core/Startup/startup_stm32l432kcux.o
 .debug_info    0x00000000000045e2      0xb5e Drivers/STM32L4xx_HAL_Driver/Src/stm32l4xx_hal.o
 .debug_info    0x0000000000005140      0xfb0 Drivers/STM32L4xx_HAL_Driver/Src/stm32l4xx_hal_cortex.o
 .debug_info    0x00000000000060f0      0x973 Drivers/STM32L4xx_HAL_Driver/Src/stm32l4xx_hal_dma.o
 .debug_info    0x0000000000006a63      0xa5f Drivers/STM32L4xx_HAL_Driver/Src/stm32l4xx_hal_gpio.o
 .debug_info    0x00000000000074c2      0xb47 Drivers/STM32L4xx_HAL_Driver/Src/stm32l4xx_hal_pwr.o
 .debug_info    0x0000000000008009      0xb7b Drivers/STM32L4xx_HAL_Driver/Src/stm32l4xx_hal_pwr_ex.o
 .debug_info    0x0000000000008b84      0xdb5 Drivers/STM32L4xx_HAL_Driver/Src/stm32l4xx_hal_rcc.o
 .debug_info    0x0000000000009939     0x1108 Drivers/STM32L4xx_HAL_Driver/Src/stm32l4xx_hal_rcc_ex.o
 .debug_info    0x000000000000aa41     0x2cb9 Drivers/STM32L4xx_HAL_Driver/Src/stm32l4xx_hal_tim.o
 .debug_info    0x000000000000d6fa     0x1813 Drivers/STM32L4xx_HAL_Driver/Src/stm32l4xx_hal_tim_ex.o
 .debug_info    0x000000000000ef0d     0x1ad1 Drivers/STM32L4xx_HAL_Driver/Src/stm32l4xx_hal_uart.o
 .debug_info    0x00000000000109de      0xc67 Drivers/STM32L4xx_HAL_Driver/Src/stm32l4xx_hal_uart_ex.o

.debug_abbrev   0x0000000000000000     0x233d
 .debug_abbrev  0x0000000000000000      0x3c7 Core/Src/main.o
 .debug_abbrev  0x00000000000003c7      0x1e4 Core/Src/stm32l4xx_hal_msp.o
 .debug_abbrev  0x00000000000005ab      0x163 Core/Src/stm32l4xx_it.o
 .debug_abbrev  0x000000000000070e      0x165 Core/Src/system_stm32l4xx.o
 .debug_abbrev  0x0000000000000873       0x12 Core/Startup/startup_stm32l432kcux.o
 .debug_abbrev  0x0000000000000885      0x20b Drivers/STM32L4xx_HAL_Driver/Src/stm32l4xx_hal.o
 .debug_abbrev  0x0000000000000a90      0x33c Drivers/STM32L4xx_HAL_Driver/Src/stm32l4xx_hal_cortex.o
 .debug_abbrev  0x0000000000000dcc      0x201 Drivers/STM32L4xx_HAL_Driver/Src/stm32l4xx_hal_dma.o
 .debug_abbrev  0x0000000000000fcd      0x1e8 Drivers/STM32L4xx_HAL_Driver/Src/stm32l4xx_hal_gpio.o
 .debug_abbrev  0x00000000000011b5      0x1ab Drivers/STM32L4xx_HAL_Driver/Src/stm32l4xx_hal_pwr.o
 .debug_abbrev  0x0000000000001360      0x1f3 Drivers/STM32L4xx_HAL_Driver/Src/stm32l4xx_hal_pwr_ex.o
 .debug_abbrev  0x0000000000001553      0x275 Drivers/STM32L4xx_HAL_Driver/Src/stm32l4xx_hal_rcc.o
 .debug_abbrev  0x00000000000017c8      0x268 Drivers/STM32L4xx_HAL_Driver/Src/stm32l4xx_hal_rcc_ex.o
 .debug_abbrev  0x0000000000001a30      0x25e Drivers/STM32L4xx_HAL_Driver/Src/stm32l4xx_hal_tim.o
 .debug_abbrev  0x0000000000001c8e      0x266 Drivers/STM32L4xx_HAL_Driver/Src/stm32l4xx_hal_tim_ex.o
 .debug_abbrev  0x0000000000001ef4      0x23f Drivers/STM32L4xx_HAL_Driver/Src/stm32l4xx_hal_uart.o
 .debug_abbrev  0x0000000000002133      0x20a Drivers/STM32L4xx_HAL_Driver/Src/stm32l4xx_hal_uart_ex.o

.debug_aranges  0x0000000000000000      0xfc8
 .debug_aranges
                0x0000000000000000       0x90 Core/Src/main.o
 .debug_aranges
                0x0000000000000090       0x48 Core/Src/stm32l4xx_hal_msp.o
 .debug_aranges
                0x00000000000000d8       0x70 Core/Src/stm32l4xx_it.o
 .debug_aranges
                0x0000000000000148       0x28 Core/Src/system_stm32l4xx.o
 .debug_aranges
                0x0000000000000170       0x28 Core/Startup/startup_stm32l432kcux.o
 .debug_aranges
                0x0000000000000198      0x108 Drivers/STM32L4xx_HAL_Driver/Src/stm32l4xx_hal.o
 .debug_aranges
                0x00000000000002a0      0x118 Drivers/STM32L4xx_HAL_Driver/Src/stm32l4xx_hal_cortex.o
 .debug_aranges
                0x00000000000003b8       0x80 Drivers/STM32L4xx_HAL_Driver/Src/stm32l4xx_hal_dma.o
 .debug_aranges
                0x0000000000000438       0x58 Drivers/STM32L4xx_HAL_Driver/Src/stm32l4xx_hal_gpio.o
 .debug_aranges
                0x0000000000000490       0x98 Drivers/STM32L4xx_HAL_Driver/Src/stm32l4xx_hal_pwr.o
 .debug_aranges
                0x0000000000000528      0x128 Drivers/STM32L4xx_HAL_Driver/Src/stm32l4xx_hal_pwr_ex.o
 .debug_aranges
                0x0000000000000650       0x88 Drivers/STM32L4xx_HAL_Driver/Src/stm32l4xx_hal_rcc.o
 .debug_aranges
                0x00000000000006d8       0xf0 Drivers/STM32L4xx_HAL_Driver/Src/stm32l4xx_hal_rcc_ex.o
 .debug_aranges
                0x00000000000007c8      0x3e0 Drivers/STM32L4xx_HAL_Driver/Src/stm32l4xx_hal_tim.o
 .debug_aranges
                0x0000000000000ba8      0x180 Drivers/STM32L4xx_HAL_Driver/Src/stm32l4xx_hal_tim_ex.o
 .debug_aranges
                0x0000000000000d28      0x228 Drivers/STM32L4xx_HAL_Driver/Src/stm32l4xx_hal_uart.o
 .debug_aranges
                0x0000000000000f50       0x78 Drivers/STM32L4xx_HAL_Driver/Src/stm32l4xx_hal_uart_ex.o

.debug_ranges   0x0000000000000000      0xef0
 .debug_ranges  0x0000000000000000       0x80 Core/Src/main.o
 .debug_ranges  0x0000000000000080       0x38 Core/Src/stm32l4xx_hal_msp.o
 .debug_ranges  0x00000000000000b8       0x60 Core/Src/stm32l4xx_it.o
 .debug_ranges  0x0000000000000118       0x18 Core/Src/system_stm32l4xx.o
 .debug_ranges  0x0000000000000130       0x20 Core/Startup/startup_stm32l432kcux.o
 .debug_ranges  0x0000000000000150       0xf8 Drivers/STM32L4xx_HAL_Driver/Src/stm32l4xx_hal.o
 .debug_ranges  0x0000000000000248      0x108 Drivers/STM32L4xx_HAL_Driver/Src/stm32l4xx_hal_cortex.o
 .debug_ranges  0x0000000000000350       0x70 Drivers/STM32L4xx_HAL_Driver/Src/stm32l4xx_hal_dma.o
 .debug_ranges  0x00000000000003c0       0x48 Drivers/STM32L4xx_HAL_Driver/Src/stm32l4xx_hal_gpio.o
 .debug_ranges  0x0000000000000408       0x88 Drivers/STM32L4xx_HAL_Driver/Src/stm32l4xx_hal_pwr.o
 .debug_ranges  0x0000000000000490      0x118 Drivers/STM32L4xx_HAL_Driver/Src/stm32l4xx_hal_pwr_ex.o
 .debug_ranges  0x00000000000005a8       0x78 Drivers/STM32L4xx_HAL_Driver/Src/stm32l4xx_hal_rcc.o
 .debug_ranges  0x0000000000000620       0xe0 Drivers/STM32L4xx_HAL_Driver/Src/stm32l4xx_hal_rcc_ex.o
 .debug_ranges  0x0000000000000700      0x3d0 Drivers/STM32L4xx_HAL_Driver/Src/stm32l4xx_hal_tim.o
 .debug_ranges  0x0000000000000ad0      0x170 Drivers/STM32L4xx_HAL_Driver/Src/stm32l4xx_hal_tim_ex.o
 .debug_ranges  0x0000000000000c40      0x248 Drivers/STM32L4xx_HAL_Driver/Src/stm32l4xx_hal_uart.o
 .debug_ranges  0x0000000000000e88       0x68 Drivers/STM32L4xx_HAL_Driver/Src/stm32l4xx_hal_uart_ex.o

.debug_macro    0x0000000000000000    0x210dc
 .debug_macro   0x0000000000000000      0x34d Core/Src/main.o
 .debug_macro   0x000000000000034d      0xaa8 Core/Src/main.o
 .debug_macro   0x0000000000000df5      0x1ad Core/Src/main.o
 .debug_macro   0x0000000000000fa2       0x2e Core/Src/main.o
 .debug_macro   0x0000000000000fd0       0x28 Core/Src/main.o
 .debug_macro   0x0000000000000ff8       0x22 Core/Src/main.o
 .debug_macro   0x000000000000101a       0x8e Core/Src/main.o
 .debug_macro   0x00000000000010a8       0x51 Core/Src/main.o
 .debug_macro   0x00000000000010f9      0x103 Core/Src/main.o
 .debug_macro   0x00000000000011fc       0x6a Core/Src/main.o
 .debug_macro   0x0000000000001266      0x1df Core/Src/main.o
 .debug_macro   0x0000000000001445       0x1c Core/Src/main.o
 .debug_macro   0x0000000000001461       0x22 Core/Src/main.o
 .debug_macro   0x0000000000001483      0x101 Core/Src/main.o
 .debug_macro   0x0000000000001584     0x1011 Core/Src/main.o
 .debug_macro   0x0000000000002595      0x11f Core/Src/main.o
 .debug_macro   0x00000000000026b4    0x1479f Core/Src/main.o
 .debug_macro   0x0000000000016e53       0x43 Core/Src/main.o
 .debug_macro   0x0000000000016e96     0x3897 Core/Src/main.o
 .debug_macro   0x000000000001a72d      0x174 Core/Src/main.o
 .debug_macro   0x000000000001a8a1       0x5c Core/Src/main.o
 .debug_macro   0x000000000001a8fd     0x118b Core/Src/main.o
 .debug_macro   0x000000000001ba88      0x535 Core/Src/main.o
 .debug_macro   0x000000000001bfbd      0x13d Core/Src/main.o
 .debug_macro   0x000000000001c0fa      0x122 Core/Src/main.o
 .debug_macro   0x000000000001c21c      0x26b Core/Src/main.o
 .debug_macro   0x000000000001c487      0x23d Core/Src/main.o
 .debug_macro   0x000000000001c6c4      0x241 Core/Src/main.o
 .debug_macro   0x000000000001c905      0x375 Core/Src/main.o
 .debug_macro   0x000000000001cc7a       0xd6 Core/Src/main.o
 .debug_macro   0x000000000001cd50      0x22c Core/Src/main.o
 .debug_macro   0x000000000001cf7c       0x61 Core/Src/main.o
 .debug_macro   0x000000000001cfdd       0xa5 Core/Src/main.o
 .debug_macro   0x000000000001d082      0x122 Core/Src/main.o
 .debug_macro   0x000000000001d1a4      0x357 Core/Src/main.o
 .debug_macro   0x000000000001d4fb      0xa75 Core/Src/main.o
 .debug_macro   0x000000000001df70      0x12e Core/Src/main.o
 .debug_macro   0x000000000001e09e      0x5ba Core/Src/main.o
 .debug_macro   0x000000000001e658       0x44 Core/Src/main.o
 .debug_macro   0x000000000001e69c      0x221 Core/Src/main.o
 .debug_macro   0x000000000001e8bd       0x4c Core/Src/main.o
 .debug_macro   0x000000000001e909       0x52 Core/Src/main.o
 .debug_macro   0x000000000001e95b       0x18 Core/Src/main.o
 .debug_macro   0x000000000001e973       0x3c Core/Src/main.o
 .debug_macro   0x000000000001e9af       0x34 Core/Src/main.o
 .debug_macro   0x000000000001e9e3       0x16 Core/Src/main.o
 .debug_macro   0x000000000001e9f9       0x35 Core/Src/main.o
 .debug_macro   0x000000000001ea2e      0x333 Core/Src/main.o
 .debug_macro   0x000000000001ed61       0x10 Core/Src/main.o
 .debug_macro   0x000000000001ed71       0x16 Core/Src/main.o
 .debug_macro   0x000000000001ed87       0x43 Core/Src/main.o
 .debug_macro   0x000000000001edca       0x34 Core/Src/main.o
 .debug_macro   0x000000000001edfe       0x10 Core/Src/main.o
 .debug_macro   0x000000000001ee0e       0x58 Core/Src/main.o
 .debug_macro   0x000000000001ee66       0x71 Core/Src/main.o
 .debug_macro   0x000000000001eed7       0x1c Core/Src/main.o
 .debug_macro   0x000000000001eef3      0x12a Core/Src/main.o
 .debug_macro   0x000000000001f01d       0x10 Core/Src/main.o
 .debug_macro   0x000000000001f02d       0x1c Core/Src/main.o
 .debug_macro   0x000000000001f049       0x52 Core/Src/main.o
 .debug_macro   0x000000000001f09b       0x22 Core/Src/main.o
 .debug_macro   0x000000000001f0bd       0x10 Core/Src/main.o
 .debug_macro   0x000000000001f0cd       0x40 Core/Src/main.o
 .debug_macro   0x000000000001f10d       0xd5 Core/Src/main.o
 .debug_macro   0x000000000001f1e2       0x1c Core/Src/main.o
 .debug_macro   0x000000000001f1fe       0x3d Core/Src/main.o
 .debug_macro   0x000000000001f23b       0x16 Core/Src/main.o
 .debug_macro   0x000000000001f251      0x145 Core/Src/main.o
 .debug_macro   0x000000000001f396      0x1e8 Core/Src/stm32l4xx_hal_msp.o
 .debug_macro   0x000000000001f57e      0x1f2 Core/Src/stm32l4xx_it.o
 .debug_macro   0x000000000001f770      0x1d9 Core/Src/system_stm32l4xx.o
 .debug_macro   0x000000000001f949      0x221 Drivers/STM32L4xx_HAL_Driver/Src/stm32l4xx_hal.o
 .debug_macro   0x000000000001fb6a      0x1d9 Drivers/STM32L4xx_HAL_Driver/Src/stm32l4xx_hal_cortex.o
 .debug_macro   0x000000000001fd43      0x1d9 Drivers/STM32L4xx_HAL_Driver/Src/stm32l4xx_hal_dma.o
 .debug_macro   0x000000000001ff1c      0x218 Drivers/STM32L4xx_HAL_Driver/Src/stm32l4xx_hal_gpio.o
 .debug_macro   0x0000000000020134      0x1f1 Drivers/STM32L4xx_HAL_Driver/Src/stm32l4xx_hal_pwr.o
 .debug_macro   0x0000000000020325      0x1fd Drivers/STM32L4xx_HAL_Driver/Src/stm32l4xx_hal_pwr_ex.o
 .debug_macro   0x0000000000020522      0x21b Drivers/STM32L4xx_HAL_Driver/Src/stm32l4xx_hal_rcc.o
 .debug_macro   0x000000000002073d      0x20f Drivers/STM32L4xx_HAL_Driver/Src/stm32l4xx_hal_rcc_ex.o
 .debug_macro   0x000000000002094c      0x1da Drivers/STM32L4xx_HAL_Driver/Src/stm32l4xx_hal_tim.o
 .debug_macro   0x0000000000020b26      0x1d9 Drivers/STM32L4xx_HAL_Driver/Src/stm32l4xx_hal_tim_ex.o
 .debug_macro   0x0000000000020cff      0x204 Drivers/STM32L4xx_HAL_Driver/Src/stm32l4xx_hal_uart.o
 .debug_macro   0x0000000000020f03      0x1d9 Drivers/STM32L4xx_HAL_Driver/Src/stm32l4xx_hal_uart_ex.o

.debug_line     0x0000000000000000    0x10834
 .debug_line    0x0000000000000000      0xdf5 Core/Src/main.o
 .debug_line    0x0000000000000df5      0x7e6 Core/Src/stm32l4xx_hal_msp.o
 .debug_line    0x00000000000015db      0x7eb Core/Src/stm32l4xx_it.o
 .debug_line    0x0000000000001dc6      0x7a9 Core/Src/system_stm32l4xx.o
 .debug_line    0x000000000000256f       0x87 Core/Startup/startup_stm32l432kcux.o
 .debug_line    0x00000000000025f6      0xa55 Drivers/STM32L4xx_HAL_Driver/Src/stm32l4xx_hal.o
 .debug_line    0x000000000000304b      0xc8f Drivers/STM32L4xx_HAL_Driver/Src/stm32l4xx_hal_cortex.o
 .debug_line    0x0000000000003cda      0xcc7 Drivers/STM32L4xx_HAL_Driver/Src/stm32l4xx_hal_dma.o
 .debug_line    0x00000000000049a1      0xae3 Drivers/STM32L4xx_HAL_Driver/Src/stm32l4xx_hal_gpio.o
 .debug_line    0x0000000000005484      0x8c5 Drivers/STM32L4xx_HAL_Driver/Src/stm32l4xx_hal_pwr.o
 .debug_line    0x0000000000005d49      0xbdb Drivers/STM32L4xx_HAL_Driver/Src/stm32l4xx_hal_pwr_ex.o
 .debug_line    0x0000000000006924      0xf6e Drivers/STM32L4xx_HAL_Driver/Src/stm32l4xx_hal_rcc.o
 .debug_line    0x0000000000007892     0x12ba Drivers/STM32L4xx_HAL_Driver/Src/stm32l4xx_hal_rcc_ex.o
 .debug_line    0x0000000000008b4c     0x3a43 Drivers/STM32L4xx_HAL_Driver/Src/stm32l4xx_hal_tim.o
 .debug_line    0x000000000000c58f     0x1ac4 Drivers/STM32L4xx_HAL_Driver/Src/stm32l4xx_hal_tim_ex.o
 .debug_line    0x000000000000e053     0x1d0c Drivers/STM32L4xx_HAL_Driver/Src/stm32l4xx_hal_uart.o
 .debug_line    0x000000000000fd5f      0xad5 Drivers/STM32L4xx_HAL_Driver/Src/stm32l4xx_hal_uart_ex.o

.debug_str      0x0000000000000000    0xcb414
 .debug_str     0x0000000000000000    0xc77c9 Core/Src/main.o
                                      0xc7c6e (size before relaxing)
 .debug_str     0x00000000000c77c9       0x9f Core/Src/stm32l4xx_hal_msp.o
                                      0xc3632 (size before relaxing)
 .debug_str     0x00000000000c7868       0xe8 Core/Src/stm32l4xx_it.o
                                      0xc2dd9 (size before relaxing)
 .debug_str     0x00000000000c7950       0xb8 Core/Src/system_stm32l4xx.o
                                      0xc29e7 (size before relaxing)
 .debug_str     0x00000000000c7a08       0x36 Core/Startup/startup_stm32l432kcux.o
                                         0x7a (size before relaxing)
 .debug_str     0x00000000000c7a3e      0x4e4 Drivers/STM32L4xx_HAL_Driver/Src/stm32l4xx_hal.o
                                      0xc32e0 (size before relaxing)
 .debug_str     0x00000000000c7f22      0x389 Drivers/STM32L4xx_HAL_Driver/Src/stm32l4xx_hal_cortex.o
                                      0xc313d (size before relaxing)
 .debug_str     0x00000000000c82ab      0x253 Drivers/STM32L4xx_HAL_Driver/Src/stm32l4xx_hal_dma.o
                                      0xc2c57 (size before relaxing)
 .debug_str     0x00000000000c84fe      0x236 Drivers/STM32L4xx_HAL_Driver/Src/stm32l4xx_hal_gpio.o
                                      0xc2c7c (size before relaxing)
 .debug_str     0x00000000000c8734      0x2d9 Drivers/STM32L4xx_HAL_Driver/Src/stm32l4xx_hal_pwr.o
                                      0xc2cf8 (size before relaxing)
 .debug_str     0x00000000000c8a0d      0x3fc Drivers/STM32L4xx_HAL_Driver/Src/stm32l4xx_hal_pwr_ex.o
                                      0xc2ea5 (size before relaxing)
 .debug_str     0x00000000000c8e09      0x395 Drivers/STM32L4xx_HAL_Driver/Src/stm32l4xx_hal_rcc.o
                                      0xc2f7e (size before relaxing)
 .debug_str     0x00000000000c919e      0x527 Drivers/STM32L4xx_HAL_Driver/Src/stm32l4xx_hal_rcc_ex.o
                                      0xc31f6 (size before relaxing)
 .debug_str     0x00000000000c96c5      0xda2 Drivers/STM32L4xx_HAL_Driver/Src/stm32l4xx_hal_tim.o
                                      0xc3c80 (size before relaxing)
 .debug_str     0x00000000000ca467      0x540 Drivers/STM32L4xx_HAL_Driver/Src/stm32l4xx_hal_tim_ex.o
                                      0xc3552 (size before relaxing)
 .debug_str     0x00000000000ca9a7      0x890 Drivers/STM32L4xx_HAL_Driver/Src/stm32l4xx_hal_uart.o
                                      0xc3646 (size before relaxing)
 .debug_str     0x00000000000cb237      0x1dd Drivers/STM32L4xx_HAL_Driver/Src/stm32l4xx_hal_uart_ex.o
                                      0xc2e53 (size before relaxing)

.comment        0x0000000000000000       0x53
 .comment       0x0000000000000000       0x53 Core/Src/main.o
                                         0x54 (size before relaxing)
 .comment       0x0000000000000053       0x54 Core/Src/stm32l4xx_hal_msp.o
 .comment       0x0000000000000053       0x54 Core/Src/stm32l4xx_it.o
 .comment       0x0000000000000053       0x54 Core/Src/system_stm32l4xx.o
 .comment       0x0000000000000053       0x54 Drivers/STM32L4xx_HAL_Driver/Src/stm32l4xx_hal.o
 .comment       0x0000000000000053       0x54 Drivers/STM32L4xx_HAL_Driver/Src/stm32l4xx_hal_cortex.o
 .comment       0x0000000000000053       0x54 Drivers/STM32L4xx_HAL_Driver/Src/stm32l4xx_hal_dma.o
 .comment       0x0000000000000053       0x54 Drivers/STM32L4xx_HAL_Driver/Src/stm32l4xx_hal_gpio.o
 .comment       0x0000000000000053       0x54 Drivers/STM32L4xx_HAL_Driver/Src/stm32l4xx_hal_pwr.o
 .comment       0x0000000000000053       0x54 Drivers/STM32L4xx_HAL_Driver/Src/stm32l4xx_hal_pwr_ex.o
 .comment       0x0000000000000053       0x54 Drivers/STM32L4xx_HAL_Driver/Src/stm32l4xx_hal_rcc.o
 .comment       0x0000000000000053       0x54 Drivers/STM32L4xx_HAL_Driver/Src/stm32l4xx_hal_rcc_ex.o
 .comment       0x0000000000000053       0x54 Drivers/STM32L4xx_HAL_Driver/Src/stm32l4xx_hal_tim.o
 .comment       0x0000000000000053       0x54 Drivers/STM32L4xx_HAL_Driver/Src/stm32l4xx_hal_tim_ex.o
 .comment       0x0000000000000053       0x54 Drivers/STM32L4xx_HAL_Driver/Src/stm32l4xx_hal_uart.o
 .comment       0x0000000000000053       0x54 Drivers/STM32L4xx_HAL_Driver/Src/stm32l4xx_hal_uart_ex.o

.debug_frame    0x0000000000000000     0x4218
 .debug_frame   0x0000000000000000      0x1f8 Core/Src/main.o
 .debug_frame   0x00000000000001f8       0xf4 Core/Src/stm32l4xx_hal_msp.o
 .debug_frame   0x00000000000002ec      0x13c Core/Src/stm32l4xx_it.o
 .debug_frame   0x0000000000000428       0x58 Core/Src/system_stm32l4xx.o
 .debug_frame   0x0000000000000480      0x3dc Drivers/STM32L4xx_HAL_Driver/Src/stm32l4xx_hal.o
 .debug_frame   0x000000000000085c      0x498 Drivers/STM32L4xx_HAL_Driver/Src/stm32l4xx_hal_cortex.o
 .debug_frame   0x0000000000000cf4      0x204 Drivers/STM32L4xx_HAL_Driver/Src/stm32l4xx_hal_dma.o
 .debug_frame   0x0000000000000ef8      0x14c Drivers/STM32L4xx_HAL_Driver/Src/stm32l4xx_hal_gpio.o
 .debug_frame   0x0000000000001044      0x230 Drivers/STM32L4xx_HAL_Driver/Src/stm32l4xx_hal_pwr.o
 .debug_frame   0x0000000000001274      0x4a4 Drivers/STM32L4xx_HAL_Driver/Src/stm32l4xx_hal_pwr_ex.o
 .debug_frame   0x0000000000001718      0x1f4 Drivers/STM32L4xx_HAL_Driver/Src/stm32l4xx_hal_rcc.o
 .debug_frame   0x000000000000190c      0x3d0 Drivers/STM32L4xx_HAL_Driver/Src/stm32l4xx_hal_rcc_ex.o
 .debug_frame   0x0000000000001cdc     0x121c Drivers/STM32L4xx_HAL_Driver/Src/stm32l4xx_hal_tim.o
 .debug_frame   0x0000000000002ef8      0x6b0 Drivers/STM32L4xx_HAL_Driver/Src/stm32l4xx_hal_tim_ex.o
 .debug_frame   0x00000000000035a8      0x9e4 Drivers/STM32L4xx_HAL_Driver/Src/stm32l4xx_hal_uart.o
 .debug_frame   0x0000000000003f8c      0x1e0 Drivers/STM32L4xx_HAL_Driver/Src/stm32l4xx_hal_uart_ex.o
 .debug_frame   0x000000000000416c       0x2c c:/st/stm32cubeide_1.6.1/stm32cubeide/plugins/com.st.stm32cube.ide.mcu.externaltools.gnu-tools-for-stm32.9-2020-q2-update.win32_1.5.0.202011040924/tools/bin/../lib/gcc/arm-none-eabi/9.3.1/../../../../arm-none-eabi/lib/thumb/v7e-m+fp/hard\libc_nano.a(lib_a-init.o)
 .debug_frame   0x0000000000004198       0x20 c:/st/stm32cubeide_1.6.1/stm32cubeide/plugins/com.st.stm32cube.ide.mcu.externaltools.gnu-tools-for-stm32.9-2020-q2-update.win32_1.5.0.202011040924/tools/bin/../lib/gcc/arm-none-eabi/9.3.1/../../../../arm-none-eabi/lib/thumb/v7e-m+fp/hard\libc_nano.a(lib_a-memset.o)
 .debug_frame   0x00000000000041b8       0x2c c:/st/stm32cubeide_1.6.1/stm32cubeide/plugins/com.st.stm32cube.ide.mcu.externaltools.gnu-tools-for-stm32.9-2020-q2-update.win32_1.5.0.202011040924/tools/bin/../lib/gcc/arm-none-eabi/9.3.1/thumb/v7e-m+fp/hard\libgcc.a(_aeabi_uldivmod.o)
 .debug_frame   0x00000000000041e4       0x34 c:/st/stm32cubeide_1.6.1/stm32cubeide/plugins/com.st.stm32cube.ide.mcu.externaltools.gnu-tools-for-stm32.9-2020-q2-update.win32_1.5.0.202011040924/tools/bin/../lib/gcc/arm-none-eabi/9.3.1/thumb/v7e-m+fp/hard\libgcc.a(_udivmoddi4.o)
