lcd16x2_i2c.c:60:13:lcd16x2_i2c_sendCommand	32	static
lcd16x2_i2c.c:74:13:lcd16x2_i2c_sendData	32	static
lcd16x2_i2c.c:93:6:lcd16x2_i2c_init	16	static
lcd16x2_i2c.c:144:6:lcd16x2_i2c_setCursor	24	static
lcd16x2_i2c.c:163:6:lcd16x2_i2c_1stLine	8	static
lcd16x2_i2c.c:170:6:lcd16x2_i2c_2ndLine	8	static
lcd16x2_i2c.c:178:6:lcd16x2_i2c_TwoLines	8	static
lcd16x2_i2c.c:182:6:lcd16x2_i2c_OneLine	8	static
lcd16x2_i2c.c:190:6:lcd16x2_i2c_cursorShow	16	static
lcd16x2_i2c.c:205:6:lcd16x2_i2c_clear	8	static
lcd16x2_i2c.c:214:6:lcd16x2_i2c_display	16	static
lcd16x2_i2c.c:229:6:lcd16x2_i2c_shiftRight	24	static
lcd16x2_i2c.c:240:6:lcd16x2_i2c_shiftLeft	24	static
lcd16x2_i2c.c:251:6:lcd16x2_i2c_printf	48	static
