09:44:59 **** Incremental Build of configuration Debug for project bluetoothDemo ****
make -j8 all 
arm-none-eabi-size   bluetoothDemo.elf 
   text	   data	    bss	    dec	    hex	filename
  46408	    364	   4564	  51336	   c888	bluetoothDemo.elf
Finished building: default.size.stdout
 
09:46:57 **** Incremental Build of configuration Debug for project bluetoothDemo ****
make -j8 all 
arm-none-eabi-size   bluetoothDemo.elf 
   text	   data	    bss	    dec	    hex	filename
  46408	    364	   4564	  51336	   c888	bluetoothDemo.elf
Finished building: default.size.stdout
 
09:53:01 **** Incremental Build of configuration Debug for project bluetoothDemo ****
make -j8 all 
arm-none-eabi-size   bluetoothDemo.elf 
   text	   data	    bss	    dec	    hex	filename
  46408	    364	   4564	  51336	   c888	bluetoothDemo.elf
Finished building: default.size.stdout
 
09:53:48 **** Incremental Build of configuration Debug for project bluetoothDemo ****
make -j8 all 
arm-none-eabi-gcc "../BlueNRG_MS/App/app_bluenrg_ms.c" -mcpu=cortex-m4 -std=gnu11 -g3 -DDEBUG -DUSE_HAL_DRIVER -DSTM32L475xx -c -I../Core/Inc -I"C:/f2t2/MyWorkspace/targetMcu/bluetoothDemo/Drivers/BSP/B-L475E-IOT01A1" -I"C:/f2t2/MyWorkspace/targetMcu/bluetoothDemo/Drivers/BSP/Components/hts221" -I"C:/f2t2/MyWorkspace/targetMcu/bluetoothDemo/Drivers/BSP/Components/lps22hb" -I../Drivers/STM32L4xx_HAL_Driver/Inc -I../Drivers/STM32L4xx_HAL_Driver/Inc/Legacy -I../Drivers/CMSIS/Device/ST/STM32L4xx/Include -I../Drivers/CMSIS/Include -I../BlueNRG_MS/App -I../BlueNRG_MS/Target -I../Drivers/BSP/B-L475E-IOT01A1 -I../Middlewares/ST/BlueNRG-MS/utils -I../Middlewares/ST/BlueNRG-MS/includes -I../Middlewares/ST/BlueNRG-MS/hci/hci_tl_patterns/Basic -O0 -ffunction-sections -fdata-sections -Wall -fstack-usage -MMD -MP -MF"BlueNRG_MS/App/app_bluenrg_ms.d" -MT"BlueNRG_MS/App/app_bluenrg_ms.o" --specs=nano.specs -mfpu=fpv4-sp-d16 -mfloat-abi=hard -mthumb -o "BlueNRG_MS/App/app_bluenrg_ms.o"
arm-none-eabi-gcc -o "bluetoothDemo.elf" @"objects.list"   -mcpu=cortex-m4 -T"C:\f2t2\MyWorkspace\targetMcu\bluetoothDemo\STM32L475VGTX_FLASH.ld" --specs=nosys.specs -Wl,-Map="bluetoothDemo.map" -Wl,--gc-sections -static --specs=nano.specs -mfpu=fpv4-sp-d16 -mfloat-abi=hard -mthumb -Wl,--start-group -lc -lm -Wl,--end-group
Finished building target: bluetoothDemo.elf
 
arm-none-eabi-size   bluetoothDemo.elf 
arm-none-eabi-objdump -h -S  bluetoothDemo.elf  > "bluetoothDemo.list"
arm-none-eabi-objcopy  -O binary  bluetoothDemo.elf  "bluetoothDemo.bin"
   text	   data	    bss	    dec	    hex	filename
  46408	    364	   4564	  51336	   c888	bluetoothDemo.elf
Finished building: default.size.stdout
 
Finished building: bluetoothDemo.bin
 
Finished building: bluetoothDemo.list
 
09:55:44 **** Incremental Build of configuration Debug for project bluetoothDemo ****
make -j8 all 
arm-none-eabi-size   bluetoothDemo.elf 
   text	   data	    bss	    dec	    hex	filename
  46408	    364	   4564	  51336	   c888	bluetoothDemo.elf
Finished building: default.size.stdout
 
