main.c:87:5:main	16	static
main.c:149:6:SystemClock_Config	96	static
main.c:205:6:PeriphCommonClock_Config	144	static
main.c:232:13:MX_ADC1_Init	48	static
main.c:296:13:MX_DFSDM1_Init	8	static
main.c:334:13:MX_I2C2_Init	8	static
main.c:380:13:MX_QUADSPI_Init	8	static
main.c:413:13:MX_SPI3_Init	8	static
main.c:453:13:MX_USART1_UART_Init	8	static
main.c:488:13:MX_USART3_UART_Init	8	static
main.c:523:13:MX_USB_OTG_FS_PCD_Init	8	static
main.c:558:13:MX_GPIO_Init	48	static
main.c:728:6:Error_Handler	4	static,ignoring_inline_asm
